Archive member included to satisfy reference by file (symbol)

app/libapp.a(main.c.obj)      (--whole-archive)
zephyr/libzephyr.a(heap.c.obj)
                              (--whole-archive)
zephyr/libzephyr.a(cbprintf_packaged.c.obj)
                              (--whole-archive)
zephyr/libzephyr.a(printk.c.obj)
                              (--whole-archive)
zephyr/libzephyr.a(sem.c.obj)
                              (--whole-archive)
zephyr/libzephyr.a(thread_entry.c.obj)
                              (--whole-archive)
zephyr/libzephyr.a(cbprintf_complete.c.obj)
                              (--whole-archive)
zephyr/libzephyr.a(assert.c.obj)
                              (--whole-archive)
zephyr/libzephyr.a(dec.c.obj)
                              (--whole-archive)
zephyr/libzephyr.a(hex.c.obj)
                              (--whole-archive)
zephyr/libzephyr.a(rb.c.obj)  (--whole-archive)
zephyr/libzephyr.a(timeutil.c.obj)
                              (--whole-archive)
zephyr/libzephyr.a(bitarray.c.obj)
                              (--whole-archive)
zephyr/libzephyr.a(onoff.c.obj)
                              (--whole-archive)
zephyr/libzephyr.a(notify.c.obj)
                              (--whole-archive)
zephyr/libzephyr.a(configs.c.obj)
                              (--whole-archive)
zephyr/libzephyr.a(mem_attr.c.obj)
                              (--whole-archive)
zephyr/libzephyr.a(tracing_none.c.obj)
                              (--whole-archive)
zephyr/libzephyr.a(banner.c.obj)
                              (--whole-archive)
zephyr/libzephyr.a(flash_map_partition_manager.c.obj)
                              (--whole-archive)
zephyr/libzephyr.a(nrf_cc3xx_platform_abort_zephyr.c.obj)
                              (--whole-archive)
zephyr/libzephyr.a(nrf_cc3xx_platform_mutex_zephyr.c.obj)
                              (--whole-archive)
zephyr/arch/common/libarch__common.a(sw_isr_common.c.obj)
                              (--whole-archive)
zephyr/arch/arch/arm/core/libarch__arm__core.a(fatal.c.obj)
                              (--whole-archive)
zephyr/arch/arch/arm/core/libarch__arm__core.a(nmi.c.obj)
                              (--whole-archive)
zephyr/arch/arch/arm/core/libarch__arm__core.a(nmi_on_reset.S.obj)
                              (--whole-archive)
zephyr/arch/arch/arm/core/libarch__arm__core.a(tls.c.obj)
                              (--whole-archive)
zephyr/arch/arch/arm/core/cortex_m/libarch__arm__core__cortex_m.a(exc_exit.c.obj)
                              (--whole-archive)
zephyr/arch/arch/arm/core/cortex_m/libarch__arm__core__cortex_m.a(fault.c.obj)
                              (--whole-archive)
zephyr/arch/arch/arm/core/cortex_m/libarch__arm__core__cortex_m.a(fault_s.S.obj)
                              (--whole-archive)
zephyr/arch/arch/arm/core/cortex_m/libarch__arm__core__cortex_m.a(fpu.c.obj)
                              (--whole-archive)
zephyr/arch/arch/arm/core/cortex_m/libarch__arm__core__cortex_m.a(reset.S.obj)
                              (--whole-archive)
zephyr/arch/arch/arm/core/cortex_m/libarch__arm__core__cortex_m.a(scb.c.obj)
                              (--whole-archive)
zephyr/arch/arch/arm/core/cortex_m/libarch__arm__core__cortex_m.a(thread_abort.c.obj)
                              (--whole-archive)
zephyr/arch/arch/arm/core/cortex_m/libarch__arm__core__cortex_m.a(vector_table.S.obj)
                              (--whole-archive)
zephyr/arch/arch/arm/core/cortex_m/libarch__arm__core__cortex_m.a(swap_helper.S.obj)
                              (--whole-archive)
zephyr/arch/arch/arm/core/cortex_m/libarch__arm__core__cortex_m.a(irq_manage.c.obj)
                              (--whole-archive)
zephyr/arch/arch/arm/core/cortex_m/libarch__arm__core__cortex_m.a(prep_c.c.obj)
                              (--whole-archive)
zephyr/arch/arch/arm/core/cortex_m/libarch__arm__core__cortex_m.a(thread.c.obj)
                              (--whole-archive)
zephyr/arch/arch/arm/core/cortex_m/libarch__arm__core__cortex_m.a(cpu_idle.c.obj)
                              (--whole-archive)
zephyr/arch/arch/arm/core/cortex_m/libarch__arm__core__cortex_m.a(irq_init.c.obj)
                              (--whole-archive)
zephyr/arch/arch/arm/core/cortex_m/libarch__arm__core__cortex_m.a(isr_wrapper.c.obj)
                              (--whole-archive)
zephyr/arch/arch/arm/core/cortex_m/libarch__arm__core__cortex_m.a(__aeabi_read_tp.S.obj)
                              (--whole-archive)
zephyr/arch/arch/arm/core/mpu/libarch__arm__core__mpu.a(arm_core_mpu.c.obj)
                              (--whole-archive)
zephyr/arch/arch/arm/core/mpu/libarch__arm__core__mpu.a(arm_mpu.c.obj)
                              (--whole-archive)
zephyr/arch/arch/arm/core/mpu/libarch__arm__core__mpu.a(arm_mpu_regions.c.obj)
                              (--whole-archive)
zephyr/lib/libc/picolibc/liblib__libc__picolibc.a(assert.c.obj)
                              (--whole-archive)
[...]
Memory Configuration

Name             Origin             Length             Attributes
FLASH            0x0000000000000000 0x0000000000100000 xr
RAM              0x0000000020000000 0x0000000000040000 xw
IDT_LIST         0x00000000ffff7fff 0x0000000000008000 xw
*default*        0x0000000000000000 0xffffffffffffffff

Linker script and memory map

                0x0000000000004a3c                vfprintf = __l_vfprintf
                0x0000000000000000                vfscanf = __l_vfscanf
LOAD zephyr/CMakeFiles/zephyr_final.dir/misc/empty_file.c.obj
LOAD zephyr/CMakeFiles/zephyr_final.dir/isr_tables.c.obj
LOAD zephyr/CMakeFiles/offsets.dir/./arch/arm/core/offsets/offsets.c.obj
LOAD app/libapp.a
LOAD zephyr/libzephyr.a
LOAD zephyr/arch/common/libarch__common.a
LOAD zephyr/arch/arch/arm/core/libarch__arm__core.a
LOAD zephyr/arch/arch/arm/core/cortex_m/libarch__arm__core__cortex_m.a
LOAD zephyr/arch/arch/arm/core/mpu/libarch__arm__core__mpu.a
LOAD zephyr/lib/libc/picolibc/liblib__libc__picolibc.a
LOAD zephyr/lib/libc/common/liblib__libc__common.a
LOAD zephyr/soc/soc/nrf52840/libsoc__nordic.a
LOAD zephyr/drivers/auxdisplay/libdrivers__auxdisplay.a
LOAD zephyr/drivers/clock_control/libdrivers__clock_control.a
LOAD zephyr/drivers/console/libdrivers__console.a
LOAD zephyr/drivers/gpio/libdrivers__gpio.a
LOAD zephyr/drivers/i2c/libdrivers__i2c.a
LOAD zephyr/drivers/pinctrl/libdrivers__pinctrl.a
LOAD zephyr/drivers/serial/libdrivers__serial.a
LOAD zephyr/drivers/timer/libdrivers__timer.a
LOAD modules/nrf/drivers/hw_cc3xx/lib..__nrf__drivers__hw_cc3xx.a
LOAD modules/hal_nordic/nrfx/libmodules__hal_nordic__nrfx.a
LOAD modules/segger/libmodules__segger.a
LOAD zephyr/kernel/libkernel.a
LOAD zephyr/arch/common/libisr_tables.a
LOAD /home/adam/ncsII/ncs/main/nrfxlib/crypto/nrf_cc310_platform/lib/cortex-m4/soft-float/no-interrupts/libnrf_cc310_platform_0.9.19.a
LOAD /home/adam/ncs/toolchains/b77d8c1312/opt/zephyr-sdk/arm-zephyr-eabi/bin/../lib/gcc/../../picolibc/arm-zephyr-eabi/lib/thumb/v7e-m/nofp/libc.a
LOAD /home/adam/ncs/toolchains/b77d8c1312/opt/zephyr-sdk/arm-zephyr-eabi/bin/../lib/gcc/arm-zephyr-eabi/12.2.0/thumb/v7e-m/nofp/libgcc.a
                0x0000000000000020                _region_min_align = 0x20

.rel.plt        0x0000000000000000        0x0
 *(SORT_BY_ALIGNMENT(.rel.plt))
                [!provide]                        PROVIDE (__rel_iplt_start = .)
 *(SORT_BY_ALIGNMENT(.rel.iplt))
 .rel.iplt      0x0000000000000000        0x0 zephyr/CMakeFiles/zephyr_final.dir/isr_tables.c.obj
                [!provide]                        PROVIDE (__rel_iplt_end = .)

.rela.plt       0x0000000000000000        0x0
 *(SORT_BY_ALIGNMENT(.rela.plt))
                [!provide]                        PROVIDE (__rela_iplt_start = .)
 *(SORT_BY_ALIGNMENT(.rela.iplt))
                [!provide]                        PROVIDE (__rela_iplt_end = .)

.rel.dyn
 *(SORT_BY_ALIGNMENT(.rel.*))

.rela.dyn
 *(SORT_BY_ALIGNMENT(.rela.*))

/DISCARD/
 *(SORT_BY_ALIGNMENT(.plt))

/DISCARD/
 *(SORT_BY_ALIGNMENT(.iplt))
                0x0000000000000000                __rom_region_start = 0x0

rom_start       0x0000000000000000      0x100
                0x0000000000000000                __rom_start_address = .
 FILL mask 0x00
                0x0000000000000000                . = (. + (0x0 - (. - __rom_start_address)))
                0x0000000000000000                . = ALIGN (0x4)
                0x0000000000000000                . = ALIGN (0x80)
                0x0000000000000000                . = ALIGN (0x100)
                0x0000000000000000                _vector_start = .
 *(SORT_BY_ALIGNMENT(.exc_vector_table))
 *(SORT_BY_ALIGNMENT(.exc_vector_table.*))
 .exc_vector_table._vector_table_section
                0x0000000000000000       0x40 zephyr/arch/arch/arm/core/cortex_m/libarch__arm__core__cortex_m.a(vector_table.S.obj)
                0x0000000000000000                _vector_table
 *(SORT_BY_ALIGNMENT(.vectors))
                0x0000000000000100                _vector_end = .
                0x0000000000000040                . = ALIGN (0x4)
 *(SORT_BY_ALIGNMENT(.gnu.linkonce.irq_vector_table*))
 .gnu.linkonce.irq_vector_table
                0x0000000000000040       0xc0 zephyr/CMakeFiles/zephyr_final.dir/isr_tables.c.obj
                0x0000000000000040                _irq_vector_table
                0x0000000000000100                _vector_end = .

text            0x0000000000000100     0x5f60
                0x0000000000000100                __text_region_start = .
 *(SORT_BY_ALIGNMENT(.text))
 .text          0x0000000000000100       0x30 /home/adam/ncs/toolchains/b77d8c1312/opt/zephyr-sdk/arm-zephyr-eabi/bin/../lib/gcc/arm-zephyr-eabi/12.2.0/thumb/v7e-m/nofp/libgcc.a(_aeabi_uldivmod.o)
                0x0000000000000100                __aeabi_uldivmod
 .text          0x0000000000000130        0x4 /home/adam/ncs/toolchains/b77d8c1312/opt/zephyr-sdk/arm-zephyr-eabi/bin/../lib/gcc/arm-zephyr-eabi/12.2.0/thumb/v7e-m/nofp/libgcc.a(_dvmd_tls.o)
                0x0000000000000130                __aeabi_ldiv0
                0x0000000000000130                __aeabi_idiv0
 .text          0x0000000000000134       0x10 /home/adam/ncs/toolchains/b77d8c1312/opt/zephyr-sdk/arm-zephyr-eabi/bin/../lib/gcc/../../picolibc/arm-zephyr-eabi/lib/thumb/v7e-m/nofp/libc.a(strlen.S.o)
                0x0000000000000134                strlen
 .text          0x0000000000000144      0x2a0 /home/adam/ncs/toolchains/b77d8c1312/opt/zephyr-sdk/arm-zephyr-eabi/bin/../lib/gcc/arm-zephyr-eabi/12.2.0/thumb/v7e-m/nofp/libgcc.a(_udivmoddi4.o)
                0x0000000000000144                __udivmoddi4
 *(SORT_BY_ALIGNMENT(.text.*))
 .text.main     0x00000000000003e4       0x78 app/libapp.a(main.c.obj)
                0x00000000000003e4                main
 .text.char_out
                0x000000000000045c        0xc zephyr/libzephyr.a(printk.c.obj)
 .text.__printk_hook_install
                0x0000000000000468        0xc zephyr/libzephyr.a(printk.c.obj)
                0x0000000000000468                __printk_hook_install
 .text.vprintk  0x0000000000000474       0x30 zephyr/libzephyr.a(printk.c.obj)
                0x0000000000000474                vprintk
 .text.z_thread_entry
                0x00000000000004a4       0x34 zephyr/libzephyr.a(thread_entry.c.obj)
                0x00000000000004a4                z_thread_entry
 .text.process_event
                0x00000000000004d8      0x21c zephyr/libzephyr.a(onoff.c.obj)
 .text.mem_attr_get_regions
                0x00000000000006f4        0xc zephyr/libzephyr.a(mem_attr.c.obj)
                0x00000000000006f4                mem_attr_get_regions
 .text.boot_banner
                0x0000000000000700       0x1c zephyr/libzephyr.a(banner.c.obj)
                0x0000000000000700                boot_banner
 .text.nrf_cc3xx_platform_abort_init
                0x000000000000071c        0xc zephyr/libzephyr.a(nrf_cc3xx_platform_abort_zephyr.c.obj)
                0x000000000000071c                nrf_cc3xx_platform_abort_init
 .text.mutex_free_platform
                0x0000000000000728       0x54 zephyr/libzephyr.a(nrf_cc3xx_platform_mutex_zephyr.c.obj)
 .text.mutex_lock_platform
                0x000000000000077c       0x60 zephyr/libzephyr.a(nrf_cc3xx_platform_mutex_zephyr.c.obj)
 .text.mutex_unlock_platform
                0x00000000000007dc       0x58 zephyr/libzephyr.a(nrf_cc3xx_platform_mutex_zephyr.c.obj)
 .text.mutex_init_platform
                0x0000000000000834       0x94 zephyr/libzephyr.a(nrf_cc3xx_platform_mutex_zephyr.c.obj)
 .text.nrf_cc3xx_platform_mutex_init
                0x00000000000008c8       0x2c zephyr/libzephyr.a(nrf_cc3xx_platform_mutex_zephyr.c.obj)
                0x00000000000008c8                nrf_cc3xx_platform_mutex_init
 .text.z_SysNmiOnReset
                0x00000000000008f4        0x8 zephyr/arch/arch/arm/core/libarch__arm__core.a(nmi_on_reset.S.obj)
                0x00000000000008f4                z_SysNmiOnReset
 .text.arch_tls_stack_setup
                0x00000000000008fc       0x40 zephyr/arch/arch/arm/core/libarch__arm__core.a(tls.c.obj)
                0x00000000000008fc                arch_tls_stack_setup
 .text._HandlerModeExit
                0x000000000000093c       0x28 zephyr/arch/arch/arm/core/cortex_m/libarch__arm__core__cortex_m.a(exc_exit.c.obj)
                0x000000000000093c                z_arm_exc_exit
                0x000000000000093c                z_arm_int_exit
 .text.mem_manage_fault
                0x0000000000000964       0xa0 zephyr/arch/arch/arm/core/cortex_m/libarch__arm__core__cortex_m.a(fault.c.obj)
 .text.usage_fault.constprop.0
                0x0000000000000a04       0x54 zephyr/arch/arch/arm/core/cortex_m/libarch__arm__core__cortex_m.a(fault.c.obj)
 .text.bus_fault.constprop.0
                0x0000000000000a58       0x6c zephyr/arch/arch/arm/core/cortex_m/libarch__arm__core__cortex_m.a(fault.c.obj)
 .text.z_arm_fault
                0x0000000000000ac4      0x128 zephyr/arch/arch/arm/core/cortex_m/libarch__arm__core__cortex_m.a(fault.c.obj)
                0x0000000000000ac4                z_arm_fault
 .text.z_arm_fault_init
                0x0000000000000bec       0x18 zephyr/arch/arch/arm/core/cortex_m/libarch__arm__core__cortex_m.a(fault.c.obj)
                0x0000000000000bec                z_arm_fault_init
 .text.__fault  0x0000000000000c04       0x14 zephyr/arch/arch/arm/core/cortex_m/libarch__arm__core__cortex_m.a(fault_s.S.obj)
                0x0000000000000c04                z_arm_bus_fault
                0x0000000000000c04                z_arm_usage_fault
                0x0000000000000c04                z_arm_mpu_fault
                0x0000000000000c04                z_arm_exc_spurious
                0x0000000000000c04                z_arm_debug_monitor
                0x0000000000000c04                z_arm_hard_fault
 .text._reset_section
                0x0000000000000c18       0x54 zephyr/arch/arch/arm/core/cortex_m/libarch__arm__core__cortex_m.a(reset.S.obj)
                0x0000000000000c18                z_arm_reset
                0x0000000000000c18                __start
 .text.z_arm_clear_arm_mpu_config
                0x0000000000000c6c       0x24 zephyr/arch/arch/arm/core/cortex_m/libarch__arm__core__cortex_m.a(scb.c.obj)
                0x0000000000000c6c                z_arm_clear_arm_mpu_config
 .text.z_arm_init_arch_hw_at_boot
                0x0000000000000c90       0x64 zephyr/arch/arch/arm/core/cortex_m/libarch__arm__core__cortex_m.a(scb.c.obj)
                0x0000000000000c90                z_arm_init_arch_hw_at_boot
 .text.z_impl_k_thread_abort
                0x0000000000000cf4       0x2c zephyr/arch/arch/arm/core/cortex_m/libarch__arm__core__cortex_m.a(thread_abort.c.obj)
                0x0000000000000cf4                z_impl_k_thread_abort
 .text.z_arm_pendsv
                0x0000000000000d20       0x64 zephyr/arch/arch/arm/core/cortex_m/libarch__arm__core__cortex_m.a(swap_helper.S.obj)
                0x0000000000000d20                z_arm_pendsv
 .text.z_arm_svc
                0x0000000000000d84       0x24 zephyr/arch/arch/arm/core/cortex_m/libarch__arm__core__cortex_m.a(swap_helper.S.obj)
                0x0000000000000d84                z_arm_svc
 .text.arch_irq_enable
                0x0000000000000da8       0x1c zephyr/arch/arch/arm/core/cortex_m/libarch__arm__core__cortex_m.a(irq_manage.c.obj)
                0x0000000000000da8                arch_irq_enable
 .text.arch_irq_is_enabled
                0x0000000000000dc4       0x1c zephyr/arch/arch/arm/core/cortex_m/libarch__arm__core__cortex_m.a(irq_manage.c.obj)
                0x0000000000000dc4                arch_irq_is_enabled
 .text.z_arm_irq_priority_set
                0x0000000000000de0       0x30 zephyr/arch/arch/arm/core/cortex_m/libarch__arm__core__cortex_m.a(irq_manage.c.obj)
                0x0000000000000de0                z_arm_irq_priority_set
 .text.z_prep_c
                0x0000000000000e10       0x38 zephyr/arch/arch/arm/core/cortex_m/libarch__arm__core__cortex_m.a(prep_c.c.obj)
                0x0000000000000e10                z_prep_c
 .text.arch_new_thread
                0x0000000000000e48       0x38 zephyr/arch/arch/arm/core/cortex_m/libarch__arm__core__cortex_m.a(thread.c.obj)
                0x0000000000000e48                arch_new_thread
 .text.z_check_thread_stack_fail
                0x0000000000000e80       0x2c zephyr/arch/arch/arm/core/cortex_m/libarch__arm__core__cortex_m.a(thread.c.obj)
                0x0000000000000e80                z_check_thread_stack_fail
 .text.arch_switch_to_main_thread
                0x0000000000000eac       0x3c zephyr/arch/arch/arm/core/cortex_m/libarch__arm__core__cortex_m.a(thread.c.obj)
                0x0000000000000eac                arch_switch_to_main_thread
 .text.z_arm_cpu_idle_init
                0x0000000000000ee8        0xc zephyr/arch/arch/arm/core/cortex_m/libarch__arm__core__cortex_m.a(cpu_idle.c.obj)
                0x0000000000000ee8                z_arm_cpu_idle_init
 .text.z_arm_interrupt_init
                0x0000000000000ef4       0x18 zephyr/arch/arch/arm/core/cortex_m/libarch__arm__core__cortex_m.a(irq_init.c.obj)
                0x0000000000000ef4                z_arm_interrupt_init
 .text._isr_wrapper
                0x0000000000000f0c       0x24 zephyr/arch/arch/arm/core/cortex_m/libarch__arm__core__cortex_m.a(isr_wrapper.c.obj)
                0x0000000000000f0c                _isr_wrapper
 .text.z_arm_configure_static_mpu_regions
                0x0000000000000f30       0x18 zephyr/arch/arch/arm/core/mpu/libarch__arm__core__mpu.a(arm_core_mpu.c.obj)
                0x0000000000000f30                z_arm_configure_static_mpu_regions
 .text.z_arm_configure_dynamic_mpu_regions
                0x0000000000000f48       0x20 zephyr/arch/arch/arm/core/mpu/libarch__arm__core__mpu.a(arm_core_mpu.c.obj)
                0x0000000000000f48                z_arm_configure_dynamic_mpu_regions
 .text.region_init
                0x0000000000000f68       0x28 zephyr/arch/arch/arm/core/mpu/libarch__arm__core__mpu.a(arm_mpu.c.obj)
 .text.mpu_configure_regions
                0x0000000000000f90       0x6c zephyr/arch/arch/arm/core/mpu/libarch__arm__core__mpu.a(arm_mpu.c.obj)
 .text.arm_core_mpu_enable
                0x0000000000000ffc       0x18 zephyr/arch/arch/arm/core/mpu/libarch__arm__core__mpu.a(arm_mpu.c.obj)
                0x0000000000000ffc                arm_core_mpu_enable
 .text.arm_core_mpu_disable
                0x0000000000001014       0x14 zephyr/arch/arch/arm/core/mpu/libarch__arm__core__mpu.a(arm_mpu.c.obj)
                0x0000000000001014                arm_core_mpu_disable
 .text.arm_core_mpu_configure_static_mpu_regions
                0x0000000000001028       0x14 zephyr/arch/arch/arm/core/mpu/libarch__arm__core__mpu.a(arm_mpu.c.obj)
                0x0000000000001028                arm_core_mpu_configure_static_mpu_regions
 .text.arm_core_mpu_configure_dynamic_mpu_regions
                0x000000000000103c       0x38 zephyr/arch/arch/arm/core/mpu/libarch__arm__core__mpu.a(arm_mpu.c.obj)
                0x000000000000103c                arm_core_mpu_configure_dynamic_mpu_regions
 .text.z_arm_mpu_init
                0x0000000000001074      0x168 zephyr/arch/arch/arm/core/mpu/libarch__arm__core__mpu.a(arm_mpu.c.obj)
                0x0000000000001074                z_arm_mpu_init
 .text.z_impl_zephyr_fputc
                0x00000000000011dc       0x10 zephyr/lib/libc/picolibc/liblib__libc__picolibc.a(stdio.c.obj)
                0x00000000000011dc                z_impl_zephyr_fputc
 .text.__stdout_hook_install
                0x00000000000011ec       0x18 zephyr/lib/libc/picolibc/liblib__libc__picolibc.a(stdio.c.obj)
                0x00000000000011ec                __stdout_hook_install
 .text.malloc_prepare
                0x0000000000001204       0x24 zephyr/lib/libc/common/liblib__libc__common.a(malloc.c.obj)
 .text.nordicsemi_nrf52_init
                0x0000000000001228       0x44 zephyr/soc/soc/nrf52840/libsoc__nordic.a(soc.c.obj)
 .text.arch_busy_wait
                0x000000000000126c       0x14 zephyr/soc/soc/nrf52840/libsoc__nordic.a(soc.c.obj)
                0x000000000000126c                arch_busy_wait
 .text.auxdisplay_serlcd_cursor_position_set
                0x0000000000001280       0x94 zephyr/drivers/auxdisplay/libdrivers__auxdisplay.a(auxdisplay_serlcd.c.obj)
 .text.auxdisplay_quadalpha_write
                0x0000000000001314      0x138 zephyr/drivers/auxdisplay/libdrivers__auxdisplay.a(auxdisplay_quadalpha.c.obj)
 .text.auxdisplay_quadalpha_clear
                0x000000000000144c        0xc zephyr/drivers/auxdisplay/libdrivers__auxdisplay.a(auxdisplay_quadalpha.c.obj)
 .text.onoff_stop
                0x0000000000001458       0x30 zephyr/drivers/clock_control/libdrivers__clock_control.a(clock_control_nrf.c.obj)
 .text.onoff_start
                0x0000000000001488       0x44 zephyr/drivers/clock_control/libdrivers__clock_control.a(clock_control_nrf.c.obj)
 .text.generic_hfclk_stop
                0x00000000000014cc       0x34 zephyr/drivers/clock_control/libdrivers__clock_control.a(clock_control_nrf.c.obj)
 .text.clk_init
                0x0000000000001500       0x58 zephyr/drivers/clock_control/libdrivers__clock_control.a(clock_control_nrf.c.obj)
 .text.api_blocking_start
                0x0000000000001558       0x34 zephyr/drivers/clock_control/libdrivers__clock_control.a(clock_control_nrf.c.obj)
 .text.clkstarted_handle.constprop.0
                0x000000000000158c       0x4c zephyr/drivers/clock_control/libdrivers__clock_control.a(clock_control_nrf.c.obj)
 .text.generic_hfclk_start
                0x00000000000015d8       0x78 zephyr/drivers/clock_control/libdrivers__clock_control.a(clock_control_nrf.c.obj)
 .text.clock_event_handler
                0x0000000000001650       0x1c zephyr/drivers/clock_control/libdrivers__clock_control.a(clock_control_nrf.c.obj)
 .text.z_nrf_clock_control_lf_on
                0x000000000000166c       0xfc zephyr/drivers/clock_control/libdrivers__clock_control.a(clock_control_nrf.c.obj)
                0x000000000000166c                z_nrf_clock_control_lf_on
 .text.uart_console_init
                0x0000000000001768       0x28 zephyr/drivers/console/libdrivers__console.a(uart_console.c.obj)
 .text.console_out
                0x0000000000001790       0x28 zephyr/drivers/console/libdrivers__console.a(uart_console.c.obj)
 .text.gpio_nrfx_pin_interrupt_configure
                0x00000000000017b8      0x100 zephyr/drivers/gpio/libdrivers__gpio.a(gpio_nrfx.c.obj)
 .text.gpio_nrfx_init
                0x00000000000018b8       0x48 zephyr/drivers/gpio/libdrivers__gpio.a(gpio_nrfx.c.obj)
 .text.nrfx_gpio_handler
                0x0000000000001900       0x4c zephyr/drivers/gpio/libdrivers__gpio.a(gpio_nrfx.c.obj)
 .text.gpio_nrfx_pin_configure
                0x000000000000194c      0x18c zephyr/drivers/gpio/libdrivers__gpio.a(gpio_nrfx.c.obj)
 .text.event_handler
                0x0000000000001ad8       0x38 zephyr/drivers/i2c/libdrivers__i2c.a(i2c_nrfx_twi.c.obj)
 .text.i2c_nrfx_twi_transfer
                0x0000000000001b10       0xc0 zephyr/drivers/i2c/libdrivers__i2c.a(i2c_nrfx_twi.c.obj)
 .text.i2c_nrfx_twi_init
                0x0000000000001bd0       0x24 zephyr/drivers/i2c/libdrivers__i2c.a(i2c_nrfx_twi_common.c.obj)
                0x0000000000001bd0                i2c_nrfx_twi_init
 .text.i2c_nrfx_twi_recover_bus
                0x0000000000001bf4       0x24 zephyr/drivers/i2c/libdrivers__i2c.a(i2c_nrfx_twi_common.c.obj)
                0x0000000000001bf4                i2c_nrfx_twi_recover_bus
 .text.i2c_nrfx_twi_msg_transfer
                0x0000000000001c18       0x7c zephyr/drivers/i2c/libdrivers__i2c.a(i2c_nrfx_twi_common.c.obj)
                0x0000000000001c18                i2c_nrfx_twi_msg_transfer
 .text.nrf_gpio_pin_port_decode
                0x0000000000001c94       0x20 zephyr/drivers/pinctrl/libdrivers__pinctrl.a(pinctrl_nrf.c.obj)
 .text.pinctrl_configure_pins
                0x0000000000001cb4      0x1a4 zephyr/drivers/pinctrl/libdrivers__pinctrl.a(pinctrl_nrf.c.obj)
                0x0000000000001cb4                pinctrl_configure_pins
 .text.uarte_nrfx_poll_out
                0x0000000000001e58       0xb4 zephyr/drivers/serial/libdrivers__serial.a(uart_nrfx_uarte.c.obj)
 .text.uarte_0_init
                0x0000000000001f0c      0x108 zephyr/drivers/serial/libdrivers__serial.a(uart_nrfx_uarte.c.obj)
 .text.compare_int_lock
                0x0000000000002014       0x48 zephyr/drivers/timer/libdrivers__timer.a(nrf_rtc_timer.c.obj)
 .text.sys_clock_timeout_handler
                0x000000000000205c       0x48 zephyr/drivers/timer/libdrivers__timer.a(nrf_rtc_timer.c.obj)
 .text.compare_int_unlock
                0x00000000000020a4       0x5c zephyr/drivers/timer/libdrivers__timer.a(nrf_rtc_timer.c.obj)
 .text.z_nrf_rtc_timer_read
                0x0000000000002100       0x44 zephyr/drivers/timer/libdrivers__timer.a(nrf_rtc_timer.c.obj)
                0x0000000000002100                z_nrf_rtc_timer_read
 .text.compare_set
                0x0000000000002144      0x130 zephyr/drivers/timer/libdrivers__timer.a(nrf_rtc_timer.c.obj)
 .text.sys_clock_driver_init
                0x0000000000002274       0x90 zephyr/drivers/timer/libdrivers__timer.a(nrf_rtc_timer.c.obj)
 .text.rtc_nrf_isr
                0x0000000000002304       0xd4 zephyr/drivers/timer/libdrivers__timer.a(nrf_rtc_timer.c.obj)
                0x0000000000002304                rtc_nrf_isr
 .text.sys_clock_set_timeout
                0x00000000000023d8       0x5c zephyr/drivers/timer/libdrivers__timer.a(nrf_rtc_timer.c.obj)
                0x00000000000023d8                sys_clock_set_timeout
 .text.sys_clock_elapsed
                0x0000000000002434       0x14 zephyr/drivers/timer/libdrivers__timer.a(nrf_rtc_timer.c.obj)
                0x0000000000002434                sys_clock_elapsed
 .text.nrf52_errata_98
                0x0000000000002448       0x24 modules/hal_nordic/nrfx/libmodules__hal_nordic__nrfx.a(system_nrf52840.c.obj)
 .text.nvmc_wait
                0x000000000000246c       0x10 modules/hal_nordic/nrfx/libmodules__hal_nordic__nrfx.a(system_nrf52840.c.obj)
                0x000000000000246c                nvmc_wait
 .text.SystemInit
                0x000000000000247c      0x1bc modules/hal_nordic/nrfx/libmodules__hal_nordic__nrfx.a(system_nrf52840.c.obj)
                0x000000000000247c                SystemInit
 .text.nrfx_flag32_alloc
                0x0000000000002638       0x48 modules/hal_nordic/nrfx/libmodules__hal_nordic__nrfx.a(nrfx_flag32_allocator.c.obj)
                0x0000000000002638                nrfx_flag32_alloc
 .text.nrfx_flag32_free
                0x0000000000002680       0x40 modules/hal_nordic/nrfx/libmodules__hal_nordic__nrfx.a(nrfx_flag32_allocator.c.obj)
                0x0000000000002680                nrfx_flag32_free
 .text.nrfx_gppi_channels_enable
                0x00000000000026c0        0xc modules/hal_nordic/nrfx/libmodules__hal_nordic__nrfx.a(nrfx_gppi_ppi.c.obj)
                0x00000000000026c0                nrfx_gppi_channels_enable
 .text.clock_stop
                0x00000000000026cc       0xc4 modules/hal_nordic/nrfx/libmodules__hal_nordic__nrfx.a(nrfx_clock.c.obj)
 .text.nrfx_clock_init
                0x0000000000002790       0x20 modules/hal_nordic/nrfx/libmodules__hal_nordic__nrfx.a(nrfx_clock.c.obj)
                0x0000000000002790                nrfx_clock_init
 .text.nrfx_clock_enable
                0x00000000000027b0       0x24 modules/hal_nordic/nrfx/libmodules__hal_nordic__nrfx.a(nrfx_clock.c.obj)
                0x00000000000027b0                nrfx_clock_enable
 .text.nrfx_clock_start
                0x00000000000027d4       0xa8 modules/hal_nordic/nrfx/libmodules__hal_nordic__nrfx.a(nrfx_clock.c.obj)
                0x00000000000027d4                nrfx_clock_start
 .text.nrfx_power_clock_irq_handler
                0x000000000000287c       0x68 modules/hal_nordic/nrfx/libmodules__hal_nordic__nrfx.a(nrfx_clock.c.obj)
                0x000000000000287c                nrfx_power_clock_irq_handler
 .text.nrf_gpio_pin_port_decode
                0x00000000000028e4       0x20 modules/hal_nordic/nrfx/libmodules__hal_nordic__nrfx.a(nrfx_gpiote.c.obj)
 .text.get_pin_idx
                0x0000000000002904       0x14 modules/hal_nordic/nrfx/libmodules__hal_nordic__nrfx.a(nrfx_gpiote.c.obj)
 .text.call_handler.constprop.0
                0x0000000000002918       0x40 modules/hal_nordic/nrfx/libmodules__hal_nordic__nrfx.a(nrfx_gpiote.c.obj)
 .text.pin_te_get.constprop.0
                0x0000000000002958       0x18 modules/hal_nordic/nrfx/libmodules__hal_nordic__nrfx.a(nrfx_gpiote.c.obj)
 .text.pin_is_output.constprop.0
                0x0000000000002970       0x18 modules/hal_nordic/nrfx/libmodules__hal_nordic__nrfx.a(nrfx_gpiote.c.obj)
 .text.pin_in_use_by_te.constprop.0
                0x0000000000002988       0x18 modules/hal_nordic/nrfx/libmodules__hal_nordic__nrfx.a(nrfx_gpiote.c.obj)
 .text.latch_pending_read_and_check
                0x00000000000029a0       0x40 modules/hal_nordic/nrfx/libmodules__hal_nordic__nrfx.a(nrfx_gpiote.c.obj)
 .text.release_handler.isra.0
                0x00000000000029e0       0x58 modules/hal_nordic/nrfx/libmodules__hal_nordic__nrfx.a(nrfx_gpiote.c.obj)
 .text.__nrfy_internal_gpiote_events_process.constprop.0
                0x0000000000002a38       0x5c modules/hal_nordic/nrfx/libmodules__hal_nordic__nrfx.a(nrfx_gpiote.c.obj)
 .text.pin_uninit
                0x0000000000002a94       0x80 modules/hal_nordic/nrfx/libmodules__hal_nordic__nrfx.a(nrfx_gpiote.c.obj)
 .text.nrfx_gpiote_input_configure
                0x0000000000002b14      0x174 modules/hal_nordic/nrfx/libmodules__hal_nordic__nrfx.a(nrfx_gpiote.c.obj)
                0x0000000000002b14                nrfx_gpiote_input_configure
 .text.nrfx_gpiote_output_configure
                0x0000000000002c88       0xfc modules/hal_nordic/nrfx/libmodules__hal_nordic__nrfx.a(nrfx_gpiote.c.obj)
                0x0000000000002c88                nrfx_gpiote_output_configure
 .text.nrfx_gpiote_global_callback_set
                0x0000000000002d84        0xc modules/hal_nordic/nrfx/libmodules__hal_nordic__nrfx.a(nrfx_gpiote.c.obj)
                0x0000000000002d84                nrfx_gpiote_global_callback_set
 .text.nrfx_gpiote_channel_get
                0x0000000000002d90       0x34 modules/hal_nordic/nrfx/libmodules__hal_nordic__nrfx.a(nrfx_gpiote.c.obj)
                0x0000000000002d90                nrfx_gpiote_channel_get
 .text.nrfx_gpiote_init
                0x0000000000002dc4       0x68 modules/hal_nordic/nrfx/libmodules__hal_nordic__nrfx.a(nrfx_gpiote.c.obj)
                0x0000000000002dc4                nrfx_gpiote_init
 .text.nrfx_gpiote_init_check
                0x0000000000002e2c       0x14 modules/hal_nordic/nrfx/libmodules__hal_nordic__nrfx.a(nrfx_gpiote.c.obj)
                0x0000000000002e2c                nrfx_gpiote_init_check
 .text.nrfx_gpiote_channel_free
                0x0000000000002e40        0xc modules/hal_nordic/nrfx/libmodules__hal_nordic__nrfx.a(nrfx_gpiote.c.obj)
                0x0000000000002e40                nrfx_gpiote_channel_free
 .text.nrfx_gpiote_channel_alloc
                0x0000000000002e4c        0xc modules/hal_nordic/nrfx/libmodules__hal_nordic__nrfx.a(nrfx_gpiote.c.obj)
                0x0000000000002e4c                nrfx_gpiote_channel_alloc
 .text.nrfx_gpiote_trigger_enable
                0x0000000000002e58       0xb0 modules/hal_nordic/nrfx/libmodules__hal_nordic__nrfx.a(nrfx_gpiote.c.obj)
                0x0000000000002e58                nrfx_gpiote_trigger_enable
 .text.nrfx_gpiote_0_irq_handler
                0x0000000000002f08      0x1bc modules/hal_nordic/nrfx/libmodules__hal_nordic__nrfx.a(nrfx_gpiote.c.obj)
                0x0000000000002f08                nrfx_gpiote_0_irq_handler
 .text.nrfx_ppi_channel_alloc
                0x00000000000030c4        0xc modules/hal_nordic/nrfx/libmodules__hal_nordic__nrfx.a(nrfx_ppi.c.obj)
                0x00000000000030c4                nrfx_ppi_channel_alloc
 .text.nrf_gpio_cfg.constprop.0
                0x00000000000030d0       0x48 modules/hal_nordic/nrfx/libmodules__hal_nordic__nrfx.a(nrfx_twi.c.obj)
 .text.twi_configure
                0x0000000000003118       0x3c modules/hal_nordic/nrfx/libmodules__hal_nordic__nrfx.a(nrfx_twi.c.obj)
 .text.twi_tx_start_transfer
                0x0000000000003154      0x104 modules/hal_nordic/nrfx/libmodules__hal_nordic__nrfx.a(nrfx_twi.c.obj)
 .text.twi_rx_start_transfer
                0x0000000000003258       0xe4 modules/hal_nordic/nrfx/libmodules__hal_nordic__nrfx.a(nrfx_twi.c.obj)
 .text.nrfx_twi_init
                0x000000000000333c       0x88 modules/hal_nordic/nrfx/libmodules__hal_nordic__nrfx.a(nrfx_twi.c.obj)
                0x000000000000333c                nrfx_twi_init
 .text.nrfx_twi_enable
                0x00000000000033c4       0x20 modules/hal_nordic/nrfx/libmodules__hal_nordic__nrfx.a(nrfx_twi.c.obj)
                0x00000000000033c4                nrfx_twi_enable
 .text.nrfx_twi_disable
                0x00000000000033e4       0x38 modules/hal_nordic/nrfx/libmodules__hal_nordic__nrfx.a(nrfx_twi.c.obj)
                0x00000000000033e4                nrfx_twi_disable
 .text.nrfx_twi_xfer
                0x000000000000341c       0xdc modules/hal_nordic/nrfx/libmodules__hal_nordic__nrfx.a(nrfx_twi.c.obj)
                0x000000000000341c                nrfx_twi_xfer
 .text.nrfx_twi_0_irq_handler
                0x00000000000034f8       0x10 modules/hal_nordic/nrfx/libmodules__hal_nordic__nrfx.a(nrfx_twi.c.obj)
                0x00000000000034f8                nrfx_twi_0_irq_handler
 .text.nrfx_twi_1_irq_handler
                0x0000000000003508       0x10 modules/hal_nordic/nrfx/libmodules__hal_nordic__nrfx.a(nrfx_twi.c.obj)
                0x0000000000003508                nrfx_twi_1_irq_handler
 .text.nrf_gpio_pin_port_decode
                0x0000000000003518       0x20 modules/hal_nordic/nrfx/libmodules__hal_nordic__nrfx.a(nrfx_twi_twim.c.obj)
 .text.nrfx_twi_twim_bus_recover
                0x0000000000003538       0xdc modules/hal_nordic/nrfx/libmodules__hal_nordic__nrfx.a(nrfx_twi_twim.c.obj)
                0x0000000000003538                nrfx_twi_twim_bus_recover
 .text._DoInit  0x0000000000003614       0x68 modules/segger/libmodules__segger.a(SEGGER_RTT.c.obj)
 .text.SEGGER_RTT_Init
                0x000000000000367c       0x3c modules/segger/libmodules__segger.a(SEGGER_RTT.c.obj)
                0x000000000000367c                SEGGER_RTT_Init
 .text.z_fatal_error
                0x00000000000036b8       0x30 zephyr/kernel/libkernel.a(fatal.c.obj)
                0x00000000000036b8                z_fatal_error
 .text.z_sys_init_run_level
                0x00000000000036e8       0x2c zephyr/kernel/libkernel.a(init.c.obj)
 .text.bg_thread_main
                0x0000000000003714       0xc4 zephyr/kernel/libkernel.a(init.c.obj)
 .text.z_bss_zero
                0x00000000000037d8       0x18 zephyr/kernel/libkernel.a(init.c.obj)
                0x00000000000037d8                z_bss_zero
 .text.z_init_cpu
                0x00000000000037f0       0x70 zephyr/kernel/libkernel.a(init.c.obj)
                0x00000000000037f0                z_init_cpu
 .text.z_cstart
                0x0000000000003860       0xdc zephyr/kernel/libkernel.a(init.c.obj)
                0x0000000000003860                z_cstart
 .text.init_mem_slab_obj_core_list
                0x000000000000393c       0x24 zephyr/kernel/libkernel.a(mem_slab.c.obj)
 .text.k_mem_slab_alloc
                0x0000000000003960       0x5c zephyr/kernel/libkernel.a(mem_slab.c.obj)
                0x0000000000003960                k_mem_slab_alloc
 .text.z_impl_k_mutex_lock
                0x00000000000039bc       0xf0 zephyr/kernel/libkernel.a(mutex.c.obj)
                0x00000000000039bc                z_impl_k_mutex_lock
 .text.z_impl_k_mutex_unlock
                0x0000000000003aac       0xa0 zephyr/kernel/libkernel.a(mutex.c.obj)
                0x0000000000003aac                z_impl_k_mutex_unlock
 .text.z_impl_k_sem_give
                0x0000000000003b4c       0x68 zephyr/kernel/libkernel.a(sem.c.obj)
                0x0000000000003b4c                z_impl_k_sem_give
 .text.z_impl_k_sem_take
                0x0000000000003bb4       0x4c zephyr/kernel/libkernel.a(sem.c.obj)
                0x0000000000003bb4                z_impl_k_sem_take
 .text.z_setup_new_thread
                0x0000000000003c00       0x98 zephyr/kernel/libkernel.a(thread.c.obj)
                0x0000000000003c00                z_setup_new_thread
 .text.z_swap_irqlock
                0x0000000000003c98       0x30 zephyr/kernel/libkernel.a(sched.c.obj)
 .text.ready_thread
                0x0000000000003cc8       0x90 zephyr/kernel/libkernel.a(sched.c.obj)
 .text.unready_thread
                0x0000000000003d58       0x54 zephyr/kernel/libkernel.a(sched.c.obj)
 .text.move_thread_to_end_of_prio_q
                0x0000000000003dac       0x90 zephyr/kernel/libkernel.a(sched.c.obj)
                0x0000000000003dac                move_thread_to_end_of_prio_q
 .text.z_pend_curr
                0x0000000000003e3c       0x58 zephyr/kernel/libkernel.a(sched.c.obj)
                0x0000000000003e3c                z_pend_curr
 .text.z_thread_prio_set
                0x0000000000003e94       0x9c zephyr/kernel/libkernel.a(sched.c.obj)
                0x0000000000003e94                z_thread_prio_set
 .text.z_reschedule
                0x0000000000003f30       0x24 zephyr/kernel/libkernel.a(sched.c.obj)
                0x0000000000003f30                z_reschedule
 .text.z_reschedule_irqlock
                0x0000000000003f54       0x28 zephyr/kernel/libkernel.a(sched.c.obj)
                0x0000000000003f54                z_reschedule_irqlock
 .text.k_sched_lock
                0x0000000000003f7c       0x28 zephyr/kernel/libkernel.a(sched.c.obj)
                0x0000000000003f7c                k_sched_lock
 .text.k_sched_unlock
                0x0000000000003fa4       0x68 zephyr/kernel/libkernel.a(sched.c.obj)
                0x0000000000003fa4                k_sched_unlock
 .text.z_sched_init
                0x000000000000400c       0x10 zephyr/kernel/libkernel.a(sched.c.obj)
                0x000000000000400c                z_sched_init
 .text.z_impl_k_yield
                0x000000000000401c       0x88 zephyr/kernel/libkernel.a(sched.c.obj)
                0x000000000000401c                z_impl_k_yield
 .text.z_tick_sleep
                0x00000000000040a4       0x80 zephyr/kernel/libkernel.a(sched.c.obj)
 .text.z_impl_k_wakeup
                0x0000000000004124       0x4c zephyr/kernel/libkernel.a(sched.c.obj)
                0x0000000000004124                z_impl_k_wakeup
 .text.z_impl_k_sched_current_thread_query
                0x0000000000004170        0xc zephyr/kernel/libkernel.a(sched.c.obj)
                0x0000000000004170                z_impl_k_sched_current_thread_query
 .text.z_thread_abort
                0x000000000000417c      0x110 zephyr/kernel/libkernel.a(sched.c.obj)
                0x000000000000417c                z_thread_abort
 .text.slice_timeout
                0x000000000000428c       0x20 zephyr/kernel/libkernel.a(timeslicing.c.obj)
 .text.thread_is_sliceable
                0x00000000000042ac       0x3c zephyr/kernel/libkernel.a(timeslicing.c.obj)
                0x00000000000042ac                thread_is_sliceable
 .text.z_reset_time_slice
                0x00000000000042e8       0x50 zephyr/kernel/libkernel.a(timeslicing.c.obj)
                0x00000000000042e8                z_reset_time_slice
 .text.z_time_slice
                0x0000000000004338       0x60 zephyr/kernel/libkernel.a(timeslicing.c.obj)
                0x0000000000004338                z_time_slice
 .text.z_data_copy
                0x0000000000004398       0x38 zephyr/kernel/libkernel.a(xip.c.obj)
                0x0000000000004398                z_data_copy
 .text.first    0x00000000000043d0       0x10 zephyr/kernel/libkernel.a(timeout.c.obj)
 .text.elapsed  0x00000000000043e0       0x14 zephyr/kernel/libkernel.a(timeout.c.obj)
 .text.remove_timeout
                0x00000000000043f4       0x38 zephyr/kernel/libkernel.a(timeout.c.obj)
 .text.z_add_timeout
                0x000000000000442c       0xec zephyr/kernel/libkernel.a(timeout.c.obj)
                0x000000000000442c                z_add_timeout
 .text.sys_clock_announce
                0x0000000000004518       0xbc zephyr/kernel/libkernel.a(timeout.c.obj)
                0x0000000000004518                sys_clock_announce
 .text.sys_clock_tick_get
                0x00000000000045d4       0x30 zephyr/kernel/libkernel.a(timeout.c.obj)
                0x00000000000045d4                sys_clock_tick_get
 .text.nrf_cc3xx_platform_init_no_rng
                0x0000000000004604       0x38 /home/adam/ncsII/ncs/main/nrfxlib/crypto/nrf_cc310_platform/lib/cortex-m4/soft-float/no-interrupts/libnrf_cc310_platform_0.9.19.a(nrf_cc3xx_platform.c.obj)
                0x0000000000004604                nrf_cc3xx_platform_init_no_rng
 .text.nrf_cc3xx_platform_abort
                0x000000000000463c       0x24 /home/adam/ncsII/ncs/main/nrfxlib/crypto/nrf_cc310_platform/lib/cortex-m4/soft-float/no-interrupts/libnrf_cc310_platform_0.9.19.a(nrf_cc3xx_platform_abort.c.obj)
 .text.CC_PalAbort
                0x0000000000004660       0x34 /home/adam/ncsII/ncs/main/nrfxlib/crypto/nrf_cc310_platform/lib/cortex-m4/soft-float/no-interrupts/libnrf_cc310_platform_0.9.19.a(nrf_cc3xx_platform_abort.c.obj)
                0x0000000000004660                CC_PalAbort
 .text.nrf_cc3xx_platform_set_abort
                0x0000000000004694       0x10 /home/adam/ncsII/ncs/main/nrfxlib/crypto/nrf_cc310_platform/lib/cortex-m4/soft-float/no-interrupts/libnrf_cc310_platform_0.9.19.a(nrf_cc3xx_platform_abort.c.obj)
                0x0000000000004694                nrf_cc3xx_platform_set_abort
 .text.mutex_free
                0x00000000000046a4       0x34 /home/adam/ncsII/ncs/main/nrfxlib/crypto/nrf_cc310_platform/lib/cortex-m4/soft-float/no-interrupts/libnrf_cc310_platform_0.9.19.a(nrf_cc3xx_platform_mutex.c.obj)
 .text.mutex_lock
                0x00000000000046d8       0x48 /home/adam/ncsII/ncs/main/nrfxlib/crypto/nrf_cc310_platform/lib/cortex-m4/soft-float/no-interrupts/libnrf_cc310_platform_0.9.19.a(nrf_cc3xx_platform_mutex.c.obj)
 .text.mutex_unlock
                0x0000000000004720       0x38 /home/adam/ncsII/ncs/main/nrfxlib/crypto/nrf_cc310_platform/lib/cortex-m4/soft-float/no-interrupts/libnrf_cc310_platform_0.9.19.a(nrf_cc3xx_platform_mutex.c.obj)
 .text.mutex_init
                0x0000000000004758       0x20 /home/adam/ncsII/ncs/main/nrfxlib/crypto/nrf_cc310_platform/lib/cortex-m4/soft-float/no-interrupts/libnrf_cc310_platform_0.9.19.a(nrf_cc3xx_platform_mutex.c.obj)
 .text.nrf_cc3xx_platform_set_mutexes
                0x0000000000004778       0x74 /home/adam/ncsII/ncs/main/nrfxlib/crypto/nrf_cc310_platform/lib/cortex-m4/soft-float/no-interrupts/libnrf_cc310_platform_0.9.19.a(nrf_cc3xx_platform_mutex.c.obj)
                0x0000000000004778                nrf_cc3xx_platform_set_mutexes
 .text.CC_LibInitNoRng
                0x00000000000047ec       0x64 /home/adam/ncsII/ncs/main/nrfxlib/crypto/nrf_cc310_platform/lib/cortex-m4/soft-float/no-interrupts/libnrf_cc310_platform_0.9.19.a(cc_lib.c.obj)
                0x00000000000047ec                CC_LibInitNoRng
 .text.CC_HalInit
                0x0000000000004850        0x4 /home/adam/ncsII/ncs/main/nrfxlib/crypto/nrf_cc310_platform/lib/cortex-m4/soft-float/no-interrupts/libnrf_cc310_platform_0.9.19.a(cc_hal.c.obj)
                0x0000000000004850                CC_HalInit
 .text.CC_HalTerminate
                0x0000000000004854        0x4 /home/adam/ncsII/ncs/main/nrfxlib/crypto/nrf_cc310_platform/lib/cortex-m4/soft-float/no-interrupts/libnrf_cc310_platform_0.9.19.a(cc_hal.c.obj)
                0x0000000000004854                CC_HalTerminate
 .text.CC_HalMaskInterrupt
                0x0000000000004858        0xc /home/adam/ncsII/ncs/main/nrfxlib/crypto/nrf_cc310_platform/lib/cortex-m4/soft-float/no-interrupts/libnrf_cc310_platform_0.9.19.a(cc_hal.c.obj)
                0x0000000000004858                CC_HalMaskInterrupt
 .text.CC_PalInit
                0x0000000000004864       0x5c /home/adam/ncsII/ncs/main/nrfxlib/crypto/nrf_cc310_platform/lib/cortex-m4/soft-float/no-interrupts/libnrf_cc310_platform_0.9.19.a(cc_pal.c.obj)
                0x0000000000004864                CC_PalInit
 .text.CC_PalTerminate
                0x00000000000048c0       0x34 /home/adam/ncsII/ncs/main/nrfxlib/crypto/nrf_cc310_platform/lib/cortex-m4/soft-float/no-interrupts/libnrf_cc310_platform_0.9.19.a(cc_pal.c.obj)
                0x00000000000048c0                CC_PalTerminate
 .text.CC_PalDmaInit
                0x00000000000048f4        0x4 /home/adam/ncsII/ncs/main/nrfxlib/crypto/nrf_cc310_platform/lib/cortex-m4/soft-float/no-interrupts/libnrf_cc310_platform_0.9.19.a(cc_pal_dma.c.obj)
                0x00000000000048f4                CC_PalDmaInit
 .text.CC_PalDmaTerminate
                0x00000000000048f8        0x4 /home/adam/ncsII/ncs/main/nrfxlib/crypto/nrf_cc310_platform/lib/cortex-m4/soft-float/no-interrupts/libnrf_cc310_platform_0.9.19.a(cc_pal_dma.c.obj)
                0x00000000000048f8                CC_PalDmaTerminate
 .text.CC_PalMutexCreate
                0x00000000000048fc       0x14 /home/adam/ncsII/ncs/main/nrfxlib/crypto/nrf_cc310_platform/lib/cortex-m4/soft-float/no-interrupts/libnrf_cc310_platform_0.9.19.a(cc_pal_mutex.c.obj)
                0x00000000000048fc                CC_PalMutexCreate
 .text.CC_PalMutexDestroy
                0x0000000000004910       0x14 /home/adam/ncsII/ncs/main/nrfxlib/crypto/nrf_cc310_platform/lib/cortex-m4/soft-float/no-interrupts/libnrf_cc310_platform_0.9.19.a(cc_pal_mutex.c.obj)
                0x0000000000004910                CC_PalMutexDestroy
 .text.CC_PalPowerSaveModeInit
                0x0000000000004924       0x3c /home/adam/ncsII/ncs/main/nrfxlib/crypto/nrf_cc310_platform/lib/cortex-m4/soft-float/no-interrupts/libnrf_cc310_platform_0.9.19.a(cc_pal_pm.c.obj)
                0x0000000000004924                CC_PalPowerSaveModeInit
 .text.CC_PalPowerSaveModeSelect
                0x0000000000004960       0x84 /home/adam/ncsII/ncs/main/nrfxlib/crypto/nrf_cc310_platform/lib/cortex-m4/soft-float/no-interrupts/libnrf_cc310_platform_0.9.19.a(cc_pal_pm.c.obj)
                0x0000000000004960                CC_PalPowerSaveModeSelect
 .text.snprintf
                0x00000000000049e4       0x58 /home/adam/ncs/toolchains/b77d8c1312/opt/zephyr-sdk/arm-zephyr-eabi/bin/../lib/gcc/../../picolibc/arm-zephyr-eabi/lib/thumb/v7e-m/nofp/libc.a(libc_tinystdio_snprintf.c.o)
                0x00000000000049e4                snprintf
 .text.__l_vfprintf
                0x0000000000004a3c      0x4b8 /home/adam/ncs/toolchains/b77d8c1312/opt/zephyr-sdk/arm-zephyr-eabi/bin/../lib/gcc/../../picolibc/arm-zephyr-eabi/lib/thumb/v7e-m/nofp/libc.a(libc_tinystdio_vflprintf.c.o)
                0x0000000000004a3c                __l_vfprintf
 .text._OffsetAbsSyms
                0x0000000000004ef4        0x2 zephyr/CMakeFiles/offsets.dir/./arch/arm/core/offsets/offsets.c.obj
                0x0000000000004ef4                _OffsetAbsSyms
 .text.chunk_field
                0x0000000000004ef6       0x16 zephyr/libzephyr.a(heap.c.obj)
 .text.chunk_set
                0x0000000000004f0c       0x16 zephyr/libzephyr.a(heap.c.obj)
 .text.chunk_size
                0x0000000000004f22        0xc zephyr/libzephyr.a(heap.c.obj)
 .text.set_chunk_used
                0x0000000000004f2e       0x30 zephyr/libzephyr.a(heap.c.obj)
 .text.set_chunk_size
                0x0000000000004f5e        0x8 zephyr/libzephyr.a(heap.c.obj)
 .text.bucket_idx.isra.0
                0x0000000000004f66       0x1c zephyr/libzephyr.a(heap.c.obj)
 .text.free_list_add
                0x0000000000004f82       0x84 zephyr/libzephyr.a(heap.c.obj)
 .text.sys_heap_init
                0x0000000000005006       0xb0 zephyr/libzephyr.a(heap.c.obj)
                0x0000000000005006                sys_heap_init
 .text.arch_printk_char_out
                0x00000000000050b6        0x4 zephyr/libzephyr.a(printk.c.obj)
                0x00000000000050b6                arch_printk_char_out
 .text.printk   0x00000000000050ba       0x1a zephyr/libzephyr.a(printk.c.obj)
                0x00000000000050ba                printk
 .text.process_recheck
                0x00000000000050d4       0x38 zephyr/libzephyr.a(onoff.c.obj)
 .text.validate_args
                0x000000000000510c       0x20 zephyr/libzephyr.a(onoff.c.obj)
 .text.notify_one
                0x000000000000512c       0x2c zephyr/libzephyr.a(onoff.c.obj)
 .text.transition_complete
                0x0000000000005158       0x1a zephyr/libzephyr.a(onoff.c.obj)
 .text.onoff_manager_init
                0x0000000000005172       0x26 zephyr/libzephyr.a(onoff.c.obj)
                0x0000000000005172                onoff_manager_init
 .text.onoff_request
                0x0000000000005198       0xae zephyr/libzephyr.a(onoff.c.obj)
                0x0000000000005198                onoff_request
 .text.sys_notify_validate
                0x0000000000005246       0x22 zephyr/libzephyr.a(notify.c.obj)
                0x0000000000005246                sys_notify_validate
 .text.sys_notify_finalize
                0x0000000000005268       0x1a zephyr/libzephyr.a(notify.c.obj)
                0x0000000000005268                sys_notify_finalize
 .text._ConfigAbsSyms
                0x0000000000005282        0x2 zephyr/libzephyr.a(configs.c.obj)
                0x0000000000005282                _ConfigAbsSyms
 .text.abort_function
                0x0000000000005284        0x2 zephyr/libzephyr.a(nrf_cc3xx_platform_abort_zephyr.c.obj)
 .text.z_arm_fatal_error
                0x0000000000005286        0xc zephyr/arch/arch/arm/core/libarch__arm__core.a(fatal.c.obj)
                0x0000000000005286                z_arm_fatal_error
 .text.z_do_kernel_oops
                0x0000000000005292        0x8 zephyr/arch/arch/arm/core/libarch__arm__core.a(fatal.c.obj)
                0x0000000000005292                z_do_kernel_oops
 .text.z_arm_nmi
                0x000000000000529a        0xe zephyr/arch/arch/arm/core/libarch__arm__core.a(nmi.c.obj)
                0x000000000000529a                z_arm_nmi
 .text.z_irq_spurious
                0x00000000000052a8        0x8 zephyr/arch/arch/arm/core/cortex_m/libarch__arm__core__cortex_m.a(irq_manage.c.obj)
                0x00000000000052a8                z_irq_spurious
 .text.arch_irq_unlock_outlined
                0x00000000000052b0        0xe zephyr/arch/arch/arm/core/cortex_m/libarch__arm__core__cortex_m.a(thread.c.obj)
                0x00000000000052b0                arch_irq_unlock_outlined
 .text.arch_cpu_idle
                0x00000000000052be       0x1a zephyr/arch/arch/arm/core/cortex_m/libarch__arm__core__cortex_m.a(cpu_idle.c.obj)
                0x00000000000052be                arch_cpu_idle
 .text.arch_cpu_atomic_idle
                0x00000000000052d8       0x1e zephyr/arch/arch/arm/core/cortex_m/libarch__arm__core__cortex_m.a(cpu_idle.c.obj)
                0x00000000000052d8                arch_cpu_atomic_idle
 .text.size_to_mpu_rasr_size
                0x00000000000052f6       0x20 zephyr/arch/arch/arm/core/mpu/libarch__arm__core__mpu.a(arm_mpu.c.obj)
 .text.picolibc_put
                0x0000000000005316        0xa zephyr/lib/libc/picolibc/liblib__libc__picolibc.a(stdio.c.obj)
 .text.auxdisplay_serlcd_cursor_position_get
                0x0000000000005320        0xe zephyr/drivers/auxdisplay/libdrivers__auxdisplay.a(auxdisplay_serlcd.c.obj)
 .text.auxdisplay_serlcd_advance_current_position
                0x000000000000532e       0x2a zephyr/drivers/auxdisplay/libdrivers__auxdisplay.a(auxdisplay_serlcd.c.obj)
 .text.auxdisplay_serlcd_capabilities_get
                0x0000000000005358       0x16 zephyr/drivers/auxdisplay/libdrivers__auxdisplay.a(auxdisplay_serlcd.c.obj)
 .text.i2c_write_dt
                0x000000000000536e       0x2c zephyr/drivers/auxdisplay/libdrivers__auxdisplay.a(auxdisplay_serlcd.c.obj)
 .text.auxdisplay_serlcd_send_command.isra.0
                0x000000000000539a       0x3a zephyr/drivers/auxdisplay/libdrivers__auxdisplay.a(auxdisplay_serlcd.c.obj)
 .text.auxdisplay_serlcd_custom_character_set
                0x00000000000053d4       0x70 zephyr/drivers/auxdisplay/libdrivers__auxdisplay.a(auxdisplay_serlcd.c.obj)
 .text.auxdisplay_serlcd_write
                0x0000000000005444       0x5a zephyr/drivers/auxdisplay/libdrivers__auxdisplay.a(auxdisplay_serlcd.c.obj)
 .text.auxdisplay_serlcd_clear
                0x000000000000549e       0x2c zephyr/drivers/auxdisplay/libdrivers__auxdisplay.a(auxdisplay_serlcd.c.obj)
 .text.auxdisplay_serlcd_init
                0x00000000000054ca       0x24 zephyr/drivers/auxdisplay/libdrivers__auxdisplay.a(auxdisplay_serlcd.c.obj)
 .text.auxdisplay_serlcd_send_special_command.isra.0
                0x00000000000054ee       0x3a zephyr/drivers/auxdisplay/libdrivers__auxdisplay.a(auxdisplay_serlcd.c.obj)
 .text.auxdisplay_serlcd_send_display_state.isra.0
                0x0000000000005528       0x1a zephyr/drivers/auxdisplay/libdrivers__auxdisplay.a(auxdisplay_serlcd.c.obj)
 .text.auxdisplay_serlcd_display_on
                0x0000000000005542        0xe zephyr/drivers/auxdisplay/libdrivers__auxdisplay.a(auxdisplay_serlcd.c.obj)
 .text.auxdisplay_serlcd_display_off
                0x0000000000005550        0xe zephyr/drivers/auxdisplay/libdrivers__auxdisplay.a(auxdisplay_serlcd.c.obj)
 .text.auxdisplay_serlcd_cursor_set_enabled
                0x000000000000555e        0xe zephyr/drivers/auxdisplay/libdrivers__auxdisplay.a(auxdisplay_serlcd.c.obj)
 .text.auxdisplay_serlcd_position_blinking_set_enabled
                0x000000000000556c        0xe zephyr/drivers/auxdisplay/libdrivers__auxdisplay.a(auxdisplay_serlcd.c.obj)
 .text.auxdisplay_quadalpha_display_off
                0x000000000000557a        0x4 zephyr/drivers/auxdisplay/libdrivers__auxdisplay.a(auxdisplay_quadalpha.c.obj)
 .text.auxdisplay_quadalpha_capabilities_get
                0x000000000000557e        0x4 zephyr/drivers/auxdisplay/libdrivers__auxdisplay.a(auxdisplay_quadalpha.c.obj)
 .text.auxdisplay_quadalpha_custom_character_set
                0x0000000000005582        0x4 zephyr/drivers/auxdisplay/libdrivers__auxdisplay.a(auxdisplay_quadalpha.c.obj)
 .text.auxdisplay_quadalpha_cursor_set_enabled
                0x0000000000005586        0x4 zephyr/drivers/auxdisplay/libdrivers__auxdisplay.a(auxdisplay_quadalpha.c.obj)
 .text.auxdisplay_quadalpha_position_blinking_set_enabled
                0x000000000000558a        0x4 zephyr/drivers/auxdisplay/libdrivers__auxdisplay.a(auxdisplay_quadalpha.c.obj)
 .text.auxdisplay_quadalpha_cursor_position_set
                0x000000000000558e        0x4 zephyr/drivers/auxdisplay/libdrivers__auxdisplay.a(auxdisplay_quadalpha.c.obj)
 .text.auxdisplay_quadalpha_cursor_position_get
                0x0000000000005592        0x4 zephyr/drivers/auxdisplay/libdrivers__auxdisplay.a(auxdisplay_quadalpha.c.obj)
 .text.i2c_write_dt
                0x0000000000005596       0x2c zephyr/drivers/auxdisplay/libdrivers__auxdisplay.a(auxdisplay_quadalpha.c.obj)
 .text.auxdisplay_quadalpha_display_on
                0x00000000000055c2       0x22 zephyr/drivers/auxdisplay/libdrivers__auxdisplay.a(auxdisplay_quadalpha.c.obj)
 .text.auxdisplay_quadalpha_init
                0x00000000000055e4       0x2e zephyr/drivers/auxdisplay/libdrivers__auxdisplay.a(auxdisplay_quadalpha.c.obj)
 .text.get_status
                0x0000000000005612       0x12 zephyr/drivers/clock_control/libdrivers__clock_control.a(clock_control_nrf.c.obj)
 .text.stop     0x0000000000005624       0x52 zephyr/drivers/clock_control/libdrivers__clock_control.a(clock_control_nrf.c.obj)
 .text.api_stop
                0x0000000000005676        0x6 zephyr/drivers/clock_control/libdrivers__clock_control.a(clock_control_nrf.c.obj)
 .text.async_start
                0x000000000000567c       0x5c zephyr/drivers/clock_control/libdrivers__clock_control.a(clock_control_nrf.c.obj)
 .text.api_start
                0x00000000000056d8        0xe zephyr/drivers/clock_control/libdrivers__clock_control.a(clock_control_nrf.c.obj)
 .text.onoff_started_callback
                0x00000000000056e6       0x12 zephyr/drivers/clock_control/libdrivers__clock_control.a(clock_control_nrf.c.obj)
 .text.lfclk_start
                0x00000000000056f8        0x6 zephyr/drivers/clock_control/libdrivers__clock_control.a(clock_control_nrf.c.obj)
 .text.lfclk_stop
                0x00000000000056fe        0x6 zephyr/drivers/clock_control/libdrivers__clock_control.a(clock_control_nrf.c.obj)
 .text.blocking_start_callback
                0x0000000000005704        0x6 zephyr/drivers/clock_control/libdrivers__clock_control.a(clock_control_nrf.c.obj)
 .text.gpio_nrfx_port_get_raw
                0x000000000000570a        0xe zephyr/drivers/gpio/libdrivers__gpio.a(gpio_nrfx.c.obj)
 .text.gpio_nrfx_port_set_masked_raw
                0x0000000000005718       0x18 zephyr/drivers/gpio/libdrivers__gpio.a(gpio_nrfx.c.obj)
 .text.gpio_nrfx_port_set_bits_raw
                0x0000000000005730        0xc zephyr/drivers/gpio/libdrivers__gpio.a(gpio_nrfx.c.obj)
 .text.gpio_nrfx_port_clear_bits_raw
                0x000000000000573c        0xc zephyr/drivers/gpio/libdrivers__gpio.a(gpio_nrfx.c.obj)
 .text.gpio_nrfx_port_toggle_bits
                0x0000000000005748       0x1a zephyr/drivers/gpio/libdrivers__gpio.a(gpio_nrfx.c.obj)
 .text.gpio_nrfx_manage_callback
                0x0000000000005762       0x52 zephyr/drivers/gpio/libdrivers__gpio.a(gpio_nrfx.c.obj)
 .text.pinctrl_apply_state.constprop.0
                0x00000000000057b4       0x20 zephyr/drivers/i2c/libdrivers__i2c.a(i2c_nrfx_twi.c.obj)
 .text.twi_1_init
                0x00000000000057d4       0x26 zephyr/drivers/i2c/libdrivers__i2c.a(i2c_nrfx_twi.c.obj)
 .text.twi_0_init
                0x00000000000057fa       0x26 zephyr/drivers/i2c/libdrivers__i2c.a(i2c_nrfx_twi.c.obj)
 .text.i2c_nrfx_twi_configure
                0x0000000000005820       0x32 zephyr/drivers/i2c/libdrivers__i2c.a(i2c_nrfx_twi_common.c.obj)
                0x0000000000005820                i2c_nrfx_twi_configure
 .text.pinctrl_lookup_state
                0x0000000000005852       0x26 zephyr/drivers/pinctrl/libdrivers__pinctrl.a(common.c.obj)
                0x0000000000005852                pinctrl_lookup_state
 .text.uarte_nrfx_err_check
                0x0000000000005878        0xe zephyr/drivers/serial/libdrivers__serial.a(uart_nrfx_uarte.c.obj)
 .text.uarte_nrfx_poll_in
                0x0000000000005886       0x26 zephyr/drivers/serial/libdrivers__serial.a(uart_nrfx_uarte.c.obj)
 .text.is_tx_ready.isra.0
                0x00000000000058ac       0x20 zephyr/drivers/serial/libdrivers__serial.a(uart_nrfx_uarte.c.obj)
 .text.uarte_nrfx_isr_int
                0x00000000000058cc       0x42 zephyr/drivers/serial/libdrivers__serial.a(uart_nrfx_uarte.c.obj)
 .text.event_clear
                0x000000000000590e       0x18 zephyr/drivers/timer/libdrivers__timer.a(nrf_rtc_timer.c.obj)
 .text.hw_cc3xx_init_internal
                0x0000000000005926        0x4 modules/nrf/drivers/hw_cc3xx/lib..__nrf__drivers__hw_cc3xx.a(hw_cc3xx.c.obj)
 .text.hw_cc3xx_init
                0x000000000000592a       0x12 modules/nrf/drivers/hw_cc3xx/lib..__nrf__drivers__hw_cc3xx.a(hw_cc3xx.c.obj)
 .text.nrfx_isr
                0x000000000000593c        0x2 modules/hal_nordic/nrfx/libmodules__hal_nordic__nrfx.a(nrfx_glue.c.obj)
                0x000000000000593c                nrfx_isr
 .text.nrfx_busy_wait
                0x000000000000593e        0x4 modules/hal_nordic/nrfx/libmodules__hal_nordic__nrfx.a(nrfx_glue.c.obj)
                0x000000000000593e                nrfx_busy_wait
 .text.nrfx_gppi_channel_endpoints_setup
                0x0000000000005942       0x14 modules/hal_nordic/nrfx/libmodules__hal_nordic__nrfx.a(nrfx_gppi_ppi.c.obj)
                0x0000000000005942                nrfx_gppi_channel_endpoints_setup
 .text.nrfx_gppi_channel_alloc
                0x0000000000005956        0x4 modules/hal_nordic/nrfx/libmodules__hal_nordic__nrfx.a(nrfx_gppi_ppi.c.obj)
                0x0000000000005956                nrfx_gppi_channel_alloc
 .text.nrfx_clock_stop
                0x000000000000595a        0x4 modules/hal_nordic/nrfx/libmodules__hal_nordic__nrfx.a(nrfx_clock.c.obj)
                0x000000000000595a                nrfx_clock_stop
 .text.nrf_gpio_reconfigure
                0x000000000000595e       0x92 modules/hal_nordic/nrfx/libmodules__hal_nordic__nrfx.a(nrfx_gpiote.c.obj)
 .text.nrf_gpio_cfg_sense_set
                0x00000000000059f0       0x1e modules/hal_nordic/nrfx/libmodules__hal_nordic__nrfx.a(nrfx_gpiote.c.obj)
 .text.pin_trigger_disable
                0x0000000000005a0e       0x48 modules/hal_nordic/nrfx/libmodules__hal_nordic__nrfx.a(nrfx_gpiote.c.obj)
 .text.nrfx_gpiote_pin_uninit
                0x0000000000005a56        0x4 modules/hal_nordic/nrfx/libmodules__hal_nordic__nrfx.a(nrfx_gpiote.c.obj)
                0x0000000000005a56                nrfx_gpiote_pin_uninit
 .text.nrfx_gpiote_trigger_disable
                0x0000000000005a5a        0x4 modules/hal_nordic/nrfx/libmodules__hal_nordic__nrfx.a(nrfx_gpiote.c.obj)
                0x0000000000005a5a                nrfx_gpiote_trigger_disable
 .text.twi_transfer
                0x0000000000005a5e      0x130 modules/hal_nordic/nrfx/libmodules__hal_nordic__nrfx.a(nrfx_twi.c.obj)
 .text.irq_handler
                0x0000000000005b8e       0xae modules/hal_nordic/nrfx/libmodules__hal_nordic__nrfx.a(nrfx_twi.c.obj)
 .text.nrf_gpio_pin_set
                0x0000000000005c3c       0x1a modules/hal_nordic/nrfx/libmodules__hal_nordic__nrfx.a(nrfx_twi_twim.c.obj)
 .text.rtt_init
                0x0000000000005c56        0xa modules/segger/libmodules__segger.a(SEGGER_RTT_zephyr.c.obj)
 .text.z_impl_k_busy_wait
                0x0000000000005c60        0x8 zephyr/kernel/libkernel.a(busy_wait.c.obj)
                0x0000000000005c60                z_impl_k_busy_wait
 .text.z_device_state_init
                0x0000000000005c68        0x2 zephyr/kernel/libkernel.a(device.c.obj)
                0x0000000000005c68                z_device_state_init
 .text.z_impl_device_is_ready
                0x0000000000005c6a       0x16 zephyr/kernel/libkernel.a(device.c.obj)
                0x0000000000005c6a                z_impl_device_is_ready
 .text.arch_system_halt
                0x0000000000005c80       0x10 zephyr/kernel/libkernel.a(fatal.c.obj)
                0x0000000000005c80                arch_system_halt
 .text.k_sys_fatal_error_handler
                0x0000000000005c90        0x6 zephyr/kernel/libkernel.a(fatal.c.obj)
                0x0000000000005c90                k_sys_fatal_error_handler
 .text.do_device_init
                0x0000000000005c96       0x30 zephyr/kernel/libkernel.a(init.c.obj)
 .text.z_early_memset
                0x0000000000005cc6        0x4 zephyr/kernel/libkernel.a(init.c.obj)
                0x0000000000005cc6                z_early_memset
 .text.z_early_memcpy
                0x0000000000005cca        0x4 zephyr/kernel/libkernel.a(init.c.obj)
                0x0000000000005cca                z_early_memcpy
 .text.z_init_static
                0x0000000000005cce        0x2 zephyr/kernel/libkernel.a(init_static.c.obj)
                0x0000000000005cce                z_init_static
 .text.create_free_list
                0x0000000000005cd0       0x34 zephyr/kernel/libkernel.a(mem_slab.c.obj)
 .text.k_mem_slab_init
                0x0000000000005d04       0x1c zephyr/kernel/libkernel.a(mem_slab.c.obj)
                0x0000000000005d04                k_mem_slab_init
 .text.k_mem_slab_free
                0x0000000000005d20       0x6e zephyr/kernel/libkernel.a(mem_slab.c.obj)
                0x0000000000005d20                k_mem_slab_free
 .text.idle     0x0000000000005d8e       0x16 zephyr/kernel/libkernel.a(idle.c.obj)
                0x0000000000005d8e                idle
 .text.adjust_owner_prio.isra.0
                0x0000000000005da4       0x10 zephyr/kernel/libkernel.a(mutex.c.obj)
 .text.z_impl_k_mutex_init
                0x0000000000005db4        0xe zephyr/kernel/libkernel.a(mutex.c.obj)
                0x0000000000005db4                z_impl_k_mutex_init
 .text.k_is_in_isr
                0x0000000000005dc2        0xc zephyr/kernel/libkernel.a(thread.c.obj)
                0x0000000000005dc2                k_is_in_isr
 .text.sys_dlist_remove
                0x0000000000005dce       0x10 zephyr/kernel/libkernel.a(sched.c.obj)
 .text.unpend_thread_no_timeout
                0x0000000000005dde       0x14 zephyr/kernel/libkernel.a(sched.c.obj)
 .text.add_to_waitq_locked
                0x0000000000005df2       0x50 zephyr/kernel/libkernel.a(sched.c.obj)
 .text.z_ready_thread
                0x0000000000005e42       0x1e zephyr/kernel/libkernel.a(sched.c.obj)
                0x0000000000005e42                z_ready_thread
 .text.z_sched_wake_thread
                0x0000000000005e60       0x3a zephyr/kernel/libkernel.a(sched.c.obj)
                0x0000000000005e60                z_sched_wake_thread
 .text.z_thread_timeout
                0x0000000000005e9a        0x8 zephyr/kernel/libkernel.a(sched.c.obj)
                0x0000000000005e9a                z_thread_timeout
 .text.z_impl_k_sleep
                0x0000000000005ea2       0x32 zephyr/kernel/libkernel.a(sched.c.obj)
                0x0000000000005ea2                z_impl_k_sleep
 .text.next_timeout
                0x0000000000005ed4       0x32 zephyr/kernel/libkernel.a(timeout.c.obj)
 .text.z_abort_timeout
                0x0000000000005f06       0x42 zephyr/kernel/libkernel.a(timeout.c.obj)
                0x0000000000005f06                z_abort_timeout
 .text.sys_clock_tick_get_32
                0x0000000000005f48        0x8 zephyr/kernel/libkernel.a(timeout.c.obj)
                0x0000000000005f48                sys_clock_tick_get_32
 .text.memcpy   0x0000000000005f50       0x1c /home/adam/ncs/toolchains/b77d8c1312/opt/zephyr-sdk/arm-zephyr-eabi/bin/../lib/gcc/../../picolibc/arm-zephyr-eabi/lib/thumb/v7e-m/nofp/libc.a(memcpy.c.o)
                0x0000000000005f50                memcpy
                0x0000000000005f50                __aeabi_memcpy
                0x0000000000005f50                __aeabi_memcpy4
                0x0000000000005f50                __aeabi_memcpy8
 .text.memset   0x0000000000005f6c       0x10 /home/adam/ncs/toolchains/b77d8c1312/opt/zephyr-sdk/arm-zephyr-eabi/bin/../lib/gcc/../../picolibc/arm-zephyr-eabi/lib/thumb/v7e-m/nofp/libc.a(memset.c.o)
                0x0000000000005f6c                memset
 .text.strnlen  0x0000000000005f7c       0x18 /home/adam/ncs/toolchains/b77d8c1312/opt/zephyr-sdk/arm-zephyr-eabi/bin/../lib/gcc/../../picolibc/arm-zephyr-eabi/lib/thumb/v7e-m/nofp/libc.a(libc_string_strnlen.c.o)
                0x0000000000005f7c                strnlen
 .text.__ultoa_invert
                0x0000000000005f94       0xae /home/adam/ncs/toolchains/b77d8c1312/opt/zephyr-sdk/arm-zephyr-eabi/bin/../lib/gcc/../../picolibc/arm-zephyr-eabi/lib/thumb/v7e-m/nofp/libc.a(libc_tinystdio_vflprintf.c.o)
 .text.__file_str_put
                0x0000000000006042       0x10 /home/adam/ncs/toolchains/b77d8c1312/opt/zephyr-sdk/arm-zephyr-eabi/bin/../lib/gcc/../../picolibc/arm-zephyr-eabi/lib/thumb/v7e-m/nofp/libc.a(libc_tinystdio_filestrput.c.o)
                0x0000000000006042                __file_str_put
 *(SORT_BY_ALIGNMENT(.TEXT.*))
 *fill*         0x0000000000006052        0x2 
 .TEXT.__aeabi_read_tp
                0x0000000000006054        0xc zephyr/arch/arch/arm/core/cortex_m/libarch__arm__core__cortex_m.a(__aeabi_read_tp.S.obj)
                0x0000000000006054                __aeabi_read_tp
 *(SORT_BY_ALIGNMENT(.gnu.linkonce.t.*))
 *(SORT_BY_ALIGNMENT(.glue_7t))
 .glue_7t       0x0000000000006060        0x0 linker stubs
 *(SORT_BY_ALIGNMENT(.glue_7))
 .glue_7        0x0000000000006060        0x0 linker stubs
 *(SORT_BY_ALIGNMENT(.vfp11_veneer))
 .vfp11_veneer  0x0000000000006060        0x0 linker stubs
 *(SORT_BY_ALIGNMENT(.v4_bx))
 .v4_bx         0x0000000000006060        0x0 linker stubs
                0x0000000000006060                . = ALIGN (0x4)
                0x0000000000006060                __text_region_end = .

.ARM.exidx      0x0000000000006060        0x8
                0x0000000000006060                __exidx_start = .
 *(SORT_BY_ALIGNMENT(.ARM.exidx*) SORT_BY_ALIGNMENT(gnu.linkonce.armexidx.*))
 .ARM.exidx     0x0000000000006060        0x8 /home/adam/ncs/toolchains/b77d8c1312/opt/zephyr-sdk/arm-zephyr-eabi/bin/../lib/gcc/../../picolibc/arm-zephyr-eabi/lib/thumb/v7e-m/nofp/libc.a(strlen.S.o)
 .ARM.exidx     0x0000000000006068        0x0 /home/adam/ncs/toolchains/b77d8c1312/opt/zephyr-sdk/arm-zephyr-eabi/bin/../lib/gcc/arm-zephyr-eabi/12.2.0/thumb/v7e-m/nofp/libgcc.a(_udivmoddi4.o)
                                          0x8 (size before relaxing)
                0x0000000000006068                __exidx_end = .
                0x0000000000006068                __rodata_region_start = .

initlevel       0x0000000000006068       0x80
                0x0000000000006068                __init_start = .
                0x0000000000006068                __init_EARLY_start = .
 *(SORT_BY_NAME(SORT_BY_ALIGNMENT(.z_init_EARLY?_*)))
 *(SORT_BY_NAME(SORT_BY_ALIGNMENT(.z_init_EARLY??_*)))
                0x0000000000006068                __init_PRE_KERNEL_1_start = .
 *(SORT_BY_NAME(SORT_BY_ALIGNMENT(.z_init_PRE_KERNEL_1?_*)))
 .z_init_PRE_KERNEL_10_0_
                0x0000000000006068        0x8 zephyr/soc/soc/nrf52840/libsoc__nordic.a(soc.c.obj)
 *(SORT_BY_NAME(SORT_BY_ALIGNMENT(.z_init_PRE_KERNEL_1??_*)))
 .z_init_PRE_KERNEL_130_00075_
                0x0000000000006070        0x8 zephyr/drivers/clock_control/libdrivers__clock_control.a(clock_control_nrf.c.obj)
 .z_init_PRE_KERNEL_130_0_
                0x0000000000006078        0x8 modules/segger/libmodules__segger.a(SEGGER_RTT_zephyr.c.obj)
 .z_init_PRE_KERNEL_130_0_
                0x0000000000006080        0x8 zephyr/kernel/libkernel.a(mem_slab.c.obj)
 .z_init_PRE_KERNEL_140_00011_
                0x0000000000006088        0x8 zephyr/drivers/gpio/libdrivers__gpio.a(gpio_nrfx.c.obj)
 .z_init_PRE_KERNEL_140_00103_
                0x0000000000006090        0x8 zephyr/drivers/gpio/libdrivers__gpio.a(gpio_nrfx.c.obj)
 .z_init_PRE_KERNEL_140_0_
                0x0000000000006098        0x8 modules/nrf/drivers/hw_cc3xx/lib..__nrf__drivers__hw_cc3xx.a(hw_cc3xx.c.obj)
 .z_init_PRE_KERNEL_150_00111_
                0x00000000000060a0        0x8 zephyr/drivers/serial/libdrivers__serial.a(uart_nrfx_uarte.c.obj)
 .z_init_PRE_KERNEL_160_0_
                0x00000000000060a8        0x8 zephyr/drivers/console/libdrivers__console.a(uart_console.c.obj)
                0x00000000000060b0                __init_PRE_KERNEL_2_start = .
 *(SORT_BY_NAME(SORT_BY_ALIGNMENT(.z_init_PRE_KERNEL_2?_*)))
 .z_init_PRE_KERNEL_20_0_
                0x00000000000060b0        0x8 zephyr/drivers/timer/libdrivers__timer.a(nrf_rtc_timer.c.obj)
 *(SORT_BY_NAME(SORT_BY_ALIGNMENT(.z_init_PRE_KERNEL_2??_*)))
                0x00000000000060b8                __init_POST_KERNEL_start = .
 *(SORT_BY_NAME(SORT_BY_ALIGNMENT(.z_init_POST_KERNEL?_*)))
 *(SORT_BY_NAME(SORT_BY_ALIGNMENT(.z_init_POST_KERNEL??_*)))
 .z_init_POST_KERNEL35_0_
                0x00000000000060b8        0x8 zephyr/lib/libc/common/liblib__libc__common.a(malloc.c.obj)
 .z_init_POST_KERNEL40_0_
                0x00000000000060c0        0x8 modules/nrf/drivers/hw_cc3xx/lib..__nrf__drivers__hw_cc3xx.a(hw_cc3xx.c.obj)
 .z_init_POST_KERNEL50_00123_
                0x00000000000060c8        0x8 zephyr/drivers/i2c/libdrivers__i2c.a(i2c_nrfx_twi.c.obj)
 .z_init_POST_KERNEL50_00125_
                0x00000000000060d0        0x8 zephyr/drivers/i2c/libdrivers__i2c.a(i2c_nrfx_twi.c.obj)
 .z_init_POST_KERNEL85_00124_
                0x00000000000060d8        0x8 zephyr/drivers/auxdisplay/libdrivers__auxdisplay.a(auxdisplay_quadalpha.c.obj)
 .z_init_POST_KERNEL85_00126_
                0x00000000000060e0        0x8 zephyr/drivers/auxdisplay/libdrivers__auxdisplay.a(auxdisplay_serlcd.c.obj)
                0x00000000000060e8                __init_APPLICATION_start = .
 *(SORT_BY_NAME(SORT_BY_ALIGNMENT(.z_init_APPLICATION?_*)))
 *(SORT_BY_NAME(SORT_BY_ALIGNMENT(.z_init_APPLICATION??_*)))
                0x00000000000060e8                __init_SMP_start = .
 *(SORT_BY_NAME(SORT_BY_ALIGNMENT(.z_init_SMP?_*)))
 *(SORT_BY_NAME(SORT_BY_ALIGNMENT(.z_init_SMP??_*)))
                0x00000000000060e8                __init_end = .
                0x00000000000060e8                __deferred_init_list_start = .
 *(SORT_BY_ALIGNMENT(.z_deferred_init*))
                0x00000000000060e8                __deferred_init_list_end = .

device_area     0x00000000000060e8       0xa0
                0x00000000000060e8                _device_list_start = .
 *(SORT_BY_NAME(SORT_BY_ALIGNMENT(._device.static.*_?_*)))
 *(SORT_BY_NAME(SORT_BY_ALIGNMENT(._device.static.*_??_*)))
 ._device.static.1_30_
                0x00000000000060e8       0x14 zephyr/drivers/clock_control/libdrivers__clock_control.a(clock_control_nrf.c.obj)
                0x00000000000060e8                __device_dts_ord_75
 ._device.static.1_40_
                0x00000000000060fc       0x28 zephyr/drivers/gpio/libdrivers__gpio.a(gpio_nrfx.c.obj)
                0x00000000000060fc                __device_dts_ord_103
                0x0000000000006110                __device_dts_ord_11
 ._device.static.1_50_
                0x0000000000006124       0x14 zephyr/drivers/serial/libdrivers__serial.a(uart_nrfx_uarte.c.obj)
                0x0000000000006124                __device_dts_ord_111
 ._device.static.3_50_
                0x0000000000006138       0x28 zephyr/drivers/i2c/libdrivers__i2c.a(i2c_nrfx_twi.c.obj)
                0x0000000000006138                __device_dts_ord_125
                0x000000000000614c                __device_dts_ord_123
 ._device.static.3_85_
                0x0000000000006160       0x14 zephyr/drivers/auxdisplay/libdrivers__auxdisplay.a(auxdisplay_serlcd.c.obj)
                0x0000000000006160                __device_dts_ord_126
 ._device.static.3_85_
                0x0000000000006174       0x14 zephyr/drivers/auxdisplay/libdrivers__auxdisplay.a(auxdisplay_quadalpha.c.obj)
                0x0000000000006174                __device_dts_ord_124
                0x0000000000006188                _device_list_end = .

sw_isr_table    0x0000000000006188      0x180
                0x0000000000006188                . = ALIGN (0x4)
 *(SORT_BY_ALIGNMENT(.gnu.linkonce.sw_isr_table*))
 .gnu.linkonce.sw_isr_table
                0x0000000000006188      0x180 zephyr/CMakeFiles/zephyr_final.dir/isr_tables.c.obj
                0x0000000000006188                _sw_isr_table

initlevel_error
                0x0000000000006068        0x0
 *(SORT_BY_NAME(SORT_BY_ALIGNMENT(.z_init_[_A-Z0-9]*)))
                0x0000000000000001                ASSERT ((SIZEOF (initlevel_error) == 0x0), Undefined initialization levels used.)

app_shmem_regions
                0x0000000000006308        0x0
                0x0000000000006308                __app_shmem_regions_start = .
 *(SORT_BY_NAME(SORT_BY_ALIGNMENT(.app_regions.*)))
                0x0000000000006308                __app_shmem_regions_end = .

k_p4wq_initparam_area
                0x0000000000006308        0x0
                0x0000000000006308                _k_p4wq_initparam_list_start = .
 *(SORT_BY_NAME(SORT_BY_ALIGNMENT(._k_p4wq_initparam.static.*)))
                0x0000000000006308                _k_p4wq_initparam_list_end = .

_static_thread_data_area
                0x0000000000006308        0x0
                0x0000000000006308                __static_thread_data_list_start = .
 *(SORT_BY_NAME(SORT_BY_ALIGNMENT(.__static_thread_data.static.*)))
                0x0000000000006308                __static_thread_data_list_end = .

device_deps     0x0000000000006308        0x0
                0x0000000000006308                __device_deps_start = .
 *(SORT_BY_NAME(SORT_BY_ALIGNMENT(.__device_deps_pass2*)))
                0x0000000000006308                __device_deps_end = .

auxdisplay_driver_api_area
                0x0000000000006308       0x98
                0x0000000000006308                _auxdisplay_driver_api_list_start = .
 *(SORT_BY_NAME(SORT_BY_ALIGNMENT(._auxdisplay_driver_api.static.*)))
 ._auxdisplay_driver_api.static.auxdisplay_quadalpha_auxdisplay_api_
                0x0000000000006308       0x4c zephyr/drivers/auxdisplay/libdrivers__auxdisplay.a(auxdisplay_quadalpha.c.obj)
 ._auxdisplay_driver_api.static.auxdisplay_serlcd_auxdisplay_api_
                0x0000000000006354       0x4c zephyr/drivers/auxdisplay/libdrivers__auxdisplay.a(auxdisplay_serlcd.c.obj)
                0x00000000000063a0                _auxdisplay_driver_api_list_end = .

gpio_driver_api_area
                0x00000000000063a0       0x24
                0x00000000000063a0                _gpio_driver_api_list_start = .
 *(SORT_BY_NAME(SORT_BY_ALIGNMENT(._gpio_driver_api.static.*)))
 ._gpio_driver_api.static.gpio_nrfx_drv_api_funcs_
                0x00000000000063a0       0x24 zephyr/drivers/gpio/libdrivers__gpio.a(gpio_nrfx.c.obj)
                0x00000000000063c4                _gpio_driver_api_list_end = .

i2c_driver_api_area
                0x00000000000063c4       0x18
                0x00000000000063c4                _i2c_driver_api_list_start = .
 *(SORT_BY_NAME(SORT_BY_ALIGNMENT(._i2c_driver_api.static.*)))
 ._i2c_driver_api.static.i2c_nrfx_twi_driver_api_
                0x00000000000063c4       0x18 zephyr/drivers/i2c/libdrivers__i2c.a(i2c_nrfx_twi.c.obj)
                0x00000000000063dc                _i2c_driver_api_list_end = .

i2c_target_driver_api_area
                0x00000000000063dc        0x0
                0x00000000000063dc                _i2c_target_driver_api_list_start = .
 *(SORT_BY_NAME(SORT_BY_ALIGNMENT(._i2c_target_driver_api.static.*)))
                0x00000000000063dc                _i2c_target_driver_api_list_end = .

shared_irq_driver_api_area
                0x00000000000063dc        0x0
                0x00000000000063dc                _shared_irq_driver_api_list_start = .
 *(SORT_BY_NAME(SORT_BY_ALIGNMENT(._shared_irq_driver_api.static.*)))
                0x00000000000063dc                _shared_irq_driver_api_list_end = .

crypto_driver_api_area
                0x00000000000063dc        0x0
                0x00000000000063dc                _crypto_driver_api_list_start = .
 *(SORT_BY_NAME(SORT_BY_ALIGNMENT(._crypto_driver_api.static.*)))
                0x00000000000063dc                _crypto_driver_api_list_end = .

adc_driver_api_area
                0x00000000000063dc        0x0
                0x00000000000063dc                _adc_driver_api_list_start = .
 *(SORT_BY_NAME(SORT_BY_ALIGNMENT(._adc_driver_api.static.*)))
                0x00000000000063dc                _adc_driver_api_list_end = .

bbram_driver_api_area
                0x00000000000063dc        0x0
                0x00000000000063dc                _bbram_driver_api_list_start = .
 *(SORT_BY_NAME(SORT_BY_ALIGNMENT(._bbram_driver_api.static.*)))
                0x00000000000063dc                _bbram_driver_api_list_end = .

bt_hci_driver_api_area
                0x00000000000063dc        0x0
                0x00000000000063dc                _bt_hci_driver_api_list_start = .
 *(SORT_BY_NAME(SORT_BY_ALIGNMENT(._bt_hci_driver_api.static.*)))
                0x00000000000063dc                _bt_hci_driver_api_list_end = .

can_driver_api_area
                0x00000000000063dc        0x0
                0x00000000000063dc                _can_driver_api_list_start = .
 *(SORT_BY_NAME(SORT_BY_ALIGNMENT(._can_driver_api.static.*)))
                0x00000000000063dc                _can_driver_api_list_end = .

cellular_driver_api_area
                0x00000000000063dc        0x0
                0x00000000000063dc                _cellular_driver_api_list_start = .
 *(SORT_BY_NAME(SORT_BY_ALIGNMENT(._cellular_driver_api.static.*)))
                0x00000000000063dc                _cellular_driver_api_list_end = .

charger_driver_api_area
                0x00000000000063dc        0x0
                0x00000000000063dc                _charger_driver_api_list_start = .
 *(SORT_BY_NAME(SORT_BY_ALIGNMENT(._charger_driver_api.static.*)))
                0x00000000000063dc                _charger_driver_api_list_end = .

clock_control_driver_api_area
                0x00000000000063dc       0x1c
                0x00000000000063dc                _clock_control_driver_api_list_start = .
 *(SORT_BY_NAME(SORT_BY_ALIGNMENT(._clock_control_driver_api.static.*)))
 ._clock_control_driver_api.static.clock_control_api_
                0x00000000000063dc       0x1c zephyr/drivers/clock_control/libdrivers__clock_control.a(clock_control_nrf.c.obj)
                0x00000000000063f8                _clock_control_driver_api_list_end = .

comparator_driver_api_area
                0x00000000000063f8        0x0
                0x00000000000063f8                _comparator_driver_api_list_start = .
 *(SORT_BY_NAME(SORT_BY_ALIGNMENT(._comparator_driver_api.static.*)))
                0x00000000000063f8                _comparator_driver_api_list_end = .

coredump_driver_api_area
                0x00000000000063f8        0x0
                0x00000000000063f8                _coredump_driver_api_list_start = .
 *(SORT_BY_NAME(SORT_BY_ALIGNMENT(._coredump_driver_api.static.*)))
                0x00000000000063f8                _coredump_driver_api_list_end = .

counter_driver_api_area
                0x00000000000063f8        0x0
                0x00000000000063f8                _counter_driver_api_list_start = .
 *(SORT_BY_NAME(SORT_BY_ALIGNMENT(._counter_driver_api.static.*)))
                0x00000000000063f8                _counter_driver_api_list_end = .

dac_driver_api_area
                0x00000000000063f8        0x0
                0x00000000000063f8                _dac_driver_api_list_start = .
 *(SORT_BY_NAME(SORT_BY_ALIGNMENT(._dac_driver_api.static.*)))
                0x00000000000063f8                _dac_driver_api_list_end = .

dai_driver_api_area
                0x00000000000063f8        0x0
                0x00000000000063f8                _dai_driver_api_list_start = .
 *(SORT_BY_NAME(SORT_BY_ALIGNMENT(._dai_driver_api.static.*)))
                0x00000000000063f8                _dai_driver_api_list_end = .

display_driver_api_area
                0x00000000000063f8        0x0
                0x00000000000063f8                _display_driver_api_list_start = .
 *(SORT_BY_NAME(SORT_BY_ALIGNMENT(._display_driver_api.static.*)))
                0x00000000000063f8                _display_driver_api_list_end = .

dma_driver_api_area
                0x00000000000063f8        0x0
                0x00000000000063f8                _dma_driver_api_list_start = .
 *(SORT_BY_NAME(SORT_BY_ALIGNMENT(._dma_driver_api.static.*)))
                0x00000000000063f8                _dma_driver_api_list_end = .

edac_driver_api_area
                0x00000000000063f8        0x0
                0x00000000000063f8                _edac_driver_api_list_start = .
 *(SORT_BY_NAME(SORT_BY_ALIGNMENT(._edac_driver_api.static.*)))
                0x00000000000063f8                _edac_driver_api_list_end = .

eeprom_driver_api_area
                0x00000000000063f8        0x0
                0x00000000000063f8                _eeprom_driver_api_list_start = .
 *(SORT_BY_NAME(SORT_BY_ALIGNMENT(._eeprom_driver_api.static.*)))
                0x00000000000063f8                _eeprom_driver_api_list_end = .

emul_bbram_driver_api_area
                0x00000000000063f8        0x0
                0x00000000000063f8                _emul_bbram_driver_api_list_start = .
 *(SORT_BY_NAME(SORT_BY_ALIGNMENT(._emul_bbram_driver_api.static.*)))
                0x00000000000063f8                _emul_bbram_driver_api_list_end = .

fuel_gauge_emul_driver_api_area
                0x00000000000063f8        0x0
                0x00000000000063f8                _fuel_gauge_emul_driver_api_list_start = .
 *(SORT_BY_NAME(SORT_BY_ALIGNMENT(._fuel_gauge_emul_driver_api.static.*)))
                0x00000000000063f8                _fuel_gauge_emul_driver_api_list_end = .

emul_sensor_driver_api_area
                0x00000000000063f8        0x0
                0x00000000000063f8                _emul_sensor_driver_api_list_start = .
 *(SORT_BY_NAME(SORT_BY_ALIGNMENT(._emul_sensor_driver_api.static.*)))
                0x00000000000063f8                _emul_sensor_driver_api_list_end = .

entropy_driver_api_area
                0x00000000000063f8        0x0
                0x00000000000063f8                _entropy_driver_api_list_start = .
 *(SORT_BY_NAME(SORT_BY_ALIGNMENT(._entropy_driver_api.static.*)))
                0x00000000000063f8                _entropy_driver_api_list_end = .

espi_driver_api_area
                0x00000000000063f8        0x0
                0x00000000000063f8                _espi_driver_api_list_start = .
 *(SORT_BY_NAME(SORT_BY_ALIGNMENT(._espi_driver_api.static.*)))
                0x00000000000063f8                _espi_driver_api_list_end = .

espi_saf_driver_api_area
                0x00000000000063f8        0x0
                0x00000000000063f8                _espi_saf_driver_api_list_start = .
 *(SORT_BY_NAME(SORT_BY_ALIGNMENT(._espi_saf_driver_api.static.*)))
                0x00000000000063f8                _espi_saf_driver_api_list_end = .

flash_driver_api_area
                0x00000000000063f8        0x0
                0x00000000000063f8                _flash_driver_api_list_start = .
 *(SORT_BY_NAME(SORT_BY_ALIGNMENT(._flash_driver_api.static.*)))
                0x00000000000063f8                _flash_driver_api_list_end = .

fpga_driver_api_area
                0x00000000000063f8        0x0
                0x00000000000063f8                _fpga_driver_api_list_start = .
 *(SORT_BY_NAME(SORT_BY_ALIGNMENT(._fpga_driver_api.static.*)))
                0x00000000000063f8                _fpga_driver_api_list_end = .

fuel_gauge_driver_api_area
                0x00000000000063f8        0x0
                0x00000000000063f8                _fuel_gauge_driver_api_list_start = .
 *(SORT_BY_NAME(SORT_BY_ALIGNMENT(._fuel_gauge_driver_api.static.*)))
                0x00000000000063f8                _fuel_gauge_driver_api_list_end = .

gnss_driver_api_area
                0x00000000000063f8        0x0
                0x00000000000063f8                _gnss_driver_api_list_start = .
 *(SORT_BY_NAME(SORT_BY_ALIGNMENT(._gnss_driver_api.static.*)))
                0x00000000000063f8                _gnss_driver_api_list_end = .

haptics_driver_api_area
                0x00000000000063f8        0x0
                0x00000000000063f8                _haptics_driver_api_list_start = .
 *(SORT_BY_NAME(SORT_BY_ALIGNMENT(._haptics_driver_api.static.*)))
                0x00000000000063f8                _haptics_driver_api_list_end = .

hwspinlock_driver_api_area
                0x00000000000063f8        0x0
                0x00000000000063f8                _hwspinlock_driver_api_list_start = .
 *(SORT_BY_NAME(SORT_BY_ALIGNMENT(._hwspinlock_driver_api.static.*)))
                0x00000000000063f8                _hwspinlock_driver_api_list_end = .

i2s_driver_api_area
                0x00000000000063f8        0x0
                0x00000000000063f8                _i2s_driver_api_list_start = .
 *(SORT_BY_NAME(SORT_BY_ALIGNMENT(._i2s_driver_api.static.*)))
                0x00000000000063f8                _i2s_driver_api_list_end = .

i3c_driver_api_area
                0x00000000000063f8        0x0
                0x00000000000063f8                _i3c_driver_api_list_start = .
 *(SORT_BY_NAME(SORT_BY_ALIGNMENT(._i3c_driver_api.static.*)))
                0x00000000000063f8                _i3c_driver_api_list_end = .

ipm_driver_api_area
                0x00000000000063f8        0x0
                0x00000000000063f8                _ipm_driver_api_list_start = .
 *(SORT_BY_NAME(SORT_BY_ALIGNMENT(._ipm_driver_api.static.*)))
                0x00000000000063f8                _ipm_driver_api_list_end = .

kscan_driver_api_area
                0x00000000000063f8        0x0
                0x00000000000063f8                _kscan_driver_api_list_start = .
 *(SORT_BY_NAME(SORT_BY_ALIGNMENT(._kscan_driver_api.static.*)))
                0x00000000000063f8                _kscan_driver_api_list_end = .

led_driver_api_area
                0x00000000000063f8        0x0
                0x00000000000063f8                _led_driver_api_list_start = .
 *(SORT_BY_NAME(SORT_BY_ALIGNMENT(._led_driver_api.static.*)))
                0x00000000000063f8                _led_driver_api_list_end = .

led_strip_driver_api_area
                0x00000000000063f8        0x0
                0x00000000000063f8                _led_strip_driver_api_list_start = .
 *(SORT_BY_NAME(SORT_BY_ALIGNMENT(._led_strip_driver_api.static.*)))
                0x00000000000063f8                _led_strip_driver_api_list_end = .

lora_driver_api_area
                0x00000000000063f8        0x0
                0x00000000000063f8                _lora_driver_api_list_start = .
 *(SORT_BY_NAME(SORT_BY_ALIGNMENT(._lora_driver_api.static.*)))
                0x00000000000063f8                _lora_driver_api_list_end = .

mbox_driver_api_area
                0x00000000000063f8        0x0
                0x00000000000063f8                _mbox_driver_api_list_start = .
 *(SORT_BY_NAME(SORT_BY_ALIGNMENT(._mbox_driver_api.static.*)))
                0x00000000000063f8                _mbox_driver_api_list_end = .

mdio_driver_api_area
                0x00000000000063f8        0x0
                0x00000000000063f8                _mdio_driver_api_list_start = .
 *(SORT_BY_NAME(SORT_BY_ALIGNMENT(._mdio_driver_api.static.*)))
                0x00000000000063f8                _mdio_driver_api_list_end = .

mipi_dbi_driver_api_area
                0x00000000000063f8        0x0
                0x00000000000063f8                _mipi_dbi_driver_api_list_start = .
 *(SORT_BY_NAME(SORT_BY_ALIGNMENT(._mipi_dbi_driver_api.static.*)))
                0x00000000000063f8                _mipi_dbi_driver_api_list_end = .

mipi_dsi_driver_api_area
                0x00000000000063f8        0x0
                0x00000000000063f8                _mipi_dsi_driver_api_list_start = .
 *(SORT_BY_NAME(SORT_BY_ALIGNMENT(._mipi_dsi_driver_api.static.*)))
                0x00000000000063f8                _mipi_dsi_driver_api_list_end = .

mspi_driver_api_area
                0x00000000000063f8        0x0
                0x00000000000063f8                _mspi_driver_api_list_start = .
 *(SORT_BY_NAME(SORT_BY_ALIGNMENT(._mspi_driver_api.static.*)))
                0x00000000000063f8                _mspi_driver_api_list_end = .

peci_driver_api_area
                0x00000000000063f8        0x0
                0x00000000000063f8                _peci_driver_api_list_start = .
 *(SORT_BY_NAME(SORT_BY_ALIGNMENT(._peci_driver_api.static.*)))
                0x00000000000063f8                _peci_driver_api_list_end = .

ps2_driver_api_area
                0x00000000000063f8        0x0
                0x00000000000063f8                _ps2_driver_api_list_start = .
 *(SORT_BY_NAME(SORT_BY_ALIGNMENT(._ps2_driver_api.static.*)))
                0x00000000000063f8                _ps2_driver_api_list_end = .

ptp_clock_driver_api_area
                0x00000000000063f8        0x0
                0x00000000000063f8                _ptp_clock_driver_api_list_start = .
 *(SORT_BY_NAME(SORT_BY_ALIGNMENT(._ptp_clock_driver_api.static.*)))
                0x00000000000063f8                _ptp_clock_driver_api_list_end = .

pwm_driver_api_area
                0x00000000000063f8        0x0
                0x00000000000063f8                _pwm_driver_api_list_start = .
 *(SORT_BY_NAME(SORT_BY_ALIGNMENT(._pwm_driver_api.static.*)))
                0x00000000000063f8                _pwm_driver_api_list_end = .

regulator_parent_driver_api_area
                0x00000000000063f8        0x0
                0x00000000000063f8                _regulator_parent_driver_api_list_start = .
 *(SORT_BY_NAME(SORT_BY_ALIGNMENT(._regulator_parent_driver_api.static.*)))
                0x00000000000063f8                _regulator_parent_driver_api_list_end = .

regulator_driver_api_area
                0x00000000000063f8        0x0
                0x00000000000063f8                _regulator_driver_api_list_start = .
 *(SORT_BY_NAME(SORT_BY_ALIGNMENT(._regulator_driver_api.static.*)))
                0x00000000000063f8                _regulator_driver_api_list_end = .

reset_driver_api_area
                0x00000000000063f8        0x0
                0x00000000000063f8                _reset_driver_api_list_start = .
 *(SORT_BY_NAME(SORT_BY_ALIGNMENT(._reset_driver_api.static.*)))
                0x00000000000063f8                _reset_driver_api_list_end = .

retained_mem_driver_api_area
                0x00000000000063f8        0x0
                0x00000000000063f8                _retained_mem_driver_api_list_start = .
 *(SORT_BY_NAME(SORT_BY_ALIGNMENT(._retained_mem_driver_api.static.*)))
                0x00000000000063f8                _retained_mem_driver_api_list_end = .

rtc_driver_api_area
                0x00000000000063f8        0x0
                0x00000000000063f8                _rtc_driver_api_list_start = .
 *(SORT_BY_NAME(SORT_BY_ALIGNMENT(._rtc_driver_api.static.*)))
                0x00000000000063f8                _rtc_driver_api_list_end = .

sdhc_driver_api_area
                0x00000000000063f8        0x0
                0x00000000000063f8                _sdhc_driver_api_list_start = .
 *(SORT_BY_NAME(SORT_BY_ALIGNMENT(._sdhc_driver_api.static.*)))
                0x00000000000063f8                _sdhc_driver_api_list_end = .

sensor_driver_api_area
                0x00000000000063f8        0x0
                0x00000000000063f8                _sensor_driver_api_list_start = .
 *(SORT_BY_NAME(SORT_BY_ALIGNMENT(._sensor_driver_api.static.*)))
                0x00000000000063f8                _sensor_driver_api_list_end = .

smbus_driver_api_area
                0x00000000000063f8        0x0
                0x00000000000063f8                _smbus_driver_api_list_start = .
 *(SORT_BY_NAME(SORT_BY_ALIGNMENT(._smbus_driver_api.static.*)))
                0x00000000000063f8                _smbus_driver_api_list_end = .

spi_driver_api_area
                0x00000000000063f8        0x0
                0x00000000000063f8                _spi_driver_api_list_start = .
 *(SORT_BY_NAME(SORT_BY_ALIGNMENT(._spi_driver_api.static.*)))
                0x00000000000063f8                _spi_driver_api_list_end = .

stepper_driver_api_area
                0x00000000000063f8        0x0
                0x00000000000063f8                _stepper_driver_api_list_start = .
 *(SORT_BY_NAME(SORT_BY_ALIGNMENT(._stepper_driver_api.static.*)))
                0x00000000000063f8                _stepper_driver_api_list_end = .

syscon_driver_api_area
                0x00000000000063f8        0x0
                0x00000000000063f8                _syscon_driver_api_list_start = .
 *(SORT_BY_NAME(SORT_BY_ALIGNMENT(._syscon_driver_api.static.*)))
                0x00000000000063f8                _syscon_driver_api_list_end = .

tee_driver_api_area
                0x00000000000063f8        0x0
                0x00000000000063f8                _tee_driver_api_list_start = .
 *(SORT_BY_NAME(SORT_BY_ALIGNMENT(._tee_driver_api.static.*)))
                0x00000000000063f8                _tee_driver_api_list_end = .

video_driver_api_area
                0x00000000000063f8        0x0
                0x00000000000063f8                _video_driver_api_list_start = .
 *(SORT_BY_NAME(SORT_BY_ALIGNMENT(._video_driver_api.static.*)))
                0x00000000000063f8                _video_driver_api_list_end = .

w1_driver_api_area
                0x00000000000063f8        0x0
                0x00000000000063f8                _w1_driver_api_list_start = .
 *(SORT_BY_NAME(SORT_BY_ALIGNMENT(._w1_driver_api.static.*)))
                0x00000000000063f8                _w1_driver_api_list_end = .

wdt_driver_api_area
                0x00000000000063f8        0x0
                0x00000000000063f8                _wdt_driver_api_list_start = .
 *(SORT_BY_NAME(SORT_BY_ALIGNMENT(._wdt_driver_api.static.*)))
                0x00000000000063f8                _wdt_driver_api_list_end = .

can_transceiver_driver_api_area
                0x00000000000063f8        0x0
                0x00000000000063f8                _can_transceiver_driver_api_list_start = .
 *(SORT_BY_NAME(SORT_BY_ALIGNMENT(._can_transceiver_driver_api.static.*)))
                0x00000000000063f8                _can_transceiver_driver_api_list_end = .

nrf_clock_control_driver_api_area
                0x00000000000063f8        0x0
                0x00000000000063f8                _nrf_clock_control_driver_api_list_start = .
 *(SORT_BY_NAME(SORT_BY_ALIGNMENT(._nrf_clock_control_driver_api.static.*)))
                0x00000000000063f8                _nrf_clock_control_driver_api_list_end = .

i3c_target_driver_api_area
                0x00000000000063f8        0x0
                0x00000000000063f8                _i3c_target_driver_api_list_start = .
 *(SORT_BY_NAME(SORT_BY_ALIGNMENT(._i3c_target_driver_api.static.*)))
                0x00000000000063f8                _i3c_target_driver_api_list_end = .

its_driver_api_area
                0x00000000000063f8        0x0
                0x00000000000063f8                _its_driver_api_list_start = .
 *(SORT_BY_NAME(SORT_BY_ALIGNMENT(._its_driver_api.static.*)))
                0x00000000000063f8                _its_driver_api_list_end = .

vtd_driver_api_area
                0x00000000000063f8        0x0