Archive member included to satisfy reference by file (symbol)

app/libapp.a(main.c.obj)      (--whole-archive)
zephyr/libzephyr.a(heap.c.obj)
                              (--whole-archive)
zephyr/libzephyr.a(cbprintf_packaged.c.obj)
                              (--whole-archive)
zephyr/libzephyr.a(printk.c.obj)
                              (--whole-archive)
zephyr/libzephyr.a(sem.c.obj)
                              (--whole-archive)
zephyr/libzephyr.a(thread_entry.c.obj)
                              (--whole-archive)
zephyr/libzephyr.a(cbprintf_complete.c.obj)
                              (--whole-archive)
zephyr/libzephyr.a(cbprintf.c.obj)
                              (--whole-archive)
zephyr/libzephyr.a(assert.c.obj)
                              (--whole-archive)
zephyr/libzephyr.a(dec.c.obj)
                              (--whole-archive)
zephyr/libzephyr.a(hex.c.obj)
                              (--whole-archive)
zephyr/libzephyr.a(rb.c.obj)  (--whole-archive)
zephyr/libzephyr.a(timeutil.c.obj)
                              (--whole-archive)
zephyr/libzephyr.a(bitarray.c.obj)
                              (--whole-archive)
zephyr/libzephyr.a(ring_buffer.c.obj)
                              (--whole-archive)
zephyr/libzephyr.a(configs.c.obj)
                              (--whole-archive)
zephyr/libzephyr.a(log_core.c.obj)
                              (--whole-archive)
zephyr/libzephyr.a(log_mgmt.c.obj)
                              (--whole-archive)
zephyr/libzephyr.a(log_cache.c.obj)
                              (--whole-archive)
zephyr/libzephyr.a(log_msg.c.obj)
                              (--whole-archive)
zephyr/libzephyr.a(log_output.c.obj)
                              (--whole-archive)
zephyr/libzephyr.a(log_backend_native_posix.c.obj)
                              (--whole-archive)
zephyr/libzephyr.a(tracing_none.c.obj)
                              (--whole-archive)
zephyr/arch/arch/posix/core/libarch__posix__core.a(cpuhalt.c.obj)
                              (--whole-archive)
zephyr/arch/arch/posix/core/libarch__posix__core.a(fatal.c.obj)
                              (--whole-archive)
zephyr/arch/arch/posix/core/libarch__posix__core.a(irq.c.obj)
                              (--whole-archive)
zephyr/arch/arch/posix/core/libarch__posix__core.a(swap.c.obj)
                              (--whole-archive)
zephyr/arch/arch/posix/core/libarch__posix__core.a(thread.c.obj)
                              (--whole-archive)
zephyr/arch/arch/posix/core/libarch__posix__core.a(posix_core_nsi.c.obj)
                              (--whole-archive)
zephyr/soc/soc/native/libsoc__native__inf_clock.a(soc.c.obj)
                              (--whole-archive)
zephyr/soc/soc/native/libsoc__native__inf_clock.a(native_tasks.c.obj)
                              (--whole-archive)
zephyr/soc/soc/native/libsoc__native__inf_clock.a(native_remap.c.obj)
                              (--whole-archive)
zephyr/boards/native/native_sim/libboards__native__native_sim.a(cmdline.c.obj)
                              (--whole-archive)
zephyr/boards/native/native_sim/libboards__native__native_sim.a(cpu_wait.c.obj)
                              (--whole-archive)
zephyr/boards/native/native_sim/libboards__native__native_sim.a(nsi_if.c.obj)
                              (--whole-archive)
zephyr/boards/native/native_sim/libboards__native__native_sim.a(irq_handler.c.obj)
                              (--whole-archive)
zephyr/boards/native/native_sim/libboards__native__native_sim.a(misc.c.obj)
                              (--whole-archive)
zephyr/boards/native/native_sim/libboards__native__native_sim.a(posix_arch_if.c.obj)
                              (--whole-archive)
zephyr/subsys/testsuite/ztest/libsubsys__testsuite__ztest.a(ztest.c.obj)
                              (--whole-archive)
zephyr/subsys/testsuite/ztest/libsubsys__testsuite__ztest.a(ztest_error_hook.c.obj)
                              (--whole-archive)
zephyr/subsys/testsuite/ztest/libsubsys__testsuite__ztest.a(ztest_rules.c.obj)
                              (--whole-archive)
zephyr/subsys/testsuite/ztest/libsubsys__testsuite__ztest.a(ztest_mock.c.obj)
                              (--whole-archive)
zephyr/subsys/testsuite/ztest/libsubsys__testsuite__ztest.a(ztest_posix.c.obj)
                              (--whole-archive)
zephyr/drivers/console/libdrivers__console.a(posix_arch_console.c.obj)
                              (--whole-archive)
zephyr/drivers/i2c/libdrivers__i2c.a(i2c_common.c.obj)
                              (--whole-archive)
zephyr/drivers/timer/libdrivers__timer.a(sys_clock_init.c.obj)
                              (--whole-archive)
zephyr/drivers/timer/libdrivers__timer.a(native_posix_timer.c.obj)
                              (--whole-archive)
zephyr/kernel/libkernel.a(fatal.c.obj)
                              zephyr/libzephyr.a(assert.c.obj) (z_fatal_error)
zephyr/kernel/libkernel.a(init.c.obj)
[...]
Memory Configuration

Name             Origin             Length             Attributes
*default*        0x00000000         0xffffffff

Linker script and memory map


.interp
 *(SORT_BY_ALIGNMENT(.interp))

.note.gnu.build-id
 *(SORT_BY_ALIGNMENT(.note.gnu.build-id))

.hash
 *(SORT_BY_ALIGNMENT(.hash))

.gnu.hash
 *(SORT_BY_ALIGNMENT(.gnu.hash))

.dynsym
 *(SORT_BY_ALIGNMENT(.dynsym))

.dynstr
 *(SORT_BY_ALIGNMENT(.dynstr))

.gnu.version
 *(SORT_BY_ALIGNMENT(.gnu.version))

.gnu.version_d
 *(SORT_BY_ALIGNMENT(.gnu.version_d))

.gnu.version_r
 *(SORT_BY_ALIGNMENT(.gnu.version_r))

.rel.init
 *(SORT_BY_ALIGNMENT(.rel.init))

.rel.text
 *(SORT_BY_ALIGNMENT(.rel.text))

.rel.fini
 *(SORT_BY_ALIGNMENT(.rel.fini))

.rel.rodata
 *(SORT_BY_ALIGNMENT(.rel.rodata))

.rel.data.rel.ro
 *(SORT_BY_ALIGNMENT(.rel.data.rel.ro))

.rel.data
 *(SORT_BY_ALIGNMENT(.rel.data))

.rel.tdata
 *(SORT_BY_ALIGNMENT(.rel.tdata))

.rel.tbss
 *(SORT_BY_ALIGNMENT(.rel.tbss))

.rel.ctors
 *(SORT_BY_ALIGNMENT(.rel.ctors))

.rel.dtors
 *(SORT_BY_ALIGNMENT(.rel.dtors))

.rel.got
 *(SORT_BY_ALIGNMENT(.rel.got))

.rel.bss
 *(SORT_BY_ALIGNMENT(.rel.bss))

.rel.ifunc
 *(SORT_BY_ALIGNMENT(.rel.ifunc))

.rel.plt
 *(SORT_BY_ALIGNMENT(.rel.plt))

.relr.dyn
 *(SORT_BY_ALIGNMENT(.relr.dyn))

.init
 *(SORT_NONE(.init))

.plt
 *(SORT_BY_ALIGNMENT(.plt))

.plt.got
 *(SORT_BY_ALIGNMENT(.plt.got))

.plt.sec
 *(SORT_BY_ALIGNMENT(.plt.sec))

.text
 *(SORT_BY_ALIGNMENT(.text) SORT_BY_ALIGNMENT(.stub))
 *(SORT_BY_ALIGNMENT(.gnu.warning))

.text._OffsetAbsSyms
                0x00000000        0x1
 .text._OffsetAbsSyms
                0x00000000        0x1 zephyr/CMakeFiles/offsets.dir/./arch/posix/core/offsets/offsets.c.obj
                0x00000000                _OffsetAbsSyms

.text.i2c_write_dt_wrapper
                0x00000000      0x1a9
 .text.i2c_write_dt_wrapper
                0x00000000      0x1a9 app/libapp.a(main.c.obj)
                0x00000000                i2c_write_dt_wrapper

.text.z_zassert.constprop.0
                0x00000000       0x5e
 .text.z_zassert.constprop.0
                0x00000000       0x5e app/libapp.a(main.c.obj)

.text.my_sensor_send
                0x00000000       0x34
 .text.my_sensor_send
                0x00000000       0x34 app/libapp.a(main.c.obj)
                0x00000000                my_sensor_send

.text._framework_tests_test_assert_wrapper
                0x00000000       0x81
 .text._framework_tests_test_assert_wrapper
                0x00000000       0x81 app/libapp.a(main.c.obj)

.text.cbvprintf_package
                0x00000000      0x55b
 .text.cbvprintf_package
                0x00000000      0x55b zephyr/libzephyr.a(cbprintf_packaged.c.obj)
                0x00000000                cbvprintf_package

.text.cbpprintf_external
                0x00000000       0x93
 .text.cbpprintf_external
                0x00000000       0x93 zephyr/libzephyr.a(cbprintf_packaged.c.obj)
                0x00000000                cbpprintf_external

.text.arch_printk_char_out
                0x00000000        0x3
 .text.arch_printk_char_out
                0x00000000        0x3 zephyr/libzephyr.a(printk.c.obj)
                0x00000000                arch_printk_char_out

.text.__printk_hook_install
                0x00000000        0xd
 .text.__printk_hook_install
                0x00000000        0xd zephyr/libzephyr.a(printk.c.obj)
                0x00000000                __printk_hook_install

.text.vprintk   0x00000000        0x5
 .text.vprintk  0x00000000        0x5 zephyr/libzephyr.a(printk.c.obj)
                0x00000000                vprintk

.text.printk    0x00000000       0x17
 .text.printk   0x00000000       0x17 zephyr/libzephyr.a(printk.c.obj)
                0x00000000                printk

.text.z_thread_entry
                0x00000000       0x3a
 .text.z_thread_entry
                0x00000000       0x3a zephyr/libzephyr.a(thread_entry.c.obj)
                0x00000000                z_thread_entry

.text.outs      0x00000000       0x4f
 .text.outs     0x00000000       0x4f zephyr/libzephyr.a(cbprintf_complete.c.obj)

.text.extract_decimal
                0x00000000       0x37
 .text.extract_decimal
                0x00000000       0x37 zephyr/libzephyr.a(cbprintf_complete.c.obj)

.text.encode_uint
                0x00000000       0xd7
 .text.encode_uint
                0x00000000       0xd7 zephyr/libzephyr.a(cbprintf_complete.c.obj)

.text.z_cbvprintf_impl
                0x00000000      0x810
 .text.z_cbvprintf_impl
                0x00000000      0x810 zephyr/libzephyr.a(cbprintf_complete.c.obj)
                0x00000000                z_cbvprintf_impl

.text.assert_print
                0x00000000       0x17
 .text.assert_print
                0x00000000       0x17 zephyr/libzephyr.a(assert.c.obj)
                0x00000000                assert_print

.text.assert_post_action
                0x00000000       0x2c
 .text.assert_post_action
                0x00000000       0x2c zephyr/libzephyr.a(assert.c.obj)
                0x00000000                assert_post_action

.text._ConfigAbsSyms
                0x00000000        0x1
 .text._ConfigAbsSyms
                0x00000000        0x1 zephyr/libzephyr.a(configs.c.obj)
                0x00000000                _ConfigAbsSyms

.text.dummy_timestamp
                0x00000000        0x3
 .text.dummy_timestamp
                0x00000000        0x3 zephyr/libzephyr.a(log_core.c.obj)

.text.default_get_timestamp
                0x00000000        0x5
 .text.default_get_timestamp
                0x00000000        0x5 zephyr/libzephyr.a(log_core.c.obj)

.text.z_log_init.isra.0
                0x00000000      0x1d5
 .text.z_log_init.isra.0
                0x00000000      0x1d5 zephyr/libzephyr.a(log_core.c.obj)

.text.enable_logger
                0x00000000       0x13
 .text.enable_logger
                0x00000000       0x13 zephyr/libzephyr.a(log_core.c.obj)

.text.log_format_func_t_get
                0x00000000        0xf
 .text.log_format_func_t_get
                0x00000000        0xf zephyr/libzephyr.a(log_core.c.obj)
                0x00000000                log_format_func_t_get

.text.z_log_vprintk
                0x00000000       0x22
 .text.z_log_vprintk
                0x00000000       0x22 zephyr/libzephyr.a(log_core.c.obj)
                0x00000000                z_log_vprintk

.text.log_set_timestamp_func
                0x00000000       0x2a
 .text.log_set_timestamp_func
                0x00000000       0x2a zephyr/libzephyr.a(log_core.c.obj)
                0x00000000                log_set_timestamp_func

.text.log_core_init
                0x00000000       0x2d
 .text.log_core_init
                0x00000000       0x2d zephyr/libzephyr.a(log_core.c.obj)
                0x00000000                log_core_init

.text.z_impl_log_panic
                0x00000000       0xa4
 .text.z_impl_log_panic
                0x00000000       0xa4 zephyr/libzephyr.a(log_core.c.obj)
                0x00000000                z_impl_log_panic

.text.z_log_notify_backend_enabled
                0x00000000        0x1
 .text.z_log_notify_backend_enabled
                0x00000000        0x1 zephyr/libzephyr.a(log_core.c.obj)
                0x00000000                z_log_notify_backend_enabled

.text.z_log_dropped
                0x00000000       0x1a
 .text.z_log_dropped
                0x00000000       0x1a zephyr/libzephyr.a(log_core.c.obj)
                0x00000000                z_log_dropped

.text.z_log_msg_commit
                0x00000000       0x90
 .text.z_log_msg_commit
                0x00000000       0x90 zephyr/libzephyr.a(log_core.c.obj)
                0x00000000                z_log_msg_commit

.text.z_log_get_tag
                0x00000000        0x3
 .text.z_log_get_tag
                0x00000000        0x3 zephyr/libzephyr.a(log_core.c.obj)
                0x00000000                z_log_get_tag

.text.log_source_name_get
                0x00000000       0x24
 .text.log_source_name_get
                0x00000000       0x24 zephyr/libzephyr.a(log_mgmt.c.obj)
                0x00000000                log_source_name_get

.text.log_backend_enable
                0x00000000       0x24
 .text.log_backend_enable
                0x00000000       0x24 zephyr/libzephyr.a(log_mgmt.c.obj)
                0x00000000                log_backend_enable

.text.z_log_msg_finalize
                0x00000000       0x5a
 .text.z_log_msg_finalize
                0x00000000       0x5a zephyr/libzephyr.a(log_msg.c.obj)
                0x00000000                z_log_msg_finalize

.text.z_log_msg_runtime_vcreate
                0x00000000      0x1ac
 .text.z_log_msg_runtime_vcreate
                0x00000000      0x1ac zephyr/libzephyr.a(log_msg.c.obj)
                0x00000000                z_log_msg_runtime_vcreate

.text.z_log_msg_runtime_create.constprop.0
                0x00000000       0x48
 .text.z_log_msg_runtime_create.constprop.0
                0x00000000       0x24 zephyr/libzephyr.a(log_msg.c.obj)
 .text.z_log_msg_runtime_create.constprop.0
                0x00000024       0x24 zephyr/kernel/libkernel.a(fatal.c.obj)

.text.log_msg_get_source_id
                0x00000000       0x20
 .text.log_msg_get_source_id
                0x00000000       0x20 zephyr/libzephyr.a(log_msg.c.obj)
                0x00000000                log_msg_get_source_id

.text.log_output_write
                0x00000000       0x2c
 .text.log_output_write
                0x00000000       0x2c zephyr/libzephyr.a(log_output.c.obj)

.text.out_func  0x00000000       0x3f
 .text.out_func
                0x00000000       0x3f zephyr/libzephyr.a(log_output.c.obj)

.text.cr_out_func
                0x00000000       0x32
 .text.cr_out_func
                0x00000000       0x32 zephyr/libzephyr.a(log_output.c.obj)

.text.cbvprintf
                0x00000000       0x1e
 .text.cbvprintf
                0x00000000       0x1e zephyr/libzephyr.a(log_output.c.obj)

.text.print_formatted
                0x00000000       0x1f
 .text.print_formatted
                0x00000000       0x1f zephyr/libzephyr.a(log_output.c.obj)

.text.newline_print
                0x00000000       0x2c
 .text.newline_print
                0x00000000       0x2c zephyr/libzephyr.a(log_output.c.obj)

.text.log_output_process
                0x00000000      0x382
 .text.log_output_process
                0x00000000      0x382 zephyr/libzephyr.a(log_output.c.obj)
                0x00000000                log_output_process

.text.log_output_msg_process
                0x00000000       0x94
 .text.log_output_msg_process
                0x00000000       0x94 zephyr/libzephyr.a(log_output.c.obj)
                0x00000000                log_output_msg_process

.text.log_output_timestamp_freq_set
                0x00000000       0x34
 .text.log_output_timestamp_freq_set
                0x00000000       0x34 zephyr/libzephyr.a(log_output.c.obj)
                0x00000000                log_output_timestamp_freq_set

.text.format_set
                0x00000000        0xf
 .text.format_set
                0x00000000        0xf zephyr/libzephyr.a(log_backend_native_posix.c.obj)

.text.char_out  0x00000000       0x76
 .text.char_out
                0x00000000       0x76 zephyr/libzephyr.a(log_backend_native_posix.c.obj)

.text.process   0x00000000       0x25
 .text.process  0x00000000       0x25 zephyr/libzephyr.a(log_backend_native_posix.c.obj)

.text.panic     0x00000000       0x3f
 .text.panic    0x00000000       0x3f zephyr/libzephyr.a(log_backend_native_posix.c.obj)

.text.sys_trace_isr_enter
                0x00000000        0x1
 .text.sys_trace_isr_enter
                0x00000000        0x1 zephyr/libzephyr.a(tracing_none.c.obj)
                0x00000000                sys_trace_isr_enter

.text.sys_trace_isr_exit
                0x00000000        0x1
 .text.sys_trace_isr_exit
                0x00000000        0x1 zephyr/libzephyr.a(tracing_none.c.obj)
                0x00000000                sys_trace_isr_exit

.text.sys_trace_idle
                0x00000000        0x1
 .text.sys_trace_idle
                0x00000000        0x1 zephyr/libzephyr.a(tracing_none.c.obj)
                0x00000000                sys_trace_idle

.text.arch_cpu_idle
                0x00000000       0x16
 .text.arch_cpu_idle
                0x00000000       0x16 zephyr/arch/arch/posix/core/libarch__posix__core.a(cpuhalt.c.obj)
                0x00000000                arch_cpu_idle

.text.arch_system_halt
                0x00000000       0x27
 .text.arch_system_halt
                0x00000000       0x27 zephyr/arch/arch/posix/core/libarch__posix__core.a(fatal.c.obj)
                0x00000000                arch_system_halt

.text.arch_irq_enable
                0x00000000        0x5
 .text.arch_irq_enable
                0x00000000        0x5 zephyr/arch/arch/posix/core/libarch__posix__core.a(irq.c.obj)
                0x00000000                arch_irq_enable

.text.arch_swap
                0x00000000       0x50
 .text.arch_swap
                0x00000000       0x50 zephyr/arch/arch/posix/core/libarch__posix__core.a(swap.c.obj)
                0x00000000                arch_swap

.text.arch_switch_to_main_thread
                0x00000000       0x1c
 .text.arch_switch_to_main_thread
                0x00000000       0x1c zephyr/arch/arch/posix/core/libarch__posix__core.a(swap.c.obj)
                0x00000000                arch_switch_to_main_thread

.text.arch_new_thread
                0x00000000       0x41
 .text.arch_new_thread
                0x00000000       0x41 zephyr/arch/arch/posix/core/libarch__posix__core.a(thread.c.obj)
                0x00000000                arch_new_thread

.text.arch_thread_name_set
                0x00000000       0x66
 .text.arch_thread_name_set
                0x00000000       0x66 zephyr/arch/arch/posix/core/libarch__posix__core.a(thread.c.obj)
                0x00000000                arch_thread_name_set

.text.posix_arch_thread_entry
                0x00000000       0x1d
 .text.posix_arch_thread_entry
                0x00000000       0x1d zephyr/arch/arch/posix/core/libarch__posix__core.a(thread.c.obj)
                0x00000000                posix_arch_thread_entry

.text.z_impl_k_thread_abort
                0x00000000       0x84
 .text.z_impl_k_thread_abort
                0x00000000       0x84 zephyr/arch/arch/posix/core/libarch__posix__core.a(thread.c.obj)
                0x00000000                z_impl_k_thread_abort

.text.posix_arch_init
                0x00000000       0x1a
 .text.posix_arch_init
                0x00000000       0x1a zephyr/arch/arch/posix/core/libarch__posix__core.a(posix_core_nsi.c.obj)
                0x00000000                posix_arch_init

.text.posix_arch_clean_up
                0x00000000       0x16
 .text.posix_arch_clean_up
                0x00000000       0x16 zephyr/arch/arch/posix/core/libarch__posix__core.a(posix_core_nsi.c.obj)
                0x00000000                posix_arch_clean_up

.text.posix_swap
                0x00000000       0x17
 .text.posix_swap
                0x00000000       0x17 zephyr/arch/arch/posix/core/libarch__posix__core.a(posix_core_nsi.c.obj)
                0x00000000                posix_swap

.text.posix_main_thread_start
                0x00000000       0x19
 .text.posix_main_thread_start
                0x00000000       0x19 zephyr/arch/arch/posix/core/libarch__posix__core.a(posix_core_nsi.c.obj)
                0x00000000                posix_main_thread_start

.text.posix_new_thread
                0x00000000       0x19
 .text.posix_new_thread
                0x00000000       0x19 zephyr/arch/arch/posix/core/libarch__posix__core.a(posix_core_nsi.c.obj)
                0x00000000                posix_new_thread

.text.posix_abort_thread
                0x00000000       0x19
 .text.posix_abort_thread
                0x00000000       0x19 zephyr/arch/arch/posix/core/libarch__posix__core.a(posix_core_nsi.c.obj)
                0x00000000                posix_abort_thread

.text.posix_arch_thread_name_set
                0x00000000       0x1c
 .text.posix_arch_thread_name_set
                0x00000000       0x1c zephyr/arch/arch/posix/core/libarch__posix__core.a(posix_core_nsi.c.obj)
                0x00000000                posix_arch_thread_name_set

.text.posix_is_cpu_running
                0x00000000       0x16
 .text.posix_is_cpu_running
                0x00000000       0x16 zephyr/soc/soc/native/libsoc__native__inf_clock.a(soc.c.obj)
                0x00000000                posix_is_cpu_running

.text.posix_interrupt_raised
                0x00000000       0x16
 .text.posix_interrupt_raised
                0x00000000       0x16 zephyr/soc/soc/native/libsoc__native__inf_clock.a(soc.c.obj)
                0x00000000                posix_interrupt_raised

.text.posix_halt_cpu
                0x00000000       0x1a
 .text.posix_halt_cpu
                0x00000000       0x1a zephyr/soc/soc/native/libsoc__native__inf_clock.a(soc.c.obj)
                0x00000000                posix_halt_cpu

.text.posix_boot_cpu
                0x00000000       0x2c
 .text.posix_boot_cpu
                0x00000000       0x2c zephyr/soc/soc/native/libsoc__native__inf_clock.a(soc.c.obj)
                0x00000000                posix_boot_cpu

.text.posix_soc_clean_up
                0x00000000       0x28
 .text.posix_soc_clean_up
                0x00000000       0x28 zephyr/soc/soc/native/libsoc__native__inf_clock.a(soc.c.obj)
                0x00000000                posix_soc_clean_up

.text.run_native_tasks
                0x00000000       0x29
 .text.run_native_tasks
                0x00000000       0x29 zephyr/soc/soc/native/libsoc__native__inf_clock.a(native_tasks.c.obj)
                0x00000000                run_native_tasks

.text.native_add_command_line_opts
                0x00000000        0x5
 .text.native_add_command_line_opts
                0x00000000        0x5 zephyr/boards/native/native_sim/libboards__native__native_sim.a(cmdline.c.obj)
                0x00000000                native_add_command_line_opts

.text.posix_irq_handler
                0x00000000      0x124
 .text.posix_irq_handler
                0x00000000      0x124 zephyr/boards/native/native_sim/libboards__native__native_sim.a(irq_handler.c.obj)
                0x00000000                posix_irq_handler

.text.posix_irq_lock
                0x00000000       0x12
 .text.posix_irq_lock
                0x00000000       0x12 zephyr/boards/native/native_sim/libboards__native__native_sim.a(irq_handler.c.obj)
                0x00000000                posix_irq_lock

.text.posix_irq_unlock
                0x00000000        0x5
 .text.posix_irq_unlock
                0x00000000        0x5 zephyr/boards/native/native_sim/libboards__native__native_sim.a(irq_handler.c.obj)
                0x00000000                posix_irq_unlock

.text.posix_irq_full_unlock
                0x00000000       0x12
 .text.posix_irq_full_unlock
                0x00000000       0x12 zephyr/boards/native/native_sim/libboards__native__native_sim.a(irq_handler.c.obj)
                0x00000000                posix_irq_full_unlock

.text.posix_irq_enable
                0x00000000        0x5
 .text.posix_irq_enable
                0x00000000        0x5 zephyr/boards/native/native_sim/libboards__native__native_sim.a(irq_handler.c.obj)
                0x00000000                posix_irq_enable

.text.posix_isr_declare
                0x00000000       0x4c
 .text.posix_isr_declare
                0x00000000       0x4c zephyr/boards/native/native_sim/libboards__native__native_sim.a(irq_handler.c.obj)
                0x00000000                posix_isr_declare

.text.posix_irq_priority_set
                0x00000000       0x21
 .text.posix_irq_priority_set
                0x00000000       0x21 zephyr/boards/native/native_sim/libboards__native__native_sim.a(irq_handler.c.obj)
                0x00000000                posix_irq_priority_set

.text.posix_exit
                0x00000000        0xe
 .text.posix_exit
                0x00000000        0xe zephyr/boards/native/native_sim/libboards__native__native_sim.a(posix_arch_if.c.obj)
                0x00000000                posix_exit

.text.posix_print_error_and_exit
                0x00000000       0x17
 .text.posix_print_error_and_exit
                0x00000000       0x17 zephyr/boards/native/native_sim/libboards__native__native_sim.a(posix_arch_if.c.obj)
                0x00000000                posix_print_error_and_exit

.text.posix_print_warning
                0x00000000       0x17
 .text.posix_print_warning
                0x00000000       0x17 zephyr/boards/native/native_sim/libboards__native__native_sim.a(posix_arch_if.c.obj)
                0x00000000                posix_print_warning

.text.posix_print_trace
                0x00000000       0x17
 .text.posix_print_trace
                0x00000000       0x17 zephyr/boards/native/native_sim/libboards__native__native_sim.a(posix_arch_if.c.obj)
                0x00000000                posix_print_trace

.text.run_test_rules
                0x00000000       0x44
 .text.run_test_rules
                0x00000000       0x44 zephyr/subsys/testsuite/ztest/libsubsys__testsuite__ztest.a(ztest.c.obj)

.text.ztest_find_test_suite
                0x00000000       0x35
 .text.ztest_find_test_suite
                0x00000000       0x35 zephyr/subsys/testsuite/ztest/libsubsys__testsuite__ztest.a(ztest.c.obj)

.text.test_cb   0x00000000       0x58
 .text.test_cb  0x00000000       0x58 zephyr/subsys/testsuite/ztest/libsubsys__testsuite__ztest.a(ztest.c.obj)

.text.test_finalize
                0x00000000       0x46
 .text.test_finalize
                0x00000000       0x46 zephyr/subsys/testsuite/ztest/libsubsys__testsuite__ztest.a(ztest.c.obj)

.text.ztest_test_fail
                0x00000000       0x5e
 .text.ztest_test_fail
                0x00000000       0x5e zephyr/subsys/testsuite/ztest/libsubsys__testsuite__ztest.a(ztest.c.obj)
                0x00000000                ztest_test_fail

.text.z_ztest_get_next_test
                0x00000000       0x3d
 .text.z_ztest_get_next_test
                0x00000000       0x3d zephyr/subsys/testsuite/ztest/libsubsys__testsuite__ztest.a(ztest.c.obj)
                0x00000000                z_ztest_get_next_test

.text.z_ztest_run_test_suite_ptr.isra.0
                0x00000000      0x3ad
 .text.z_ztest_run_test_suite_ptr.isra.0
                0x00000000      0x3ad zephyr/subsys/testsuite/ztest/libsubsys__testsuite__ztest.a(ztest.c.obj)

.text.z_impl_ztest_run_test_suites
                0x00000000       0x85
 .text.z_impl_ztest_run_test_suites
                0x00000000       0x85 zephyr/subsys/testsuite/ztest/libsubsys__testsuite__ztest.a(ztest.c.obj)
                0x00000000                z_impl_ztest_run_test_suites

.text.ztest_verify_all_test_suites_ran
                0x00000000       0xc5
 .text.ztest_verify_all_test_suites_ran
                0x00000000       0xc5 zephyr/subsys/testsuite/ztest/libsubsys__testsuite__ztest.a(ztest.c.obj)
                0x00000000                ztest_verify_all_test_suites_ran

.text.ztest_run_all
                0x00000000       0x11
 .text.ztest_run_all
                0x00000000       0x11 zephyr/subsys/testsuite/ztest/libsubsys__testsuite__ztest.a(ztest.c.obj)
                0x00000000                ztest_run_all

.text.test_main
                0x00000000       0x1c
 .text.test_main
                0x00000000       0x1c zephyr/subsys/testsuite/ztest/libsubsys__testsuite__ztest.a(ztest.c.obj)
                0x00000000                test_main

.text.main      0x00000000      0x246
 .text.main     0x00000000      0x246 zephyr/subsys/testsuite/ztest/libsubsys__testsuite__ztest.a(ztest.c.obj)
                0x00000000                main

.text.free_parameter
                0x00000000       0x7e
 .text.free_parameter
                0x00000000       0x7e zephyr/subsys/testsuite/ztest/libsubsys__testsuite__ztest.a(ztest_mock.c.obj)

.text.z_init_mock
                0x00000000        0x1
 .text.z_init_mock
                0x00000000        0x1 zephyr/subsys/testsuite/ztest/libsubsys__testsuite__ztest.a(ztest_mock.c.obj)
                0x00000000                z_init_mock

.text.z_cleanup_mock
                0x00000000       0x86
 .text.z_cleanup_mock
                0x00000000       0x86 zephyr/subsys/testsuite/ztest/libsubsys__testsuite__ztest.a(ztest_mock.c.obj)
                0x00000000                z_cleanup_mock

.text.add_test_filter_option
                0x00000000       0x15
 .text.add_test_filter_option
                0x00000000       0x15 zephyr/subsys/testsuite/ztest/libsubsys__testsuite__ztest.a(ztest_posix.c.obj)

.text.z_ztest_testargs_contains
                0x00000000      0x105
 .text.z_ztest_testargs_contains
                0x00000000      0x105 zephyr/subsys/testsuite/ztest/libsubsys__testsuite__ztest.a(ztest_posix.c.obj)

.text.z_ztest_should_test_run
                0x00000000       0x2b
 .text.z_ztest_should_test_run
                0x00000000       0x2b zephyr/subsys/testsuite/ztest/libsubsys__testsuite__ztest.a(ztest_posix.c.obj)
                0x00000000                z_ztest_should_test_run

.text.z_ztest_should_suite_run
                0x00000000       0x3d
 .text.z_ztest_should_suite_run
                0x00000000       0x3d zephyr/subsys/testsuite/ztest/libsubsys__testsuite__ztest.a(ztest_posix.c.obj)
                0x00000000                z_ztest_should_suite_run

.text.ztest_relative_filename
                0x00000000       0x89
 .text.ztest_relative_filename
                0x00000000       0x89 zephyr/subsys/testsuite/ztest/libsubsys__testsuite__ztest.a(ztest_posix.c.obj)
                0x00000000                ztest_relative_filename

.text.z_ztest_list_tests
                0x00000000       0x62
 .text.z_ztest_list_tests
                0x00000000       0x62 zephyr/subsys/testsuite/ztest/libsubsys__testsuite__ztest.a(ztest_posix.c.obj)
                0x00000000                z_ztest_list_tests

.text.z_ztest_run_all
                0x00000000       0x36
 .text.z_ztest_run_all
                0x00000000       0x36 zephyr/subsys/testsuite/ztest/libsubsys__testsuite__ztest.a(ztest_posix.c.obj)
                0x00000000                z_ztest_run_all

.text.posix_arch_console_init
                0x00000000       0x17
 .text.posix_arch_console_init
                0x00000000       0x17 zephyr/drivers/console/libdrivers__console.a(posix_arch_console.c.obj)

.text.print_char
                0x00000000       0x61
 .text.print_char
                0x00000000       0x61 zephyr/drivers/console/libdrivers__console.a(posix_arch_console.c.obj)

.text.np_timer_isr
                0x00000000       0x85
 .text.np_timer_isr
                0x00000000       0x85 zephyr/drivers/timer/libdrivers__timer.a(native_posix_timer.c.obj)

.text.sys_clock_driver_init
                0x00000000       0x65
 .text.sys_clock_driver_init
                0x00000000       0x65 zephyr/drivers/timer/libdrivers__timer.a(native_posix_timer.c.obj)

.text.sys_clock_cycle_get_32
                0x00000000        0x6
 .text.sys_clock_cycle_get_32
                0x00000000        0x6 zephyr/drivers/timer/libdrivers__timer.a(native_posix_timer.c.obj)
                0x00000000                sys_clock_cycle_get_32

.text.sys_clock_set_timeout
                0x00000000       0x2b
 .text.sys_clock_set_timeout
                0x00000000       0x2b zephyr/drivers/timer/libdrivers__timer.a(native_posix_timer.c.obj)
                0x00000000                sys_clock_set_timeout

.text.sys_clock_elapsed
                0x00000000       0x35
 .text.sys_clock_elapsed
                0x00000000       0x35 zephyr/drivers/timer/libdrivers__timer.a(native_posix_timer.c.obj)
                0x00000000                sys_clock_elapsed

.text.k_sys_fatal_error_handler
                0x00000000       0x30
 .text.k_sys_fatal_error_handler
                0x00000000       0x30 zephyr/kernel/libkernel.a(fatal.c.obj)
                0x00000000                k_sys_fatal_error_handler

.text.z_fatal_error
                0x00000000       0xb7
 .text.z_fatal_error
                0x00000000       0xb7 zephyr/kernel/libkernel.a(fatal.c.obj)
                0x00000000                z_fatal_error

.text.do_device_init
                0x00000000       0x41
 .text.do_device_init
                0x00000000       0x41 zephyr/kernel/libkernel.a(init.c.obj)

.text.z_sys_init_run_level
                0x00000000       0x31
 .text.z_sys_init_run_level
                0x00000000       0x31 zephyr/kernel/libkernel.a(init.c.obj)

.text.bg_thread_main
                0x00000000      0x159
 .text.bg_thread_main
                0x00000000      0x159 zephyr/kernel/libkernel.a(init.c.obj)

.text.z_init_cpu
                0x00000000       0x68
 .text.z_init_cpu
                0x00000000       0x68 zephyr/kernel/libkernel.a(init.c.obj)
                0x00000000                z_init_cpu

.text.z_cstart  0x00000000       0xc0
 .text.z_cstart
                0x00000000       0xc0 zephyr/kernel/libkernel.a(init.c.obj)
                0x00000000                z_cstart

.text.__do_global_ctors_aux
                0x00000000       0x22
 .text.__do_global_ctors_aux
                0x00000000       0x22 zephyr/kernel/libkernel.a(init_static.c.obj)
                0x00000000                __do_global_ctors_aux

.text.__do_init_array_aux
                0x00000000       0x1d
 .text.__do_init_array_aux
                0x00000000       0x1d zephyr/kernel/libkernel.a(init_static.c.obj)
                0x00000000                __do_init_array_aux

.text.z_init_static
                0x00000000       0x11
 .text.z_init_static
                0x00000000       0x11 zephyr/kernel/libkernel.a(init_static.c.obj)
                0x00000000                z_init_static

.text.idle      0x00000000       0x58
 .text.idle     0x00000000       0x58 zephyr/kernel/libkernel.a(idle.c.obj)
                0x00000000                idle

.text.k_is_in_isr
                0x00000000        0xb
 .text.k_is_in_isr
                0x00000000        0xb zephyr/kernel/libkernel.a(thread.c.obj)
                0x00000000                k_is_in_isr

.text.z_impl_k_thread_name_set
                0x00000000       0x3b
 .text.z_impl_k_thread_name_set
                0x00000000       0x3b zephyr/kernel/libkernel.a(thread.c.obj)
                0x00000000                z_impl_k_thread_name_set

.text.k_thread_name_get
                0x00000000        0xb
 .text.k_thread_name_get
                0x00000000        0xb zephyr/kernel/libkernel.a(thread.c.obj)
                0x00000000                k_thread_name_get

.text.z_setup_new_thread
                0x00000000      0x114
 .text.z_setup_new_thread
                0x00000000      0x114 zephyr/kernel/libkernel.a(thread.c.obj)
                0x00000000                z_setup_new_thread

.text.z_impl_k_thread_create
                0x00000000       0xd0
 .text.z_impl_k_thread_create
                0x00000000       0xd0 zephyr/kernel/libkernel.a(thread.c.obj)
                0x00000000                z_impl_k_thread_create

.text.z_dummy_thread_init
                0x00000000       0x18
 .text.z_dummy_thread_init
                0x00000000       0x18 zephyr/kernel/libkernel.a(thread.c.obj)
                0x00000000                z_dummy_thread_init

.text.sys_dlist_remove
                0x00000000       0x12
 .text.sys_dlist_remove
                0x00000000       0x12 zephyr/kernel/libkernel.a(sched.c.obj)

.text.ready_thread
                0x00000000      0x153
 .text.ready_thread
                0x00000000      0x153 zephyr/kernel/libkernel.a(sched.c.obj)

.text.unready_thread
                0x00000000       0xee
 .text.unready_thread
                0x00000000       0xee zephyr/kernel/libkernel.a(sched.c.obj)

.text.unpend_thread_no_timeout
                0x00000000       0x60
 .text.unpend_thread_no_timeout
                0x00000000       0x60 zephyr/kernel/libkernel.a(sched.c.obj)

.text.add_to_waitq_locked
                0x00000000       0x5c
 .text.add_to_waitq_locked
                0x00000000       0x5c zephyr/kernel/libkernel.a(sched.c.obj)

.text.move_thread_to_end_of_prio_q
                0x00000000      0x17b
 .text.move_thread_to_end_of_prio_q
                0x00000000      0x17b zephyr/kernel/libkernel.a(sched.c.obj)
                0x00000000                move_thread_to_end_of_prio_q

.text.z_ready_thread
                0x00000000       0xf6
 .text.z_ready_thread
                0x00000000       0xf6 zephyr/kernel/libkernel.a(sched.c.obj)
                0x00000000                z_ready_thread

.text.z_sched_wake_thread
                0x00000000      0x110
 .text.z_sched_wake_thread
                0x00000000      0x110 zephyr/kernel/libkernel.a(sched.c.obj)
                0x00000000                z_sched_wake_thread

.text.z_thread_timeout
                0x00000000       0x19
 .text.z_thread_timeout
                0x00000000       0x19 zephyr/kernel/libkernel.a(sched.c.obj)
                0x00000000                z_thread_timeout

.text.z_reschedule
                0x00000000       0xf2
 .text.z_reschedule
                0x00000000       0xf2 zephyr/kernel/libkernel.a(sched.c.obj)
                0x00000000                z_reschedule

.text.z_reschedule_irqlock
                0x00000000       0x32
 .text.z_reschedule_irqlock
                0x00000000       0x32 zephyr/kernel/libkernel.a(sched.c.obj)
                0x00000000                z_reschedule_irqlock

.text.k_sched_lock
                0x00000000      0x194
 .text.k_sched_lock
                0x00000000      0x194 zephyr/kernel/libkernel.a(sched.c.obj)
                0x00000000                k_sched_lock

.text.k_sched_unlock
                0x00000000      0x1e2
 .text.k_sched_unlock
                0x00000000      0x1e2 zephyr/kernel/libkernel.a(sched.c.obj)
                0x00000000                k_sched_unlock

.text.z_sched_init
                0x00000000       0x15
 .text.z_sched_init
                0x00000000       0x15 zephyr/kernel/libkernel.a(sched.c.obj)
                0x00000000                z_sched_init

.text.z_impl_k_yield
                0x00000000      0x1dc
 .text.z_impl_k_yield
                0x00000000      0x1dc zephyr/kernel/libkernel.a(sched.c.obj)
                0x00000000                z_impl_k_yield

.text.z_tick_sleep
                0x00000000      0x1ba
 .text.z_tick_sleep
                0x00000000      0x1ba zephyr/kernel/libkernel.a(sched.c.obj)

.text.z_impl_k_sleep
                0x00000000       0x82
 .text.z_impl_k_sleep
                0x00000000       0x82 zephyr/kernel/libkernel.a(sched.c.obj)
                0x00000000                z_impl_k_sleep

.text.z_impl_k_wakeup
                0x00000000      0x129
 .text.z_impl_k_wakeup
                0x00000000      0x129 zephyr/kernel/libkernel.a(sched.c.obj)
                0x00000000                z_impl_k_wakeup

.text.z_impl_k_sched_current_thread_query
                0x00000000        0x6
 .text.z_impl_k_sched_current_thread_query
                0x00000000        0x6 zephyr/kernel/libkernel.a(sched.c.obj)
                0x00000000                z_impl_k_sched_current_thread_query

.text.z_thread_abort
                0x00000000      0x393
 .text.z_thread_abort
                0x00000000      0x393 zephyr/kernel/libkernel.a(sched.c.obj)
                0x00000000                z_thread_abort

.text.z_impl_k_thread_join
                0x00000000      0x22c
 .text.z_impl_k_thread_join
                0x00000000      0x22c zephyr/kernel/libkernel.a(sched.c.obj)
                0x00000000                z_impl_k_thread_join

.text.slice_timeout
                0x00000000       0x80
 .text.slice_timeout
                0x00000000       0x80 zephyr/kernel/libkernel.a(timeslicing.c.obj)

.text.thread_is_sliceable
                0x00000000       0x3f
 .text.thread_is_sliceable
                0x00000000       0x3f zephyr/kernel/libkernel.a(timeslicing.c.obj)
                0x00000000                thread_is_sliceable

.text.z_reset_time_slice
                0x00000000       0x53
 .text.z_reset_time_slice
                0x00000000       0x53 zephyr/kernel/libkernel.a(timeslicing.c.obj)
                0x00000000                z_reset_time_slice

.text.z_time_slice
                0x00000000      0x138
 .text.z_time_slice
                0x00000000      0x138 zephyr/kernel/libkernel.a(timeslicing.c.obj)
                0x00000000                z_time_slice

.text.z_spin_lock_valid
                0x00000000       0x21
 .text.z_spin_lock_valid
                0x00000000       0x21 zephyr/kernel/libkernel.a(spinlock_validate.c.obj)
                0x00000000                z_spin_lock_valid

.text.z_spin_unlock_valid
                0x00000000       0x37
 .text.z_spin_unlock_valid
                0x00000000       0x37 zephyr/kernel/libkernel.a(spinlock_validate.c.obj)
                0x00000000                z_spin_unlock_valid

.text.z_spin_lock_set_owner
                0x00000000       0x17
 .text.z_spin_lock_set_owner
                0x00000000       0x17 zephyr/kernel/libkernel.a(spinlock_validate.c.obj)
                0x00000000                z_spin_lock_set_owner

.text.first     0x00000000        0xf
 .text.first    0x00000000        0xf zephyr/kernel/libkernel.a(timeout.c.obj)

.text.elapsed   0x00000000       0x11
 .text.elapsed  0x00000000       0x11 zephyr/kernel/libkernel.a(timeout.c.obj)

.text.next_timeout
                0x00000000       0x4e
 .text.next_timeout
                0x00000000       0x4e zephyr/kernel/libkernel.a(timeout.c.obj)

.text.remove_timeout
                0x00000000       0x37
 .text.remove_timeout
                0x00000000       0x37 zephyr/kernel/libkernel.a(timeout.c.obj)

.text.z_add_timeout
                0x00000000      0x250
 .text.z_add_timeout
                0x00000000      0x250 zephyr/kernel/libkernel.a(timeout.c.obj)
                0x00000000                z_add_timeout

.text.z_abort_timeout
                0x00000000      0x12e
 .text.z_abort_timeout
                0x00000000      0x12e zephyr/kernel/libkernel.a(timeout.c.obj)
                0x00000000                z_abort_timeout

.text.sys_clock_announce
                0x00000000      0x210
 .text.sys_clock_announce
                0x00000000      0x210 zephyr/kernel/libkernel.a(timeout.c.obj)
                0x00000000                sys_clock_announce

.text.sys_clock_tick_get
                0x00000000      0x112
 .text.sys_clock_tick_get
                0x00000000      0x112 zephyr/kernel/libkernel.a(timeout.c.obj)
                0x00000000                sys_clock_tick_get

.text.sys_clock_tick_get_32
                0x00000000        0xd
 .text.sys_clock_tick_get_32
                0x00000000        0xd zephyr/kernel/libkernel.a(timeout.c.obj)
                0x00000000                sys_clock_tick_get_32

.text.boot_banner
                0x00000000       0x15
 .text.boot_banner
                0x00000000       0x15 zephyr/kernel/libkernel.a(banner.c.obj)
                0x00000000                boot_banner

.text.z_device_state_init
                0x00000000       0x61
 .text.z_device_state_init
                0x00000000       0x61 zephyr/kernel/libkernel.a(device.c.obj)
                0x00000000                z_device_state_init

.native_sim_if  0x00000061       0x8f
 *(SORT_BY_ALIGNMENT(.native_sim_if))
 .native_sim_if
                0x00000061       0x5c zephyr/boards/native/native_sim/libboards__native__native_sim.a(nsi_if.c.obj)
                0x00000061                nsif_cpu0_pre_cmdline_hooks
                0x00000073                nsif_cpu0_pre_hw_init_hooks
                0x00000085                nsif_cpu0_boot
                0x000000a9                nsif_cpu0_cleanup
                0x000000b8                nsif_cpu0_irq_raised
 .native_sim_if
                0x000000bd       0x33 zephyr/boards/native/native_sim/libboards__native__native_sim.a(irq_handler.c.obj)
                0x000000bd                nsif_cpu0_irq_raised_from_sw
 *(SORT_BY_ALIGNMENT(.native_sim_if.*))

.fini
 *(SORT_NONE(.fini))

.rodata
 *(SORT_BY_ALIGNMENT(.rodata))

.rodata.z_zassert.constprop.0.str1.1
                0x00000000       0x46
 .rodata.z_zassert.constprop.0.str1.1
                0x00000000       0x46 app/libapp.a(main.c.obj)

.rodata.my_sensor_send.str1.1
                0x00000000        0xe
 .rodata.my_sensor_send.str1.1
                0x00000000        0xe app/libapp.a(main.c.obj)

.rodata._framework_tests_test_assert_wrapper.str1.1
                0x00000000       0x52
 .rodata._framework_tests_test_assert_wrapper.str1.1
                0x00000000       0x52 app/libapp.a(main.c.obj)

.rodata.__func__.0
                0x00000000       0x1c
 .rodata.__func__.0
                0x00000000       0x1c app/libapp.a(main.c.obj)

.rodata.str1.1  0x00000000      0x208
 .rodata.str1.1
                0x00000000       0x1c app/libapp.a(main.c.obj)
 .rodata.str1.1
                0x0000001c       0x11 zephyr/libzephyr.a(cbprintf_packaged.c.obj)
 .rodata.str1.1
                0x0000002d        0x4 zephyr/libzephyr.a(log_core.c.obj)
 .rodata.str1.1
                0x00000031        0x9 zephyr/libzephyr.a(log_mgmt.c.obj)
 .rodata.str1.1
                0x0000003a       0x20 zephyr/libzephyr.a(log_output.c.obj)
 .rodata.str1.1
                0x0000005a       0x19 zephyr/libzephyr.a(log_backend_native_posix.c.obj)
 .rodata.str1.1
                0x00000073       0x35 zephyr/boards/native/native_sim/libboards__native__native_sim.a(irq_handler.c.obj)
 .rodata.str1.1
                0x000000a8       0x3a zephyr/subsys/testsuite/ztest/libsubsys__testsuite__ztest.a(ztest.c.obj)
 .rodata.str1.1
                0x000000e2       0xd5 zephyr/subsys/testsuite/ztest/libsubsys__testsuite__ztest.a(ztest_posix.c.obj)
 .rodata.str1.1
                0x000001b7        0x4 zephyr/drivers/i2c/libdrivers__i2c.a(i2c_common.c.obj)
 .rodata.str1.1
                0x000001bb       0x4a zephyr/kernel/libkernel.a(fatal.c.obj)
 .rodata.str1.1
                0x00000205        0x3 zephyr/kernel/libkernel.a(init.c.obj)

.rodata.cbvprintf_package.str1.1
                0x00000000       0xd9
 .rodata.cbvprintf_package.str1.1
                0x00000000       0xd9 zephyr/libzephyr.a(cbprintf_packaged.c.obj)

.rodata.cbvprintf_package
                0x00000000       0xbc
 .rodata.cbvprintf_package
                0x00000000       0xbc zephyr/libzephyr.a(cbprintf_packaged.c.obj)

.rodata.z_thread_entry.str1.1
                0x00000000       0x4e
 .rodata.z_thread_entry.str1.1
                0x00000000       0x4e zephyr/libzephyr.a(thread_entry.c.obj)

.rodata.z_cbvprintf_impl.str1.1
                0x00000000        0x6
 .rodata.z_cbvprintf_impl.str1.1
                0x00000000        0x6 zephyr/libzephyr.a(cbprintf_complete.c.obj)

.rodata.z_cbvprintf_impl
                0x00000000       0xc0
 .rodata.z_cbvprintf_impl
                0x00000000       0xc0 zephyr/libzephyr.a(cbprintf_complete.c.obj)

.rodata.assert_post_action.str1.1
                0x00000000       0x2c
 .rodata.assert_post_action.str1.1
                0x00000000       0x2c zephyr/libzephyr.a(assert.c.obj)

.rodata.z_log_init.isra.0.str1.1
                0x00000000       0xdf
 .rodata.z_log_init.isra.0.str1.1
                0x00000000       0xdf zephyr/libzephyr.a(log_core.c.obj)

.rodata.format_table
                0x00000000       0x10
 .rodata.format_table
                0x00000000       0x10 zephyr/libzephyr.a(log_core.c.obj)

.rodata.z_log_msg_runtime_vcreate.str1.1
                0x00000000       0xb0
 .rodata.z_log_msg_runtime_vcreate.str1.1
                0x00000000       0xb0 zephyr/libzephyr.a(log_msg.c.obj)

.rodata.newline_print.str1.1
                0x00000000        0x5
 .rodata.newline_print.str1.1
                0x00000000        0x5 zephyr/libzephyr.a(log_output.c.obj)

.rodata.log_output_process.str1.1
                0x00000000       0xd6
 .rodata.log_output_process.str1.1
                0x00000000       0xd6 zephyr/libzephyr.a(log_output.c.obj)

.rodata.colors  0x00000000       0x14
 .rodata.colors
                0x00000000       0x14 zephyr/libzephyr.a(log_output.c.obj)

.rodata.severity
                0x00000000       0x14
 .rodata.severity
                0x00000000       0x14 zephyr/libzephyr.a(log_output.c.obj)

.rodata.char_out.str1.1
                0x00000000        0x4
 .rodata.char_out.str1.1
                0x00000000        0x4 zephyr/libzephyr.a(log_backend_native_posix.c.obj)

.rodata.log_backend_native_posix_api
                0x00000000       0x1c
 .rodata.log_backend_native_posix_api
                0x00000000       0x1c zephyr/libzephyr.a(log_backend_native_posix.c.obj)
                0x00000000                log_backend_native_posix_api

.rodata.log_output_posix
                0x00000000       0x10
 .rodata.log_output_posix
                0x00000000       0x10 zephyr/libzephyr.a(log_backend_native_posix.c.obj)

.rodata.arch_system_halt.str1.1
                0x00000000       0x6c
 .rodata.arch_system_halt.str1.1
                0x00000000       0x6c zephyr/arch/arch/posix/core/libarch__posix__core.a(fatal.c.obj)

.rodata.arch_thread_name_set.str1.1
                0x00000000        0x3
 .rodata.arch_thread_name_set.str1.1
                0x00000000        0x3 zephyr/arch/arch/posix/core/libarch__posix__core.a(thread.c.obj)

.rodata.z_impl_k_thread_abort.str1.1
                0x00000000       0x77
 .rodata.z_impl_k_thread_abort.str1.1
                0x00000000       0x77 zephyr/arch/arch/posix/core/libarch__posix__core.a(thread.c.obj)

.rodata.native_pre_tasks.0
                0x00000000       0x18
 .rodata.native_pre_tasks.0
                0x00000000       0x18 zephyr/soc/soc/native/libsoc__native__inf_clock.a(native_tasks.c.obj)

.rodata.posix_irq_handler.str1.1
                0x00000000       0x2e
 .rodata.posix_irq_handler.str1.1
                0x00000000       0x2e zephyr/boards/native/native_sim/libboards__native__native_sim.a(irq_handler.c.obj)

.rodata.posix_isr_declare.str1.1
                0x00000000       0x32
 .rodata.posix_isr_declare.str1.1
                0x00000000       0x32 zephyr/boards/native/native_sim/libboards__native__native_sim.a(irq_handler.c.obj)

.rodata.__func__.1
                0x00000000       0x1d
 .rodata.__func__.1
                0x00000000       0x1d zephyr/boards/native/native_sim/libboards__native__native_sim.a(irq_handler.c.obj)

.rodata.test_finalize.str1.1
                0x00000000       0x5b
 .rodata.test_finalize.str1.1
                0x00000000       0x5b zephyr/subsys/testsuite/ztest/libsubsys__testsuite__ztest.a(ztest.c.obj)

.rodata.ztest_test_fail.str1.1
                0x00000000       0x3d
 .rodata.ztest_test_fail.str1.1
                0x00000000       0x3d zephyr/subsys/testsuite/ztest/libsubsys__testsuite__ztest.a(ztest.c.obj)

.rodata.z_ztest_run_test_suite_ptr.isra.0.str1.1
                0x00000000      0x10b
 .rodata.z_ztest_run_test_suite_ptr.isra.0.str1.1
                0x00000000      0x10b zephyr/subsys/testsuite/ztest/libsubsys__testsuite__ztest.a(ztest.c.obj)

.rodata.ztest_verify_all_test_suites_ran.str1.1
                0x00000000       0x7c
 .rodata.ztest_verify_all_test_suites_ran.str1.1
                0x00000000       0x7c zephyr/subsys/testsuite/ztest/libsubsys__testsuite__ztest.a(ztest.c.obj)

.rodata.main.str1.1
                0x00000000      0x15a
 .rodata.main.str1.1
                0x00000000      0x15a zephyr/subsys/testsuite/ztest/libsubsys__testsuite__ztest.a(ztest.c.obj)

.rodata.CSWTCH.37
                0x00000000       0x18
 .rodata.CSWTCH.37
                0x00000000       0x18 zephyr/subsys/testsuite/ztest/libsubsys__testsuite__ztest.a(ztest.c.obj)

.rodata.CSWTCH.33
                0x00000000       0x10
 .rodata.CSWTCH.33
                0x00000000       0x10 zephyr/subsys/testsuite/ztest/libsubsys__testsuite__ztest.a(ztest.c.obj)

.rodata.free_parameter.str1.1
                0x00000000       0xce
 .rodata.free_parameter.str1.1
                0x00000000       0xce zephyr/subsys/testsuite/ztest/libsubsys__testsuite__ztest.a(ztest_mock.c.obj)

.rodata.z_ztest_returns_value.str1.1
                0x00000000        0x1
 .rodata.z_ztest_returns_value.str1.1
                0x00000000        0x1 zephyr/subsys/testsuite/ztest/libsubsys__testsuite__ztest.a(ztest_mock.c.obj)

.rodata.z_cleanup_mock.str1.1
                0x00000000       0x46
 .rodata.z_cleanup_mock.str1.1
                0x00000000       0x46 zephyr/subsys/testsuite/ztest/libsubsys__testsuite__ztest.a(ztest_mock.c.obj)

.rodata.z_ztest_testargs_contains.str1.1
                0x00000000        0x6
 .rodata.z_ztest_testargs_contains.str1.1
                0x00000000        0x6 zephyr/subsys/testsuite/ztest/libsubsys__testsuite__ztest.a(ztest_posix.c.obj)

.rodata.z_ztest_list_tests.str1.1
                0x00000000        0x8
 .rodata.z_ztest_list_tests.str1.1
                0x00000000        0x8 zephyr/subsys/testsuite/ztest/libsubsys__testsuite__ztest.a(ztest_posix.c.obj)

.rodata.ztest_api
                0x00000000        0xc
 .rodata.ztest_api
                0x00000000        0xc zephyr/subsys/testsuite/ztest/libsubsys__testsuite__ztest.a(ztest_posix.c.obj)
                0x00000000                ztest_api

.rodata.print_char.str1.1
                0x00000000        0x4
 .rodata.print_char.str1.1
                0x00000000        0x4 zephyr/drivers/console/libdrivers__console.a(posix_arch_console.c.obj)

.rodata.k_sys_fatal_error_handler.str1.1
                0x00000000        0xf
 .rodata.k_sys_fatal_error_handler.str1.1
                0x00000000        0xf zephyr/kernel/libkernel.a(fatal.c.obj)

.rodata.z_fatal_error.str1.1
                0x00000000       0x56
 .rodata.z_fatal_error.str1.1
                0x00000000       0x56 zephyr/kernel/libkernel.a(fatal.c.obj)

.rodata.CSWTCH.9
                0x00000000       0x14
 .rodata.CSWTCH.9
                0x00000000       0x14 zephyr/kernel/libkernel.a(fatal.c.obj)

.rodata.bg_thread_main.str1.1
                0x00000000       0xaf
 .rodata.bg_thread_main.str1.1
                0x00000000       0xaf zephyr/kernel/libkernel.a(init.c.obj)

.rodata.z_init_cpu.str1.1
                0x00000000        0x5
 .rodata.z_init_cpu.str1.1
                0x00000000        0x5 zephyr/kernel/libkernel.a(init.c.obj)

.rodata.z_cstart.str1.1
                0x00000000        0x5
 .rodata.z_cstart.str1.1
                0x00000000        0x5 zephyr/kernel/libkernel.a(init.c.obj)

.rodata.levels.0
                0x00000000       0x18
 .rodata.levels.0
                0x00000000       0x18 zephyr/kernel/libkernel.a(init.c.obj)

.rodata.idle.str1.1
                0x00000000       0x8b
 .rodata.idle.str1.1
                0x00000000       0x8b zephyr/kernel/libkernel.a(idle.c.obj)

.rodata.z_setup_new_thread.str1.1
                0x00000000      0x116
 .rodata.z_setup_new_thread.str1.1
                0x00000000      0x116 zephyr/kernel/libkernel.a(thread.c.obj)

.rodata.z_impl_k_thread_create.str1.1
                0x00000000       0x37
 .rodata.z_impl_k_thread_create.str1.1
                0x00000000       0x37 zephyr/kernel/libkernel.a(thread.c.obj)

.rodata.ready_thread.str1.1
                0x00000000       0xdb
 .rodata.ready_thread.str1.1
                0x00000000       0xdb zephyr/kernel/libkernel.a(sched.c.obj)

.rodata.unpend_thread_no_timeout.str1.1
                0x00000000       0x42
 .rodata.unpend_thread_no_timeout.str1.1
                0x00000000       0x42 zephyr/kernel/libkernel.a(sched.c.obj)

.rodata.z_ready_thread.str1.1
                0x00000000       0x84
 .rodata.z_ready_thread.str1.1
                0x00000000       0x84 zephyr/kernel/libkernel.a(sched.c.obj)

.rodata.z_impl_k_thread_suspend.str1.1
                0x00000000        0x9
 .rodata.z_impl_k_thread_suspend.str1.1
                0x00000000        0x9 zephyr/kernel/libkernel.a(sched.c.obj)

.rodata.k_sched_lock.str1.1
                0x00000000       0x43
 .rodata.k_sched_lock.str1.1
                0x00000000       0x43 zephyr/kernel/libkernel.a(sched.c.obj)

.rodata.k_sched_unlock.str1.1
                0x00000000       0x31
 .rodata.k_sched_unlock.str1.1
                0x00000000       0x31 zephyr/kernel/libkernel.a(sched.c.obj)

.rodata.z_thread_abort.str1.1
                0x00000000       0x56
 .rodata.z_thread_abort.str1.1
                0x00000000       0x56 zephyr/kernel/libkernel.a(sched.c.obj)

.rodata.z_impl_k_thread_join.str1.1
                0x00000000       0x15
 .rodata.z_impl_k_thread_join.str1.1
                0x00000000       0x15 zephyr/kernel/libkernel.a(sched.c.obj)

.rodata.slice_timeout.str1.1
                0x00000000      0x21b
 .rodata.slice_timeout.str1.1
                0x00000000      0x21b zephyr/kernel/libkernel.a(timeslicing.c.obj)

.rodata.k_sched_time_slice_set.str1.1
                0x00000000       0x84
 .rodata.k_sched_time_slice_set.str1.1
                0x00000000       0x84 zephyr/kernel/libkernel.a(timeslicing.c.obj)

.rodata.z_add_timeout.str1.1
                0x00000000      0x10d
 .rodata.z_add_timeout.str1.1
                0x00000000      0x10d zephyr/kernel/libkernel.a(timeout.c.obj)

.rodata.boot_banner.str1.1
                0x00000000       0x3d
 .rodata.boot_banner.str1.1
                0x00000000       0x3d zephyr/kernel/libkernel.a(banner.c.obj)

.rodata.z_device_state_init.str1.1
                0x00000000       0x9c
 .rodata.z_device_state_init.str1.1
                0x00000000       0x9c zephyr/kernel/libkernel.a(device.c.obj)

.rodata1
 *(SORT_BY_ALIGNMENT(.rodata1))

.eh_frame_hdr
 *(SORT_BY_ALIGNMENT(.eh_frame_hdr))

.eh_frame
 *(SORT_BY_ALIGNMENT(.eh_frame))

.sframe
 *(SORT_BY_ALIGNMENT(.sframe))

.gcc_except_table
 *(SORT_BY_ALIGNMENT(.gcc_except_table))

.gnu_extab
 *(SORT_BY_ALIGNMENT(.gnu_extab*))

.exception_ranges
 *(SORT_BY_ALIGNMENT(.exception_ranges))

.eh_frame
 *(SORT_BY_ALIGNMENT(.eh_frame))

.sframe
 *(SORT_BY_ALIGNMENT(.sframe))

.gnu_extab
 *(SORT_BY_ALIGNMENT(.gnu_extab))

.gcc_except_table
 *(SORT_BY_ALIGNMENT(.gcc_except_table))

.exception_ranges
 *(SORT_BY_ALIGNMENT(.exception_ranges))

.tdata
 *(SORT_BY_ALIGNMENT(.tdata))

.tbss
 *(SORT_BY_ALIGNMENT(.tbss))

.jcr
 *(SORT_BY_ALIGNMENT(.jcr))

.dynamic
 *(SORT_BY_ALIGNMENT(.dynamic))

.got
 *(SORT_BY_ALIGNMENT(.got))

.got.plt
 *(SORT_BY_ALIGNMENT(.got.plt))

.data
 *(SORT_BY_ALIGNMENT(.data))
LOAD zephyr/CMakeFiles/zephyr_pre0.dir/misc/empty_file.c.obj
LOAD zephyr/CMakeFiles/offsets.dir/./arch/posix/core/offsets/offsets.c.obj
LOAD app/libapp.a
LOAD zephyr/libzephyr.a
LOAD zephyr/arch/arch/posix/core/libarch__posix__core.a
LOAD zephyr/soc/soc/native/libsoc__native__inf_clock.a
LOAD zephyr/boards/native/native_sim/libboards__native__native_sim.a
LOAD zephyr/subsys/testsuite/ztest/libsubsys__testsuite__ztest.a
LOAD zephyr/drivers/console/libdrivers__console.a
LOAD zephyr/drivers/i2c/libdrivers__i2c.a
LOAD zephyr/drivers/timer/libdrivers__timer.a
LOAD zephyr/kernel/libkernel.a

.data._char_out
                0x00000000        0x4
 .data._char_out
                0x00000000        0x4 zephyr/libzephyr.a(printk.c.obj)

.data.timestamp_func
                0x00000000        0x4
 .data.timestamp_func
                0x00000000        0x4 zephyr/libzephyr.a(log_core.c.obj)

.data.currently_running_irq
                0x00000000        0x4
 .data.currently_running_irq
                0x00000000        0x4 zephyr/boards/native/native_sim/libboards__native__native_sim.a(irq_handler.c.obj)

.data.cur_phase
                0x00000000        0x4
 .data.cur_phase
                0x00000000        0x4 zephyr/subsys/testsuite/ztest/libsubsys__testsuite__ztest.a(ztest.c.obj)
                0x00000000                cur_phase

.data.return_value_list
                0x00000000       0x10
 .data.return_value_list
                0x00000000       0x10 zephyr/subsys/testsuite/ztest/libsubsys__testsuite__ztest.a(ztest_mock.c.obj)

.data.parameter_list
                0x00000000       0x10
 .data.parameter_list
                0x00000000       0x10 zephyr/subsys/testsuite/ztest/libsubsys__testsuite__ztest.a(ztest_mock.c.obj)

.data.list_once.0
                0x00000000        0x1
 .data.list_once.0
                0x00000000        0x1 zephyr/subsys/testsuite/ztest/libsubsys__testsuite__ztest.a(ztest_posix.c.obj)

.data.test_filter_s.1
                0x00000000       0x54
 .data.test_filter_s.1
                0x00000000       0x54 zephyr/subsys/testsuite/ztest/libsubsys__testsuite__ztest.a(ztest_posix.c.obj)

.data.timeout_list
                0x00000000        0x8
 .data.timeout_list
                0x00000000        0x8 zephyr/kernel/libkernel.a(timeout.c.obj)

.native_sim_if.data
 *(SORT_BY_ALIGNMENT(.native_sim_if.data))

rom_start

initlevel       0x00000008       0x18
                0x00000008                        __init_start = .
                0x00000008                        __init_EARLY_start = .
 *(SORT_BY_NAME(SORT_BY_ALIGNMENT(.z_init_EARLY?_*)))
 *(SORT_BY_NAME(SORT_BY_ALIGNMENT(.z_init_EARLY??_*)))
                0x00000008                        __init_PRE_KERNEL_1_start = .
 *(SORT_BY_NAME(SORT_BY_ALIGNMENT(.z_init_PRE_KERNEL_1?_*)))
 *(SORT_BY_NAME(SORT_BY_ALIGNMENT(.z_init_PRE_KERNEL_1??_*)))
 .z_init_PRE_KERNEL_199_0_
                0x00000008        0x8 zephyr/drivers/console/libdrivers__console.a(posix_arch_console.c.obj)
                0x00000010                        __init_PRE_KERNEL_2_start = .
 *(SORT_BY_NAME(SORT_BY_ALIGNMENT(.z_init_PRE_KERNEL_2?_*)))
 .z_init_PRE_KERNEL_20_0_
                0x00000010        0x8 zephyr/drivers/timer/libdrivers__timer.a(native_posix_timer.c.obj)
 *(SORT_BY_NAME(SORT_BY_ALIGNMENT(.z_init_PRE_KERNEL_2??_*)))
                0x00000018                        __init_POST_KERNEL_start = .
 *(SORT_BY_NAME(SORT_BY_ALIGNMENT(.z_init_POST_KERNEL?_*)))
 .z_init_POST_KERNEL0_0_
                0x00000018        0x8 zephyr/libzephyr.a(log_core.c.obj)
 *(SORT_BY_NAME(SORT_BY_ALIGNMENT(.z_init_POST_KERNEL??_*)))
                0x00000020                        __init_APPLICATION_start = .
 *(SORT_BY_NAME(SORT_BY_ALIGNMENT(.z_init_APPLICATION?_*)))
 *(SORT_BY_NAME(SORT_BY_ALIGNMENT(.z_init_APPLICATION??_*)))
                0x00000020                        __init_SMP_start = .
 *(SORT_BY_NAME(SORT_BY_ALIGNMENT(.z_init_SMP?_*)))
 *(SORT_BY_NAME(SORT_BY_ALIGNMENT(.z_init_SMP??_*)))
                0x00000020                        __init_end = .
                0x00000020                        __deferred_init_list_start = .
 *(SORT_BY_ALIGNMENT(.z_deferred_init*))
                0x00000020                        __deferred_init_list_end = .

device_area     0x00000020        0x0
                0x00000020                        _device_list_start = .
 *(SORT_BY_NAME(SORT_BY_ALIGNMENT(._device.static.*_?_*)))
 *(SORT_BY_NAME(SORT_BY_ALIGNMENT(._device.static.*_??_*)))
 *(SORT_BY_NAME(SORT_BY_ALIGNMENT(._device.static.*_???_*)))
 *(SORT_BY_NAME(SORT_BY_ALIGNMENT(._device.static.*_????_*)))
 *(SORT_BY_NAME(SORT_BY_ALIGNMENT(._device.static.*_?????_*)))
                0x00000020                        _device_list_end = .

initlevel_error
 *(SORT_BY_NAME(SORT_BY_ALIGNMENT(.z_init_[_A-Z0-9]*)))
                0x00000001                        ASSERT ((SIZEOF (initlevel_error) == 0x0), Undefined initialization levels used.)

app_shmem_regions
                0x00000020        0x0
                0x00000020                        __app_shmem_regions_start = .
 *(SORT_BY_NAME(SORT_BY_ALIGNMENT(.app_regions.*)))
                0x00000020                        __app_shmem_regions_end = .

k_p4wq_initparam_area
                0x00000020        0x0
                0x00000020                        _k_p4wq_initparam_list_start = .
 *(SORT_BY_NAME(SORT_BY_ALIGNMENT(._k_p4wq_initparam.static.*)))
                0x00000020                        _k_p4wq_initparam_list_end = .

_static_thread_data_area
                0x00000020        0x0
                0x00000020                        __static_thread_data_list_start = .
 *(SORT_BY_NAME(SORT_BY_ALIGNMENT(.__static_thread_data.static.*)))
                0x00000020                        __static_thread_data_list_end = .

device_deps     0x00000020        0x0
                0x00000020                        __device_deps_start = .
 *(SORT_BY_NAME(SORT_BY_ALIGNMENT(.__device_deps_pass2*)))
                0x00000020                        __device_deps_end = .

auxdisplay_driver_api_area
                0x00000020        0x0
                0x00000020                        _auxdisplay_driver_api_list_start = .
 *(SORT_BY_NAME(SORT_BY_ALIGNMENT(._auxdisplay_driver_api.static.*)))
                0x00000020                        _auxdisplay_driver_api_list_end = .

i2c_driver_api_area
                0x00000020        0x0
                0x00000020                        _i2c_driver_api_list_start = .
 *(SORT_BY_NAME(SORT_BY_ALIGNMENT(._i2c_driver_api.static.*)))
                0x00000020                        _i2c_driver_api_list_end = .

i2c_target_driver_api_area
                0x00000020        0x0
                0x00000020                        _i2c_target_driver_api_list_start = .
 *(SORT_BY_NAME(SORT_BY_ALIGNMENT(._i2c_target_driver_api.static.*)))
                0x00000020                        _i2c_target_driver_api_list_end = .

shared_irq_driver_api_area
                0x00000020        0x0
                0x00000020                        _shared_irq_driver_api_list_start = .
 *(SORT_BY_NAME(SORT_BY_ALIGNMENT(._shared_irq_driver_api.static.*)))
                0x00000020                        _shared_irq_driver_api_list_end = .

crypto_driver_api_area
                0x00000020        0x0
                0x00000020                        _crypto_driver_api_list_start = .
 *(SORT_BY_NAME(SORT_BY_ALIGNMENT(._crypto_driver_api.static.*)))
                0x00000020                        _crypto_driver_api_list_end = .

adc_driver_api_area
                0x00000020        0x0
                0x00000020                        _adc_driver_api_list_start = .
 *(SORT_BY_NAME(SORT_BY_ALIGNMENT(._adc_driver_api.static.*)))
                0x00000020                        _adc_driver_api_list_end = .

bbram_driver_api_area
                0x00000020        0x0
                0x00000020                        _bbram_driver_api_list_start = .
 *(SORT_BY_NAME(SORT_BY_ALIGNMENT(._bbram_driver_api.static.*)))
                0x00000020                        _bbram_driver_api_list_end = .

bt_hci_driver_api_area
                0x00000020        0x0
                0x00000020                        _bt_hci_driver_api_list_start = .
 *(SORT_BY_NAME(SORT_BY_ALIGNMENT(._bt_hci_driver_api.static.*)))
                0x00000020                        _bt_hci_driver_api_list_end = .

can_driver_api_area
                0x00000020        0x0
                0x00000020                        _can_driver_api_list_start = .
 *(SORT_BY_NAME(SORT_BY_ALIGNMENT(._can_driver_api.static.*)))
                0x00000020                        _can_driver_api_list_end = .

cellular_driver_api_area
                0x00000020        0x0
                0x00000020                        _cellular_driver_api_list_start = .
 *(SORT_BY_NAME(SORT_BY_ALIGNMENT(._cellular_driver_api.static.*)))
                0x00000020                        _cellular_driver_api_list_end = .

charger_driver_api_area
                0x00000020        0x0
                0x00000020                        _charger_driver_api_list_start = .
 *(SORT_BY_NAME(SORT_BY_ALIGNMENT(._charger_driver_api.static.*)))
                0x00000020                        _charger_driver_api_list_end = .

clock_control_driver_api_area
                0x00000020        0x0
                0x00000020                        _clock_control_driver_api_list_start = .
 *(SORT_BY_NAME(SORT_BY_ALIGNMENT(._clock_control_driver_api.static.*)))
                0x00000020                        _clock_control_driver_api_list_end = .

comparator_driver_api_area
                0x00000020        0x0
                0x00000020                        _comparator_driver_api_list_start = .
 *(SORT_BY_NAME(SORT_BY_ALIGNMENT(._comparator_driver_api.static.*)))
                0x00000020                        _comparator_driver_api_list_end = .

coredump_driver_api_area
                0x00000020        0x0
                0x00000020                        _coredump_driver_api_list_start = .
 *(SORT_BY_NAME(SORT_BY_ALIGNMENT(._coredump_driver_api.static.*)))
                0x00000020                        _coredump_driver_api_list_end = .

counter_driver_api_area
                0x00000020        0x0
                0x00000020                        _counter_driver_api_list_start = .
 *(SORT_BY_NAME(SORT_BY_ALIGNMENT(._counter_driver_api.static.*)))
                0x00000020                        _counter_driver_api_list_end = .

dac_driver_api_area
                0x00000020        0x0
                0x00000020                        _dac_driver_api_list_start = .
 *(SORT_BY_NAME(SORT_BY_ALIGNMENT(._dac_driver_api.static.*)))
                0x00000020                        _dac_driver_api_list_end = .

dai_driver_api_area
                0x00000020        0x0
                0x00000020                        _dai_driver_api_list_start = .
 *(SORT_BY_NAME(SORT_BY_ALIGNMENT(._dai_driver_api.static.*)))
                0x00000020                        _dai_driver_api_list_end = .

display_driver_api_area
                0x00000020        0x0
                0x00000020                        _display_driver_api_list_start = .
 *(SORT_BY_NAME(SORT_BY_ALIGNMENT(._display_driver_api.static.*)))
                0x00000020                        _display_driver_api_list_end = .

dma_driver_api_area
                0x00000020        0x0
                0x00000020                        _dma_driver_api_list_start = .
 *(SORT_BY_NAME(SORT_BY_ALIGNMENT(._dma_driver_api.static.*)))
                0x00000020                        _dma_driver_api_list_end = .

edac_driver_api_area
                0x00000020        0x0
                0x00000020                        _edac_driver_api_list_start = .
 *(SORT_BY_NAME(SORT_BY_ALIGNMENT(._edac_driver_api.static.*)))
                0x00000020                        _edac_driver_api_list_end = .

eeprom_driver_api_area
                0x00000020        0x0
                0x00000020                        _eeprom_driver_api_list_start = .
 *(SORT_BY_NAME(SORT_BY_ALIGNMENT(._eeprom_driver_api.static.*)))
                0x00000020                        _eeprom_driver_api_list_end = .

emul_bbram_driver_api_area
                0x00000020        0x0
                0x00000020                        _emul_bbram_driver_api_list_start = .
 *(SORT_BY_NAME(SORT_BY_ALIGNMENT(._emul_bbram_driver_api.static.*)))
                0x00000020                        _emul_bbram_driver_api_list_end = .

fuel_gauge_emul_driver_api_area
                0x00000020        0x0
                0x00000020                        _fuel_gauge_emul_driver_api_list_start = .
 *(SORT_BY_NAME(SORT_BY_ALIGNMENT(._fuel_gauge_emul_driver_api.static.*)))
                0x00000020                        _fuel_gauge_emul_driver_api_list_end = .

emul_sensor_driver_api_area
                0x00000020        0x0
                0x00000020                        _emul_sensor_driver_api_list_start = .
 *(SORT_BY_NAME(SORT_BY_ALIGNMENT(._emul_sensor_driver_api.static.*)))
                0x00000020                        _emul_sensor_driver_api_list_end = .

entropy_driver_api_area
                0x00000020        0x0
                0x00000020                        _entropy_driver_api_list_start = .
 *(SORT_BY_NAME(SORT_BY_ALIGNMENT(._entropy_driver_api.static.*)))
                0x00000020                        _entropy_driver_api_list_end = .

espi_driver_api_area
                0x00000020        0x0
                0x00000020                        _espi_driver_api_list_start = .
 *(SORT_BY_NAME(SORT_BY_ALIGNMENT(._espi_driver_api.static.*)))
                0x00000020                        _espi_driver_api_list_end = .

espi_saf_driver_api_area
                0x00000020        0x0
                0x00000020                        _espi_saf_driver_api_list_start = .
 *(SORT_BY_NAME(SORT_BY_ALIGNMENT(._espi_saf_driver_api.static.*)))
                0x00000020                        _espi_saf_driver_api_list_end = .

flash_driver_api_area
                0x00000020        0x0
                0x00000020                        _flash_driver_api_list_start = .
 *(SORT_BY_NAME(SORT_BY_ALIGNMENT(._flash_driver_api.static.*)))
                0x00000020                        _flash_driver_api_list_end = .

fpga_driver_api_area
                0x00000020        0x0
                0x00000020                        _fpga_driver_api_list_start = .
 *(SORT_BY_NAME(SORT_BY_ALIGNMENT(._fpga_driver_api.static.*)))
                0x00000020                        _fpga_driver_api_list_end = .

fuel_gauge_driver_api_area
                0x00000020        0x0
                0x00000020                        _fuel_gauge_driver_api_list_start = .
 *(SORT_BY_NAME(SORT_BY_ALIGNMENT(._fuel_gauge_driver_api.static.*)))
                0x00000020                        _fuel_gauge_driver_api_list_end = .

gnss_driver_api_area
                0x00000020        0x0
                0x00000020                        _gnss_driver_api_list_start = .
 *(SORT_BY_NAME(SORT_BY_ALIGNMENT(._gnss_driver_api.static.*)))
                0x00000020                        _gnss_driver_api_list_end = .

gpio_driver_api_area
                0x00000020        0x0
                0x00000020                        _gpio_driver_api_list_start = .
 *(SORT_BY_NAME(SORT_BY_ALIGNMENT(._gpio_driver_api.static.*)))
                0x00000020                        _gpio_driver_api_list_end = .

haptics_driver_api_area
                0x00000020        0x0
                0x00000020                        _haptics_driver_api_list_start = .
 *(SORT_BY_NAME(SORT_BY_ALIGNMENT(._haptics_driver_api.static.*)))
                0x00000020                        _haptics_driver_api_list_end = .

hwspinlock_driver_api_area
                0x00000020        0x0
                0x00000020                        _hwspinlock_driver_api_list_start = .
 *(SORT_BY_NAME(SORT_BY_ALIGNMENT(._hwspinlock_driver_api.static.*)))
                0x00000020                        _hwspinlock_driver_api_list_end = .

i2s_driver_api_area
                0x00000020        0x0
                0x00000020                        _i2s_driver_api_list_start = .
 *(SORT_BY_NAME(SORT_BY_ALIGNMENT(._i2s_driver_api.static.*)))
                0x00000020                        _i2s_driver_api_list_end = .

i3c_driver_api_area
                0x00000020        0x0
                0x00000020                        _i3c_driver_api_list_start = .
 *(SORT_BY_NAME(SORT_BY_ALIGNMENT(._i3c_driver_api.static.*)))
                0x00000020                        _i3c_driver_api_list_end = .

ipm_driver_api_area
                0x00000020        0x0
                0x00000020                        _ipm_driver_api_list_start = .
 *(SORT_BY_NAME(SORT_BY_ALIGNMENT(._ipm_driver_api.static.*)))
                0x00000020                        _ipm_driver_api_list_end = .

kscan_driver_api_area
                0x00000020        0x0
                0x00000020                        _kscan_driver_api_list_start = .
 *(SORT_BY_NAME(SORT_BY_ALIGNMENT(._kscan_driver_api.static.*)))
                0x00000020                        _kscan_driver_api_list_end = .

led_driver_api_area
                0x00000020        0x0
                0x00000020                        _led_driver_api_list_start = .
 *(SORT_BY_NAME(SORT_BY_ALIGNMENT(._led_driver_api.static.*)))
                0x00000020                        _led_driver_api_list_end = .

led_strip_driver_api_area
                0x00000020        0x0
                0x00000020                        _led_strip_driver_api_list_start = .
 *(SORT_BY_NAME(SORT_BY_ALIGNMENT(._led_strip_driver_api.static.*)))
                0x00000020                        _led_strip_driver_api_list_end = .

lora_driver_api_area
                0x00000020        0x0
                0x00000020                        _lora_driver_api_list_start = .
 *(SORT_BY_NAME(SORT_BY_ALIGNMENT(._lora_driver_api.static.*)))
                0x00000020                        _lora_driver_api_list_end = .

mbox_driver_api_area
                0x00000020        0x0
                0x00000020                        _mbox_driver_api_list_start = .
 *(SORT_BY_NAME(SORT_BY_ALIGNMENT(._mbox_driver_api.static.*)))
                0x00000020                        _mbox_driver_api_list_end = .

mdio_driver_api_area
                0x00000020        0x0
                0x00000020                        _mdio_driver_api_list_start = .
 *(SORT_BY_NAME(SORT_BY_ALIGNMENT(._mdio_driver_api.static.*)))
                0x00000020                        _mdio_driver_api_list_end = .

mipi_dbi_driver_api_area
                0x00000020        0x0
                0x00000020                        _mipi_dbi_driver_api_list_start = .
 *(SORT_BY_NAME(SORT_BY_ALIGNMENT(._mipi_dbi_driver_api.static.*)))
                0x00000020                        _mipi_dbi_driver_api_list_end = .

mipi_dsi_driver_api_area
                0x00000020        0x0
                0x00000020                        _mipi_dsi_driver_api_list_start = .
 *(SORT_BY_NAME(SORT_BY_ALIGNMENT(._mipi_dsi_driver_api.static.*)))
                0x00000020                        _mipi_dsi_driver_api_list_end = .

mspi_driver_api_area
                0x00000020        0x0
                0x00000020                        _mspi_driver_api_list_start = .
 *(SORT_BY_NAME(SORT_BY_ALIGNMENT(._mspi_driver_api.static.*)))
                0x00000020                        _mspi_driver_api_list_end = .

peci_driver_api_area
                0x00000020        0x0
                0x00000020                        _peci_driver_api_list_start = .
 *(SORT_BY_NAME(SORT_BY_ALIGNMENT(._peci_driver_api.static.*)))
                0x00000020                        _peci_driver_api_list_end = .

ps2_driver_api_area
                0x00000020        0x0
                0x00000020                        _ps2_driver_api_list_start = .
 *(SORT_BY_NAME(SORT_BY_ALIGNMENT(._ps2_driver_api.static.*)))
                0x00000020                        _ps2_driver_api_list_end = .

ptp_clock_driver_api_area
                0x00000020        0x0
                0x00000020                        _ptp_clock_driver_api_list_start = .
 *(SORT_BY_NAME(SORT_BY_ALIGNMENT(._ptp_clock_driver_api.static.*)))
                0x00000020                        _ptp_clock_driver_api_list_end = .

pwm_driver_api_area
                0x00000020        0x0
                0x00000020                        _pwm_driver_api_list_start = .
 *(SORT_BY_NAME(SORT_BY_ALIGNMENT(._pwm_driver_api.static.*)))
                0x00000020                        _pwm_driver_api_list_end = .

regulator_parent_driver_api_area
                0x00000020        0x0
                0x00000020                        _regulator_parent_driver_api_list_start = .
 *(SORT_BY_NAME(SORT_BY_ALIGNMENT(._regulator_parent_driver_api.static.*)))
                0x00000020                        _regulator_parent_driver_api_list_end = .

regulator_driver_api_area
                0x00000020        0x0
                0x00000020                        _regulator_driver_api_list_start = .
 *(SORT_BY_NAME(SORT_BY_ALIGNMENT(._regulator_driver_api.static.*)))
                0x00000020                        _regulator_driver_api_list_end = .

reset_driver_api_area
                0x00000020        0x0
                0x00000020                        _reset_driver_api_list_start = .
 *(SORT_BY_NAME(SORT_BY_ALIGNMENT(._reset_driver_api.static.*)))
                0x00000020                        _reset_driver_api_list_end = .

retained_mem_driver_api_area
                0x00000020        0x0
                0x00000020                        _retained_mem_driver_api_list_start = .
 *(SORT_BY_NAME(SORT_BY_ALIGNMENT(._retained_mem_driver_api.static.*)))
                0x00000020                        _retained_mem_driver_api_list_end = .

rtc_driver_api_area
                0x00000020        0x0
                0x00000020                        _rtc_driver_api_list_start = .
 *(SORT_BY_NAME(SORT_BY_ALIGNMENT(._rtc_driver_api.static.*)))
                0x00000020                        _rtc_driver_api_list_end = .

sdhc_driver_api_area
                0x00000020        0x0
                0x00000020                        _sdhc_driver_api_list_start = .
 *(SORT_BY_NAME(SORT_BY_ALIGNMENT(._sdhc_driver_api.static.*)))
                0x00000020                        _sdhc_driver_api_list_end = .

sensor_driver_api_area
                0x00000020        0x0
                0x00000020                        _sensor_driver_api_list_start = .
 *(SORT_BY_NAME(SORT_BY_ALIGNMENT(._sensor_driver_api.static.*)))
                0x00000020                        _sensor_driver_api_list_end = .

smbus_driver_api_area
                0x00000020        0x0
                0x00000020                        _smbus_driver_api_list_start = .
 *(SORT_BY_NAME(SORT_BY_ALIGNMENT(._smbus_driver_api.static.*)))
                0x00000020                        _smbus_driver_api_list_end = .

spi_driver_api_area
                0x00000020        0x0
                0x00000020                        _spi_driver_api_list_start = .
 *(SORT_BY_NAME(SORT_BY_ALIGNMENT(._spi_driver_api.static.*)))
                0x00000020                        _spi_driver_api_list_end = .

stepper_driver_api_area
                0x00000020        0x0
                0x00000020                        _stepper_driver_api_list_start = .
 *(SORT_BY_NAME(SORT_BY_ALIGNMENT(._stepper_driver_api.static.*)))
                0x00000020                        _stepper_driver_api_list_end = .

syscon_driver_api_area
                0x00000020        0x0
                0x00000020                        _syscon_driver_api_list_start = .
 *(SORT_BY_NAME(SORT_BY_ALIGNMENT(._syscon_driver_api.static.*)))
                0x00000020                        _syscon_driver_api_list_end = .

tee_driver_api_area
                0x00000020        0x0
                0x00000020                        _tee_driver_api_list_start = .
 *(SORT_BY_NAME(SORT_BY_ALIGNMENT(._tee_driver_api.static.*)))
                0x00000020                        _tee_driver_api_list_end = .

video_driver_api_area
                0x00000020        0x0
                0x00000020                        _video_driver_api_list_start = .
 *(SORT_BY_NAME(SORT_BY_ALIGNMENT(._video_driver_api.static.*)))
                0x00000020                        _video_driver_api_list_end = .

w1_driver_api_area
                0x00000020        0x0
                0x00000020                        _w1_driver_api_list_start = .
 *(SORT_BY_NAME(SORT_BY_ALIGNMENT(._w1_driver_api.static.*)))
                0x00000020                        _w1_driver_api_list_end = .

wdt_driver_api_area
                0x00000020        0x0
                0x00000020                        _wdt_driver_api_list_start = .
 *(SORT_BY_NAME(SORT_BY_ALIGNMENT(._wdt_driver_api.static.*)))
                0x00000020                        _wdt_driver_api_list_end = .

can_transceiver_driver_api_area
                0x00000020        0x0
                0x00000020                        _can_transceiver_driver_api_list_start = .
 *(SORT_BY_NAME(SORT_BY_ALIGNMENT(._can_transceiver_driver_api.static.*)))
                0x00000020                        _can_transceiver_driver_api_list_end = .

nrf_clock_control_driver_api_area
                0x00000020        0x0
                0x00000020                        _nrf_clock_control_driver_api_list_start = .
 *(SORT_BY_NAME(SORT_BY_ALIGNMENT(._nrf_clock_control_driver_api.static.*)))
                0x00000020                        _nrf_clock_control_driver_api_list_end = .

i3c_target_driver_api_area
                0x00000020        0x0
                0x00000020                        _i3c_target_driver_api_list_start = .
 *(SORT_BY_NAME(SORT_BY_ALIGNMENT(._i3c_target_driver_api.static.*)))
                0x00000020                        _i3c_target_driver_api_list_end = .

its_driver_api_area
                0x00000020        0x0
                0x00000020                        _its_driver_api_list_start = .
 *(SORT_BY_NAME(SORT_BY_ALIGNMENT(._its_driver_api.static.*)))
                0x00000020                        _its_driver_api_list_end = .

vtd_driver_api_area
                0x00000020        0x0
                0x00000020                        _vtd_driver_api_list_start = .
 *(SORT_BY_NAME(SORT_BY_ALIGNMENT(._vtd_driver_api.static.*)))
                0x00000020                        _vtd_driver_api_list_end = .

tgpio_driver_api_area
                0x00000020        0x0
                0x00000020                        _tgpio_driver_api_list_start = .
 *(SORT_BY_NAME(SORT_BY_ALIGNMENT(._tgpio_driver_api.static.*)))
                0x00000020                        _tgpio_driver_api_list_end = .

pcie_ctrl_driver_api_area
                0x00000020        0x0
                0x00000020                        _pcie_ctrl_driver_api_list_start = .
 *(SORT_BY_NAME(SORT_BY_ALIGNMENT(._pcie_ctrl_driver_api.static.*)))
                0x00000020                        _pcie_ctrl_driver_api_list_end = .

pcie_ep_driver_api_area
                0x00000020        0x0
                0x00000020                        _pcie_ep_driver_api_list_start = .
 *(SORT_BY_NAME(SORT_BY_ALIGNMENT(._pcie_ep_driver_api.static.*)))
                0x00000020                        _pcie_ep_driver_api_list_end = .

svc_driver_api_area
                0x00000020        0x0
                0x00000020                        _svc_driver_api_list_start = .
 *(SORT_BY_NAME(SORT_BY_ALIGNMENT(._svc_driver_api.static.*)))
                0x00000020                        _svc_driver_api_list_end = .

uart_driver_api_area
                0x00000020        0x0
                0x00000020                        _uart_driver_api_list_start = .
 *(SORT_BY_NAME(SORT_BY_ALIGNMENT(._uart_driver_api.static.*)))
                0x00000020                        _uart_driver_api_list_end = .

bc12_emul_driver_api_area
                0x00000020        0x0
                0x00000020                        _bc12_emul_driver_api_list_start = .
 *(SORT_BY_NAME(SORT_BY_ALIGNMENT(._bc12_emul_driver_api.static.*)))
                0x00000020                        _bc12_emul_driver_api_list_end = .

bc12_driver_api_area
                0x00000020        0x0
                0x00000020                        _bc12_driver_api_list_start = .
 *(SORT_BY_NAME(SORT_BY_ALIGNMENT(._bc12_driver_api.static.*)))
                0x00000020                        _bc12_driver_api_list_end = .

usbc_ppc_driver_api_area
                0x00000020        0x0
                0x00000020                        _usbc_ppc_driver_api_list_start = .
 *(SORT_BY_NAME(SORT_BY_ALIGNMENT(._usbc_ppc_driver_api.static.*)))
                0x00000020                        _usbc_ppc_driver_api_list_end = .

tcpc_driver_api_area
                0x00000020        0x0
                0x00000020                        _tcpc_driver_api_list_start = .
 *(SORT_BY_NAME(SORT_BY_ALIGNMENT(._tcpc_driver_api.static.*)))
                0x00000020                        _tcpc_driver_api_list_end = .

usbc_vbus_driver_api_area
                0x00000020        0x0
                0x00000020                        _usbc_vbus_driver_api_list_start = .
 *(SORT_BY_NAME(SORT_BY_ALIGNMENT(._usbc_vbus_driver_api.static.*)))
                0x00000020                        _usbc_vbus_driver_api_list_end = .

ivshmem_driver_api_area
                0x00000020        0x0
                0x00000020                        _ivshmem_driver_api_list_start = .
 *(SORT_BY_NAME(SORT_BY_ALIGNMENT(._ivshmem_driver_api.static.*)))
                0x00000020                        _ivshmem_driver_api_list_end = .

ethphy_driver_api_area
                0x00000020        0x0
                0x00000020                        _ethphy_driver_api_list_start = .
 *(SORT_BY_NAME(SORT_BY_ALIGNMENT(._ethphy_driver_api.static.*)))
                0x00000020                        _ethphy_driver_api_list_end = .

ztest           0x00000020       0x30
                0x00000020                        _ztest_expected_result_entry_list_start = .
 *(SORT_BY_NAME(SORT_BY_ALIGNMENT(._ztest_expected_result_entry.static.*)))
                0x00000020                        _ztest_expected_result_entry_list_end = .
                0x00000020                        _ztest_suite_node_list_start = .
 *(SORT_BY_NAME(SORT_BY_ALIGNMENT(._ztest_suite_node.static.*)))
 ._ztest_suite_node.static.z_ztest_test_node_framework_tests_
                0x00000020       0x1c app/libapp.a(main.c.obj)
                0x0000003c                        _ztest_suite_node_list_end = .
                0x0000003c                        _ztest_unit_test_list_start = .
 *(SORT_BY_NAME(SORT_BY_ALIGNMENT(._ztest_unit_test.static.*)))
 ._ztest_unit_test.static.z_ztest_unit_test__framework_tests__test_assert_
                0x0000003c       0x14 app/libapp.a(main.c.obj)
                0x00000050                        _ztest_unit_test_list_end = .
                0x00000050                        _ztest_test_rule_list_start = .
 *(SORT_BY_NAME(SORT_BY_ALIGNMENT(._ztest_test_rule.static.*)))
                0x00000050                        _ztest_test_rule_list_end = .

ctors           0x00000050        0xc
                0x00000050                        . = ALIGN (0x4)
                0x00000050                        __ZEPHYR_CTOR_LIST__ = .
                0x00000050        0x4 LONG 0x0 (((__ZEPHYR_CTOR_END__ - __ZEPHYR_CTOR_LIST__) / 0x4) - 0x2)
 *(SORT_BY_NAME(SORT_BY_ALIGNMENT(.ctors*)))
                0x00000054                        __CTOR_LIST__ = .
                0x00000054        0x4 LONG 0x0
                0x00000058                        __ZEPHYR_CTOR_END__ = .
                0x00000058        0x4 LONG 0x0
                0x0000005c                        __CTOR_END__ = .

init_array      0x0000005c        0x0
                0x0000005c                        . = ALIGN (0x4)
                0x0000005c                        __init_array_start = .
                0x0000005c                        __init_array_end = .
                0x0000005c                        __zephyr_init_array_start = .
 *(SORT_BY_NAME(SORT_BY_ALIGNMENT(.init_array*)))
                0x0000005c                        __zephyr_init_array_end = .

bt_l2cap_fixed_chan_area
                0x0000005c        0x0
                0x0000005c                        _bt_l2cap_fixed_chan_list_start = .
 *(SORT_BY_NAME(SORT_BY_ALIGNMENT(._bt_l2cap_fixed_chan.static.*)))
                0x0000005c                        _bt_l2cap_fixed_chan_list_end = .

bt_gatt_service_static_area
                0x0000005c        0x0
                0x0000005c                        _bt_gatt_service_static_list_start = .
 *(SORT_BY_NAME(SORT_BY_ALIGNMENT(._bt_gatt_service_static.static.*)))
                0x0000005c                        _bt_gatt_service_static_list_end = .

log_strings_area
                0x0000005c        0x0
                0x0000005c                        _log_strings_list_start = .
 *(SORT_BY_NAME(SORT_BY_ALIGNMENT(._log_strings.static.*)))
                0x0000005c                        _log_strings_list_end = .

log_stmesp_ptr_area
                0x0000005c        0x0
                0x0000005c                        _log_stmesp_ptr_list_start = .
 *(SORT_BY_NAME(SORT_BY_ALIGNMENT(._log_stmesp_ptr.static.*)))
                0x0000005c                        _log_stmesp_ptr_list_end = .

log_stmesp_str_area
                0x0000005c        0x0
                0x0000005c                        _log_stmesp_str_list_start = .
 *(SORT_BY_NAME(SORT_BY_ALIGNMENT(._log_stmesp_str.static.*)))
                0x0000005c                        _log_stmesp_str_list_end = .

log_const_area  0x0000005c       0x28
                0x0000005c                        _log_const_list_start = .
 *(SORT_BY_NAME(SORT_BY_ALIGNMENT(._log_const.static.*)))
 ._log_const.static.log_const_cbprintf_package_
                0x0000005c        0x8 zephyr/libzephyr.a(cbprintf_packaged.c.obj)
                0x0000005c                log_const_cbprintf_package
 ._log_const.static.log_const_i2c_
                0x00000064        0x8 zephyr/drivers/i2c/libdrivers__i2c.a(i2c_common.c.obj)
                0x00000064                log_const_i2c
 ._log_const.static.log_const_log_
                0x0000006c        0x8 zephyr/libzephyr.a(log_core.c.obj)
                0x0000006c                log_const_log
 ._log_const.static.log_const_log_mgmt_
                0x00000074        0x8 zephyr/libzephyr.a(log_mgmt.c.obj)
                0x00000074                log_const_log_mgmt
 ._log_const.static.log_const_os_
                0x0000007c        0x8 zephyr/kernel/libkernel.a(init.c.obj)
                0x0000007c                log_const_os
                0x00000084                        _log_const_list_end = .

log_backend_area
                0x00000084       0x10
                0x00000084                        _log_backend_list_start = .
 *(SORT_BY_NAME(SORT_BY_ALIGNMENT(._log_backend.static.*)))
 ._log_backend.static.log_backend_native_posix_
                0x00000084       0x10 zephyr/libzephyr.a(log_backend_native_posix.c.obj)
                0x00000094                        _log_backend_list_end = .

log_link_area   0x00000094        0x0
                0x00000094                        _log_link_list_start = .
 *(SORT_BY_NAME(SORT_BY_ALIGNMENT(._log_link.static.*)))
                0x00000094                        _log_link_list_end = .

tracing_backend_area
                0x00000094        0x0
                0x00000094                        _tracing_backend_list_start = .
 *(SORT_BY_NAME(SORT_BY_ALIGNMENT(._tracing_backend.static.*)))
                0x00000094                        _tracing_backend_list_end = .

zephyr_dbg_info
 *(SORT_BY_ALIGNMENT(.dbg_thread_info))

intc_table_area
                0x00000094        0x0
                0x00000094                        _intc_table_list_start = .
 *(SORT_BY_NAME(SORT_BY_ALIGNMENT(._intc_table.static.*)))
                0x00000094                        _intc_table_list_end = .

symbol_to_keep  0x00000094        0x0
                0x00000094                        __symbol_to_keep_start = .
 *(SORT_BY_NAME(SORT_BY_ALIGNMENT(.symbol_to_keep*)))
                0x00000094                        __symbol_to_keep_end = .

shell_area      0x00000094        0x0
                0x00000094                        _shell_list_start = .
 *(SORT_BY_NAME(SORT_BY_ALIGNMENT(._shell.static.*)))
                0x00000094                        _shell_list_end = .

shell_root_cmds_area
                0x00000094        0x0
                0x00000094                        _shell_root_cmds_list_start = .
 *(SORT_BY_NAME(SORT_BY_ALIGNMENT(._shell_root_cmds.static.*)))
                0x00000094                        _shell_root_cmds_list_end = .

shell_subcmds_area
                0x00000094        0x0
                0x00000094                        _shell_subcmds_list_start = .
 *(SORT_BY_NAME(SORT_BY_ALIGNMENT(._shell_subcmds.static.*)))
                0x00000094                        _shell_subcmds_list_end = .

shell_dynamic_subcmds_area
                0x00000094        0x0
                0x00000094                        _shell_dynamic_subcmds_list_start = .
 *(SORT_BY_NAME(SORT_BY_ALIGNMENT(._shell_dynamic_subcmds.static.*)))
                0x00000094                        _shell_dynamic_subcmds_list_end = .

cfb_font_area   0x00000094        0x0
                0x00000094                        _cfb_font_list_start = .
 *(SORT_BY_NAME(SORT_BY_ALIGNMENT(._cfb_font.static.*)))
                0x00000094                        _cfb_font_list_end = .

rodata

datas

device_states   0x00000094        0x0
                0x00000094                        __device_states_start = .
 *(SORT_BY_ALIGNMENT(.z_devstate))
 *(SORT_BY_ALIGNMENT(.z_devstate.*))
                0x00000094                        __device_states_end = .

log_mpsc_pbuf_area
                0x00000094        0x0
                0x00000094                        _log_mpsc_pbuf_list_start = .
 *(SORT_BY_NAME(SORT_BY_ALIGNMENT(._log_mpsc_pbuf.static.*)))
                0x00000094                        _log_mpsc_pbuf_list_end = .

log_msg_ptr_area
                0x00000094        0x4
                0x00000094                        _log_msg_ptr_list_start = .
 *(SORT_BY_NAME(SORT_BY_ALIGNMENT(._log_msg_ptr.static.*)))
 ._log_msg_ptr.static.log_msg_ptr_
                0x00000094        0x4 zephyr/libzephyr.a(log_core.c.obj)
                0x00000098                        _log_msg_ptr_list_end = .

log_dynamic_area
                0x00000098        0x0
                0x00000098                        _log_dynamic_list_start = .
 *(SORT_BY_NAME(SORT_BY_ALIGNMENT(._log_dynamic.static.*)))
                0x00000098                        _log_dynamic_list_end = .

k_timer_area    0x00000098        0x0
                0x00000098                        _k_timer_list_start = .
 *(SORT_BY_NAME(SORT_BY_ALIGNMENT(._k_timer.static.*)))
                0x00000098                        _k_timer_list_end = .

k_mem_slab_area
                0x00000098        0x0
                0x00000098                        _k_mem_slab_list_start = .
 *(SORT_BY_NAME(SORT_BY_ALIGNMENT(._k_mem_slab.static.*)))
                0x00000098                        _k_mem_slab_list_end = .

k_heap_area     0x00000098        0x0
                0x00000098                        _k_heap_list_start = .
 *(SORT_BY_NAME(SORT_BY_ALIGNMENT(._k_heap.static.*)))
                0x00000098                        _k_heap_list_end = .

k_mutex_area    0x00000098        0x0
                0x00000098                        _k_mutex_list_start = .